-- Install configuration: ""
-- Up-to-date: /home/anxie/vrx_hu501_ws/install/share/hu501urdf/urdf
-- Up-to-date: /home/anxie/vrx_hu501_ws/install/share/hu501urdf/urdf/hu501urdf.urdf
-- Up-to-date: /home/anxie/vrx_hu501_ws/install/share/hu501urdf/urdf/hu501urdf.urdf.xacro
-- Up-to-date: /home/anxie/vrx_hu501_ws/install/share/hu501urdf/urdf/hu501urdf.urdf.orig
-- Up-to-date: /home/anxie/vrx_hu501_ws/install/share/hu501urdf/urdf/hu501urdf.csv
-- Up-to-date: /home/anxie/vrx_hu501_ws/install/share/hu501urdf/meshes
-- Up-to-date: /home/anxie/vrx_hu501_ws/install/share/hu501urdf/meshes/thruster3_Link.STL
-- Up-to-date: /home/anxie/vrx_hu501_ws/install/share/hu501urdf/meshes/thruster4_Link.STL
-- Up-to-date: /home/anxie/vrx_hu501_ws/install/share/hu501urdf/meshes/thruster2_Link.STL
-- Up-to-date: /home/anxie/vrx_hu501_ws/install/share/hu501urdf/meshes/base_link.STL
-- Up-to-date: /home/anxie/vrx_hu501_ws/install/share/hu501urdf/meshes/thruster1_Link.STL
-- Up-to-date: /home/anxie/vrx_hu501_ws/install/share/hu501urdf/launch
-- Up-to-date: /home/anxie/vrx_hu501_ws/install/share/hu501urdf/launch/gazebo.launch
-- Up-to-date: /home/anxie/vrx_hu501_ws/install/share/hu501urdf/launch/display.launch
-- Installing: /home/anxie/vrx_hu501_ws/install/share/hu501urdf/launch/dual.launch.py
-- Up-to-date: /home/anxie/vrx_hu501_ws/install/share/hu501urdf/environment/resource_paths.dsv
-- Up-to-date: /home/anxie/vrx_hu501_ws/install/share/ament_index/resource_index/package_run_dependencies/hu501urdf
-- Up-to-date: /home/anxie/vrx_hu501_ws/install/share/ament_index/resource_index/parent_prefix_path/hu501urdf
-- Up-to-date: /home/anxie/vrx_hu501_ws/install/share/hu501urdf/environment/ament_prefix_path.sh
-- Up-to-date: /home/anxie/vrx_hu501_ws/install/share/hu501urdf/environment/ament_prefix_path.dsv
-- Up-to-date: /home/anxie/vrx_hu501_ws/install/share/hu501urdf/environment/path.sh
-- Up-to-date: /home/anxie/vrx_hu501_ws/install/share/hu501urdf/environment/path.dsv
-- Up-to-date: /home/anxie/vrx_hu501_ws/install/share/hu501urdf/local_setup.bash
-- Up-to-date: /home/anxie/vrx_hu501_ws/install/share/hu501urdf/local_setup.sh
-- Up-to-date: /home/anxie/vrx_hu501_ws/install/share/hu501urdf/local_setup.zsh
-- Up-to-date: /home/anxie/vrx_hu501_ws/install/share/hu501urdf/local_setup.dsv
-- Up-to-date: /home/anxie/vrx_hu501_ws/install/share/hu501urdf/package.dsv
-- Up-to-date: /home/anxie/vrx_hu501_ws/install/share/ament_index/resource_index/packages/hu501urdf
-- Up-to-date: /home/anxie/vrx_hu501_ws/install/share/hu501urdf/cmake/hu501urdfConfig.cmake
-- Up-to-date: /home/anxie/vrx_hu501_ws/install/share/hu501urdf/cmake/hu501urdfConfig-version.cmake
-- Up-to-date: /home/anxie/vrx_hu501_ws/install/share/hu501urdf/package.xml
