Built target ament_cmake_python_copy_vrx_gazebo
running egg_info
writing vrx_gazebo.egg-info/PKG-INFO
writing dependency_links to vrx_gazebo.egg-info/dependency_links.txt
writing top-level names to vrx_gazebo.egg-info/top_level.txt
reading manifest file 'vrx_gazebo.egg-info/SOURCES.txt'
writing manifest file 'vrx_gazebo.egg-info/SOURCES.txt'
Built target ament_cmake_python_build_vrx_gazebo_egg
-- Install configuration: ""
-- Up-to-date: /home/anxie/vrx_hu501_ws/install/share/vrx_gazebo/environment/resource_paths.dsv
-- Up-to-date: /home/anxie/vrx_hu501_ws/install/share/vrx_gazebo/environment/resource_paths.sh
-- Up-to-date: /home/anxie/vrx_hu501_ws/install/share/vrx_gazebo/models
-- Up-to-date: /home/anxie/vrx_hu501_ws/install/share/vrx_gazebo/models/cpu_cases
-- Up-to-date: /home/anxie/vrx_hu501_ws/install/share/vrx_gazebo/models/cpu_cases/model.sdf
-- Up-to-date: /home/anxie/vrx_hu501_ws/install/share/vrx_gazebo/models/cpu_cases/mesh
-- Up-to-date: /home/anxie/vrx_hu501_ws/install/share/vrx_gazebo/models/cpu_cases/mesh/cpu_cases_Albedo.png
-- Up-to-date: /home/anxie/vrx_hu501_ws/install/share/vrx_gazebo/models/cpu_cases/mesh/cpu_cases.png
-- Up-to-date: /home/anxie/vrx_hu501_ws/install/share/vrx_gazebo/models/cpu_cases/mesh/cpu_cases.dae
-- Up-to-date: /home/anxie/vrx_hu501_ws/install/share/vrx_gazebo/models/cpu_cases/mesh/cpu_cases_Metalness.png
-- Up-to-date: /home/anxie/vrx_hu501_ws/install/share/vrx_gazebo/models/cpu_cases/mesh/cpu_cases_Roughness.png
-- Up-to-date: /home/anxie/vrx_hu501_ws/install/share/vrx_gazebo/models/cpu_cases/mesh/cpu_cases_Normal.png
-- Up-to-date: /home/anxie/vrx_hu501_ws/install/share/vrx_gazebo/models/cpu_cases/model.config
-- Up-to-date: /home/anxie/vrx_hu501_ws/install/share/vrx_gazebo/models/mono_camera
-- Up-to-date: /home/anxie/vrx_hu501_ws/install/share/vrx_gazebo/models/mono_camera/model.sdf
-- Up-to-date: /home/anxie/vrx_hu501_ws/install/share/vrx_gazebo/models/mono_camera/mesh
-- Up-to-date: /home/anxie/vrx_hu501_ws/install/share/vrx_gazebo/models/mono_camera/mesh/mono_camera.dae
-- Up-to-date: /home/anxie/vrx_hu501_ws/install/share/vrx_gazebo/models/mono_camera/mesh/mono_camera.png
-- Up-to-date: /home/anxie/vrx_hu501_ws/install/share/vrx_gazebo/models/mono_camera/mesh/mono_camera_Metalness.png
-- Up-to-date: /home/anxie/vrx_hu501_ws/install/share/vrx_gazebo/models/mono_camera/mesh/mono_camera_Normal.png
-- Up-to-date: /home/anxie/vrx_hu501_ws/install/share/vrx_gazebo/models/mono_camera/mesh/mono_camera_Albedo.png
-- Up-to-date: /home/anxie/vrx_hu501_ws/install/share/vrx_gazebo/models/mono_camera/mesh/mono_camera_Roughness.png
-- Up-to-date: /home/anxie/vrx_hu501_ws/install/share/vrx_gazebo/models/mono_camera/model.config
-- Up-to-date: /home/anxie/vrx_hu501_ws/install/share/vrx_gazebo/models/ball_shooter
-- Up-to-date: /home/anxie/vrx_hu501_ws/install/share/vrx_gazebo/models/ball_shooter/meshes
-- Up-to-date: /home/anxie/vrx_hu501_ws/install/share/vrx_gazebo/models/ball_shooter/meshes/Launcher_Albedo.png
-- Up-to-date: /home/anxie/vrx_hu501_ws/install/share/vrx_gazebo/models/ball_shooter/meshes/ball_shooter_base.dae
-- Up-to-date: /home/anxie/vrx_hu501_ws/install/share/vrx_gazebo/models/ball_shooter/meshes/ball_shooter_launcher.dae
-- Up-to-date: /home/anxie/vrx_hu501_ws/install/share/vrx_gazebo/models/ball_shooter/meshes/Launcher_BaseColor.png
-- Up-to-date: /home/anxie/vrx_hu501_ws/install/share/vrx_gazebo/models/ball_shooter/materials
-- Up-to-date: /home/anxie/vrx_hu501_ws/install/share/vrx_gazebo/models/ball_shooter/materials/Textures
-- Up-to-date: /home/anxie/vrx_hu501_ws/install/share/vrx_gazebo/models/ball_shooter/materials/Textures/Launcher_Albedo.png
-- Up-to-date: /home/anxie/vrx_hu501_ws/install/share/vrx_gazebo/models/ball_shooter/materials/Textures/Launcher_Roughness.png
-- Up-to-date: /home/anxie/vrx_hu501_ws/install/share/vrx_gazebo/models/ball_shooter/materials/Textures/Launcher_Metalness.png
-- Up-to-date: /home/anxie/vrx_hu501_ws/install/share/vrx_gazebo/models/ball_shooter/materials/Textures/Launcher_Normal.png
-- Up-to-date: /home/anxie/vrx_hu501_ws/install/share/vrx_gazebo/models/ball_shooter/model.sdf
-- Up-to-date: /home/anxie/vrx_hu501_ws/install/share/vrx_gazebo/models/ball_shooter/model.config
-- Up-to-date: /home/anxie/vrx_hu501_ws/install/share/vrx_gazebo/models/blue_projectile
-- Up-to-date: /home/anxie/vrx_hu501_ws/install/share/vrx_gazebo/models/blue_projectile/model.sdf
-- Up-to-date: /home/anxie/vrx_hu501_ws/install/share/vrx_gazebo/models/blue_projectile/model.config
-- Up-to-date: /home/anxie/vrx_hu501_ws/install/share/vrx_gazebo/models/sensor_post
-- Up-to-date: /home/anxie/vrx_hu501_ws/install/share/vrx_gazebo/models/sensor_post/model.sdf
-- Up-to-date: /home/anxie/vrx_hu501_ws/install/share/vrx_gazebo/models/sensor_post/mesh
-- Up-to-date: /home/anxie/vrx_hu501_ws/install/share/vrx_gazebo/models/sensor_post/mesh/sensor_post.dae
-- Up-to-date: /home/anxie/vrx_hu501_ws/install/share/vrx_gazebo/models/sensor_post/mesh/sensor_post.png
-- Up-to-date: /home/anxie/vrx_hu501_ws/install/share/vrx_gazebo/models/sensor_post/mesh/sensor_post_arm.dae
-- Up-to-date: /home/anxie/vrx_hu501_ws/install/share/vrx_gazebo/models/sensor_post/model.config
-- Up-to-date: /home/anxie/vrx_hu501_ws/install/share/vrx_gazebo/models/3d_lidar
-- Up-to-date: /home/anxie/vrx_hu501_ws/install/share/vrx_gazebo/models/3d_lidar/model.sdf
-- Up-to-date: /home/anxie/vrx_hu501_ws/install/share/vrx_gazebo/models/3d_lidar/mesh
-- Up-to-date: /home/anxie/vrx_hu501_ws/install/share/vrx_gazebo/models/3d_lidar/mesh/3d_Lidar_Normal.png
-- Up-to-date: /home/anxie/vrx_hu501_ws/install/share/vrx_gazebo/models/3d_lidar/mesh/3d_lidar.dae
-- Up-to-date: /home/anxie/vrx_hu501_ws/install/share/vrx_gazebo/models/3d_lidar/mesh/3d_Lidar_Metalness.png
-- Up-to-date: /home/anxie/vrx_hu501_ws/install/share/vrx_gazebo/models/3d_lidar/mesh/3d_Lidar_Albedo.png
-- Up-to-date: /home/anxie/vrx_hu501_ws/install/share/vrx_gazebo/models/3d_lidar/mesh/3d_lidar.png
-- Up-to-date: /home/anxie/vrx_hu501_ws/install/share/vrx_gazebo/models/3d_lidar/mesh/3d_Lidar_Roughness.png
-- Up-to-date: /home/anxie/vrx_hu501_ws/install/share/vrx_gazebo/models/3d_lidar/model.config
-- Up-to-date: /home/anxie/vrx_hu501_ws/install/share/vrx_gazebo/models/battery
-- Up-to-date: /home/anxie/vrx_hu501_ws/install/share/vrx_gazebo/models/battery/model.sdf
-- Up-to-date: /home/anxie/vrx_hu501_ws/install/share/vrx_gazebo/models/battery/mesh
-- Up-to-date: /home/anxie/vrx_hu501_ws/install/share/vrx_gazebo/models/battery/mesh/battery.png
-- Up-to-date: /home/anxie/vrx_hu501_ws/install/share/vrx_gazebo/models/battery/mesh/battery_Albedo.png
-- Up-to-date: /home/anxie/vrx_hu501_ws/install/share/vrx_gazebo/models/battery/mesh/battery_Normal.png
-- Up-to-date: /home/anxie/vrx_hu501_ws/install/share/vrx_gazebo/models/battery/mesh/battery.dae
-- Up-to-date: /home/anxie/vrx_hu501_ws/install/share/vrx_gazebo/models/battery/mesh/battery_Metalness.png
-- Up-to-date: /home/anxie/vrx_hu501_ws/install/share/vrx_gazebo/models/battery/mesh/battery_Roughness.png
-- Up-to-date: /home/anxie/vrx_hu501_ws/install/share/vrx_gazebo/models/battery/model.config
-- Up-to-date: /home/anxie/vrx_hu501_ws/install/share/vrx_gazebo/launch
-- Up-to-date: /home/anxie/vrx_hu501_ws/install/share/vrx_gazebo/launch/generate_wamv.launch.py
-- Up-to-date: /home/anxie/vrx_hu501_ws/install/share/vrx_gazebo/launch/rviz.launch.py
-- Up-to-date: /home/anxie/vrx_hu501_ws/install/share/vrx_gazebo/config
-- Up-to-date: /home/anxie/vrx_hu501_ws/install/share/vrx_gazebo/config/wamv_config
-- Up-to-date: /home/anxie/vrx_hu501_ws/install/share/vrx_gazebo/config/wamv_config/example_component_config.yaml
-- Up-to-date: /home/anxie/vrx_hu501_ws/install/share/vrx_gazebo/config/wamv_config/component_compliance
-- Up-to-date: /home/anxie/vrx_hu501_ws/install/share/vrx_gazebo/config/wamv_config/component_compliance/bounding_boxes.yaml
-- Up-to-date: /home/anxie/vrx_hu501_ws/install/share/vrx_gazebo/config/wamv_config/component_compliance/numeric.yaml
-- Up-to-date: /home/anxie/vrx_hu501_ws/install/share/vrx_gazebo/config/wamv_config/example_thruster_config.yaml
-- Up-to-date: /home/anxie/vrx_hu501_ws/install/share/vrx_gazebo/config/wamv_config/thruster_compliance
-- Up-to-date: /home/anxie/vrx_hu501_ws/install/share/vrx_gazebo/config/wamv_config/thruster_compliance/bounding_boxes.yaml
-- Up-to-date: /home/anxie/vrx_hu501_ws/install/share/vrx_gazebo/config/wamv_config/thruster_compliance/numeric.yaml
-- Up-to-date: /home/anxie/vrx_hu501_ws/install/share/vrx_gazebo/config/rviz_vrx_final.rviz
-- Up-to-date: /home/anxie/vrx_hu501_ws/install/share/vrx_gazebo/config/rviz_vrx_rsp.rviz
-- Up-to-date: /home/anxie/vrx_hu501_ws/install/lib/vrx_gazebo/generate_wamv.py
-- Up-to-date: /home/anxie/vrx_hu501_ws/install/share/vrx_gazebo/environment/pythonpath.sh
-- Up-to-date: /home/anxie/vrx_hu501_ws/install/share/vrx_gazebo/environment/pythonpath.dsv
-- Up-to-date: /home/anxie/vrx_hu501_ws/install/lib/python3.12/site-packages/vrx_gazebo-1.3.0-py3.12.egg-info
-- Installing: /home/anxie/vrx_hu501_ws/install/lib/python3.12/site-packages/vrx_gazebo-1.3.0-py3.12.egg-info/top_level.txt
-- Installing: /home/anxie/vrx_hu501_ws/install/lib/python3.12/site-packages/vrx_gazebo-1.3.0-py3.12.egg-info/SOURCES.txt
-- Installing: /home/anxie/vrx_hu501_ws/install/lib/python3.12/site-packages/vrx_gazebo-1.3.0-py3.12.egg-info/dependency_links.txt
-- Installing: /home/anxie/vrx_hu501_ws/install/lib/python3.12/site-packages/vrx_gazebo-1.3.0-py3.12.egg-info/PKG-INFO
-- Up-to-date: /home/anxie/vrx_hu501_ws/install/lib/python3.12/site-packages/vrx_gazebo
-- Up-to-date: /home/anxie/vrx_hu501_ws/install/lib/python3.12/site-packages/vrx_gazebo/__init__.py
-- Up-to-date: /home/anxie/vrx_hu501_ws/install/lib/python3.12/site-packages/vrx_gazebo/utils.py
-- Up-to-date: /home/anxie/vrx_hu501_ws/install/lib/python3.12/site-packages/vrx_gazebo/compliance.py
-- Up-to-date: /home/anxie/vrx_hu501_ws/install/lib/python3.12/site-packages/vrx_gazebo/configure_wamv.py
Listing '/home/anxie/vrx_hu501_ws/install/lib/python3.12/site-packages/vrx_gazebo'...
-- Up-to-date: /home/anxie/vrx_hu501_ws/install/share/ament_index/resource_index/package_run_dependencies/vrx_gazebo
-- Up-to-date: /home/anxie/vrx_hu501_ws/install/share/ament_index/resource_index/parent_prefix_path/vrx_gazebo
-- Up-to-date: /home/anxie/vrx_hu501_ws/install/share/vrx_gazebo/environment/ament_prefix_path.sh
-- Up-to-date: /home/anxie/vrx_hu501_ws/install/share/vrx_gazebo/environment/ament_prefix_path.dsv
-- Up-to-date: /home/anxie/vrx_hu501_ws/install/share/vrx_gazebo/environment/path.sh
-- Up-to-date: /home/anxie/vrx_hu501_ws/install/share/vrx_gazebo/environment/path.dsv
-- Up-to-date: /home/anxie/vrx_hu501_ws/install/share/vrx_gazebo/local_setup.bash
-- Up-to-date: /home/anxie/vrx_hu501_ws/install/share/vrx_gazebo/local_setup.sh
-- Up-to-date: /home/anxie/vrx_hu501_ws/install/share/vrx_gazebo/local_setup.zsh
-- Up-to-date: /home/anxie/vrx_hu501_ws/install/share/vrx_gazebo/local_setup.dsv
-- Up-to-date: /home/anxie/vrx_hu501_ws/install/share/vrx_gazebo/package.dsv
-- Up-to-date: /home/anxie/vrx_hu501_ws/install/share/ament_index/resource_index/packages/vrx_gazebo
-- Up-to-date: /home/anxie/vrx_hu501_ws/install/share/vrx_gazebo/cmake/vrx_gazeboConfig.cmake
-- Up-to-date: /home/anxie/vrx_hu501_ws/install/share/vrx_gazebo/cmake/vrx_gazeboConfig-version.cmake
-- Up-to-date: /home/anxie/vrx_hu501_ws/install/share/vrx_gazebo/package.xml
