-- The C compiler identification is GNU 13.3.0
-- The CXX compiler identification is GNU 13.3.0
-- Detecting C compiler ABI info
-- Detecting C compiler ABI info - done
-- Check for working C compiler: /usr/bin/cc - skipped
-- Detecting C compile features
-- Detecting C compile features - done
-- Detecting CXX compiler ABI info
-- Detecting CXX compiler ABI info - done
-- Check for working CXX compiler: /usr/bin/c++ - skipped
-- Detecting CXX compile features
-- Detecting CXX compile features - done
-- Performing Test COMPILER_SUPPORTS_CXX17
-- Performing Test COMPILER_SUPPORTS_CXX17 - Success
-- Found ament_cmake: 2.5.6 (/opt/ros/jazzy/share/ament_cmake/cmake)
-- Found Python3: /usr/bin/python3 (found version "3.12.3") found components: Interpreter 
-- Looking for gz-sim8 -- found version 8.15.0
-- Searching for dependencies of gz-sim8
-- Looking for sdformat14 -- found version 14.9.0
-- Searching for dependencies of sdformat14
-- Checking for module 'tinyxml2'
--   Found tinyxml2, version 10.0.0
-- Looking for gz-math7 -- found version 7.7.0
-- Searching for dependencies of gz-math7
-- Looking for gz-utils2 -- found version 2.2.1
-- Searching for dependencies of gz-utils2
-- Looking for gz-utils2 -- found version 2.2.1
-- Searching for dependencies of gz-utils2
-- Searching for <gz-utils2> component [cli]
-- Looking for gz-utils2-cli -- found version 2.2.1
-- Searching for dependencies of gz-utils2-cli
-- Looking for gz-plugin2 -- found version 2.0.4
-- Searching for dependencies of gz-plugin2
-- Looking for gz-utils2 -- found version 2.2.1
-- Searching for <gz-plugin2> component [loader]
-- Looking for gz-plugin2-loader -- found version 2.0.4
-- Searching for dependencies of gz-plugin2-loader
-- Searching for <gz-plugin2> component [register]
-- Looking for gz-plugin2-register -- found version 2.0.4
-- Searching for dependencies of gz-plugin2-register
-- Looking for gz-transport13 -- found version 13.6.0
-- Searching for dependencies of gz-transport13
-- Found Protobuf: /usr/lib/x86_64-linux-gnu/libprotobuf.so (found version "3.21.12") 
-- Config-file not installed for ZeroMQ -- checking for pkg-config
-- Checking for module 'libzmq >= 4'
--   Found libzmq, version 4.3.5
-- Found ZeroMQ: TRUE (Required is at least version "4") 
-- Checking for module 'uuid'
--   Found uuid, version 2.39.3
-- Found UUID: TRUE  
-- Looking for gz-utils2 -- found version 2.2.1
-- Looking for gz-msgs10 -- found version 10.4.0
-- Searching for dependencies of gz-msgs10
-- Looking for gz-utils2 -- found version 2.2.1
-- Looking for gz-math7 -- found version 7.7.0
-- Searching for <gz-transport13> component [log]
-- Looking for gz-transport13-log -- found version 13.6.0
-- Searching for dependencies of gz-transport13-log
-- Searching for <gz-transport13> component [parameters]
-- Looking for gz-transport13-parameters -- found version 13.6.0
-- Searching for dependencies of gz-transport13-parameters
-- Looking for gz-msgs10 -- found version 10.4.0
-- Looking for gz-common5 -- found version 5.9.0
-- Searching for dependencies of gz-common5
-- Looking for gz-utils2 -- found version 2.2.1
-- Looking for dlfcn.h - found
-- Looking for libdl - found
-- Found DL: TRUE  
-- Searching for <gz-common5> component [av]
-- Looking for gz-common5-av -- found version 5.9.0
-- Searching for dependencies of gz-common5-av
-- Checking for module 'libswscale'
--   Found libswscale, version 7.5.100
-- Found SWSCALE: TRUE  
-- Checking for module 'libavdevice >= 56.4.100'
--   Found libavdevice, version 60.3.100
-- Found AVDEVICE: TRUE (Required is at least version "56.4.100") 
-- Checking for module 'libavformat'
--   Found libavformat, version 60.16.100
-- Found AVFORMAT: TRUE  
-- Checking for module 'libavcodec'
--   Found libavcodec, version 60.31.102
-- Found AVCODEC: TRUE  
-- Checking for module 'libavutil'
--   Found libavutil, version 58.29.100
-- Found AVUTIL: TRUE  
-- Searching for <gz-common5> component [events]
-- Looking for gz-common5-events -- found version 5.9.0
-- Searching for dependencies of gz-common5-events
-- Looking for gz-math7 -- found version 7.7.0
-- Searching for <gz-common5> component [graphics]
-- Looking for gz-common5-graphics -- found version 5.9.0
-- Searching for dependencies of gz-common5-graphics
-- Looking for gz-math7 -- found version 7.7.0
-- Found GzAssimp: TRUE (found version "5.3.0") 
-- Searching for <gz-common5> component [io]
-- Looking for gz-common5-io -- found version 5.9.0
-- Searching for dependencies of gz-common5-io
-- Searching for <gz-common5> component [profiler]
-- Looking for gz-common5-profiler -- found version 5.9.0
-- Searching for dependencies of gz-common5-profiler
-- Looking for gz-fuel_tools9 -- found version 9.1.1
-- Searching for dependencies of gz-fuel_tools9
-- Found CURL: /usr/lib/x86_64-linux-gnu/libcurl.so (found version "8.5.0")  
-- Checking for module 'jsoncpp'
--   Found jsoncpp, version 1.9.5
-- Found JSONCPP: TRUE  
-- Checking for module 'yaml-0.1'
--   Found yaml-0.1, version 0.2.5
-- Found YAML: TRUE  
-- Checking for module 'libzip'
--   Found libzip, version 1.7.3
-- Found ZIP: TRUE  
-- Looking for gz-utils2 -- found version 2.2.1
-- Looking for gz-common5 -- found version 5.9.0
-- Searching for dependencies of gz-common5
-- Looking for gz-utils2 -- found version 2.2.1
-- Looking for dlfcn.h - found
-- Looking for libdl - found
-- Searching for <gz-common5> component [testing]
-- Looking for gz-common5-testing -- found version 5.9.0
-- Searching for dependencies of gz-common5-testing
-- Looking for gz-math7 -- found version 7.7.0
-- Looking for gz-msgs10 -- found version 10.4.0
-- Looking for gz-gui8 -- found version 8.4.0
-- Searching for dependencies of gz-gui8
-- Looking for gz-utils2 -- found version 2.2.1
-- Looking for gz-math7 -- found version 7.7.0
-- Looking for gz-common5 -- found version 5.9.0
-- Looking for gz-plugin2 -- found version 2.0.4
-- Looking for gz-transport13 -- found version 13.6.0
-- Looking for gz-rendering8 -- found version 8.2.3
-- Searching for dependencies of gz-rendering8
-- Looking for gz-math7 -- found version 7.7.0
-- Searching for dependencies of gz-math7
-- Looking for gz-utils2 -- found version 2.2.1
-- Searching for <gz-math7> component [eigen3]
-- Looking for gz-math7-eigen3 -- found version 7.7.0
-- Searching for dependencies of gz-math7-eigen3
-- Looking for gz-common5 -- found version 5.9.0
-- Searching for dependencies of gz-common5
-- Looking for gz-utils2 -- found version 2.2.1
-- Looking for dlfcn.h - found
-- Looking for libdl - found
-- Searching for <gz-common5> component [graphics]
-- Searching for <gz-common5> component [events]
-- Searching for <gz-common5> component [geospatial]
-- Looking for gz-common5-geospatial -- found version 5.9.0
-- Searching for dependencies of gz-common5-geospatial
-- Looking for gz-math7 -- found version 7.7.0
-- Looking for gz-common5 -- found version 5.9.0
-- Looking for gz-plugin2 -- found version 2.0.4
-- Searching for dependencies of gz-plugin2
-- Looking for gz-utils2 -- found version 2.2.1
-- Searching for <gz-plugin2> component [all]
-- Looking for all libraries of gz-plugin2 -- found version 2.0.4
-- Looking for gz-plugin2 -- found version 2.0.4
-- Looking for gz-utils2 -- found version 2.2.1
-- Found OpenGL: /usr/lib/x86_64-linux-gnu/libOpenGL.so  found components: OpenGL 
-- Looking for gz-msgs10 -- found version 10.4.0
-- Looking for gz-physics7 -- found version 7.8.0
-- Searching for dependencies of gz-physics7
-- Looking for gz-common5 -- found version 5.9.0
-- Looking for gz-math7 -- found version 7.7.0
-- Looking for gz-plugin2 -- found version 2.0.4
-- Looking for gz-utils2 -- found version 2.2.1
-- Searching for <gz-physics7> component [heightmap]
-- Looking for gz-physics7-heightmap -- found version 7.8.0
-- Searching for dependencies of gz-physics7-heightmap
-- Looking for gz-common5 -- found version 5.9.0
-- Searching for <gz-physics7> component [mesh]
-- Looking for gz-physics7-mesh -- found version 7.8.0
-- Searching for dependencies of gz-physics7-mesh
-- Looking for gz-common5 -- found version 5.9.0
-- Searching for <gz-physics7> component [sdf]
-- Looking for gz-physics7-sdf -- found version 7.8.0
-- Searching for dependencies of gz-physics7-sdf
-- Looking for sdformat14 -- found version 14.9.0
-- Looking for gz-sensors8 -- found version 8.2.2
-- Searching for dependencies of gz-sensors8
-- Looking for gz-math7 -- found version 7.7.0
-- Looking for gz-common5 -- found version 5.9.0
-- Looking for gz-transport13 -- found version 13.6.0
-- Looking for gz-rendering8 -- found version 8.2.3
-- Looking for gz-msgs10 -- found version 10.4.0
-- Looking for sdformat14 -- found version 14.9.0
-- Searching for <gz-sensors8> component [air_pressure]
-- Looking for gz-sensors8-air_pressure -- found version 8.2.2
-- Searching for dependencies of gz-sensors8-air_pressure
-- Searching for <gz-sensors8> component [air_speed]
-- Looking for gz-sensors8-air_speed -- found version 8.2.2
-- Searching for dependencies of gz-sensors8-air_speed
-- Searching for <gz-sensors8> component [altimeter]
-- Looking for gz-sensors8-altimeter -- found version 8.2.2
-- Searching for dependencies of gz-sensors8-altimeter
-- Searching for <gz-sensors8> component [imu]
-- Looking for gz-sensors8-imu -- found version 8.2.2
-- Searching for dependencies of gz-sensors8-imu
-- Searching for <gz-sensors8> component [force_torque]
-- Looking for gz-sensors8-force_torque -- found version 8.2.2
-- Searching for dependencies of gz-sensors8-force_torque
-- Searching for <gz-sensors8> component [logical_camera]
-- Looking for gz-sensors8-logical_camera -- found version 8.2.2
-- Searching for dependencies of gz-sensors8-logical_camera
-- Searching for <gz-sensors8> component [magnetometer]
-- Looking for gz-sensors8-magnetometer -- found version 8.2.2
-- Searching for dependencies of gz-sensors8-magnetometer
-- Searching for <gz-sensors8> component [navsat]
-- Looking for gz-sensors8-navsat -- found version 8.2.2
-- Searching for dependencies of gz-sensors8-navsat
-- Searching for <gz-sensors8> component [dvl]
-- Looking for gz-sensors8-dvl -- found version 8.2.2
-- Searching for dependencies of gz-sensors8-dvl
-- Looking for gz-sensors8 -- found version 8.2.2
-- Searching for dependencies of gz-sensors8
-- Looking for gz-math7 -- found version 7.7.0
-- Looking for gz-common5 -- found version 5.9.0
-- Looking for gz-transport13 -- found version 13.6.0
-- Looking for gz-rendering8 -- found version 8.2.3
-- Looking for gz-msgs10 -- found version 10.4.0
-- Looking for sdformat14 -- found version 14.9.0
-- Searching for <gz-sensors8> component [rendering]
-- Looking for gz-sensors8-rendering -- found version 8.2.2
-- Searching for dependencies of gz-sensors8-rendering
-- Searching for <gz-sensors8> component [rendering]
-- Searching for <gz-sensors8> component [lidar]
-- Looking for gz-sensors8-lidar -- found version 8.2.2
-- Searching for dependencies of gz-sensors8-lidar
-- Looking for gz-sensors8 -- found version 8.2.2
-- Searching for <gz-sensors8> component [gpu_lidar]
-- Looking for gz-sensors8-gpu_lidar -- found version 8.2.2
-- Searching for dependencies of gz-sensors8-gpu_lidar
-- Looking for gz-sensors8 -- found version 8.2.2
-- Searching for <gz-sensors8> component [camera]
-- Looking for gz-sensors8-camera -- found version 8.2.2
-- Searching for dependencies of gz-sensors8-camera
-- Looking for gz-sensors8 -- found version 8.2.2
-- Searching for <gz-sensors8> component [boundingbox_camera]
-- Looking for gz-sensors8-boundingbox_camera -- found version 8.2.2
-- Searching for dependencies of gz-sensors8-boundingbox_camera
-- Searching for <gz-sensors8> component [segmentation_camera]
-- Looking for gz-sensors8-segmentation_camera -- found version 8.2.2
-- Searching for dependencies of gz-sensors8-segmentation_camera
-- Searching for <gz-sensors8> component [depth_camera]
-- Looking for gz-sensors8-depth_camera -- found version 8.2.2
-- Searching for dependencies of gz-sensors8-depth_camera
-- Looking for gz-sensors8 -- found version 8.2.2
-- Searching for <gz-sensors8> component [rgbd_camera]
-- Looking for gz-sensors8-rgbd_camera -- found version 8.2.2
-- Searching for dependencies of gz-sensors8-rgbd_camera
-- Looking for gz-sensors8 -- found version 8.2.2
-- Searching for <gz-sensors8> component [thermal_camera]
-- Looking for gz-sensors8-thermal_camera -- found version 8.2.2
-- Searching for dependencies of gz-sensors8-thermal_camera
-- Looking for gz-sensors8 -- found version 8.2.2
-- Searching for <gz-sensors8> component [wide_angle_camera]
-- Looking for gz-sensors8-wide_angle_camera -- found version 8.2.2
-- Searching for dependencies of gz-sensors8-wide_angle_camera
-- Looking for gz-rendering8 -- found version 8.2.3
-- Looking for gz-math7 -- found version 7.7.0
-- Looking for gz-utils2 -- found version 2.2.1
-- Looking for gz-common5 -- found version 5.9.0
-- Looking for gz-fuel_tools9 -- found version 9.1.1
-- Looking for gz-math7 -- found version 7.7.0
-- Looking for gz-msgs10 -- found version 10.4.0
-- Looking for gz-transport13 -- found version 13.6.0
-- Looking for gz-plugin2 -- found version 2.0.4
-- Looking for gz-rendering8 -- found version 8.2.3
-- Looking for gz-sensors8 -- found version 8.2.2
-- Looking for gz-utils2 -- found version 2.2.1
-- Looking for sdformat14 -- found version 14.9.0
-- Found std_msgs: 5.3.8 (/opt/ros/jazzy/share/std_msgs/cmake)
-- Found rosidl_generator_c: 4.6.9 (/opt/ros/jazzy/share/rosidl_generator_c/cmake)
-- Found rosidl_generator_cpp: 4.6.9 (/opt/ros/jazzy/share/rosidl_generator_cpp/cmake)
-- Using all available rosidl_typesupport_c: rosidl_typesupport_fastrtps_c;rosidl_typesupport_introspection_c
-- Using all available rosidl_typesupport_cpp: rosidl_typesupport_fastrtps_cpp;rosidl_typesupport_introspection_cpp
-- Configuring done (1.6s)
-- Generating done (0.1s)
-- Build files have been written to: /home/anxie/vrx_hu501_ws/build/vrx_gz
[  2%] [32mBuilding CXX object CMakeFiles/Waves.dir/src/Wavefield.cc.o[0m
[  4%] [32mBuilding CXX object CMakeFiles/ScoringPlugin.dir/src/ScoringPlugin.cc.o[0m
[  4%] Built target ament_cmake_python_copy_vrx_gz
running egg_info
creating vrx_gz.egg-info
writing vrx_gz.egg-info/PKG-INFO
writing dependency_links to vrx_gz.egg-info/dependency_links.txt
writing top-level names to vrx_gz.egg-info/top_level.txt
writing manifest file 'vrx_gz.egg-info/SOURCES.txt'
reading manifest file 'vrx_gz.egg-info/SOURCES.txt'
writing manifest file 'vrx_gz.egg-info/SOURCES.txt'
[  4%] Built target ament_cmake_python_build_vrx_gz_egg
[  6%] [32m[1mLinking CXX shared library libWaves.so[0m
[  6%] Built target Waves
[  8%] [32mBuilding CXX object CMakeFiles/PolyhedraBuoyancyDrag.dir/src/PolyhedraBuoyancyDrag.cc.o[0m
[ 12%] [32mBuilding CXX object CMakeFiles/PolyhedraBuoyancyDrag.dir/src/ShapeVolume.cc.o[0m
[ 12%] [32mBuilding CXX object CMakeFiles/PolyhedraBuoyancyDrag.dir/src/PolyhedronVolume.cc.o[0m
[ 14%] [32m[1mLinking CXX shared library libScoringPlugin.so[0m
[ 14%] Built target ScoringPlugin
[ 18%] [32mBuilding CXX object CMakeFiles/GymkhanaScoringPlugin.dir/src/GymkhanaScoringPlugin.cc.o[0m
[ 18%] [32mBuilding CXX object CMakeFiles/WayfindingScoringPlugin.dir/src/WayfindingScoringPlugin.cc.o[0m
[ 22%] [32mBuilding CXX object CMakeFiles/AcousticTrackingScoringPlugin.dir/src/AcousticTrackingScoringPlugin.cc.o[0m
[ 22%] [32mBuilding CXX object CMakeFiles/ScanDockScoringPlugin.dir/src/ScanDockScoringPlugin.cc.o[0m
[ 25%] [32mBuilding CXX object CMakeFiles/NavigationScoringPlugin.dir/src/NavigationScoringPlugin.cc.o[0m
[ 27%] [32mBuilding CXX object CMakeFiles/AcousticPingerPlugin.dir/src/AcousticPingerPlugin.cc.o[0m
[ 29%] [32mBuilding CXX object CMakeFiles/BallShooterPlugin.dir/src/BallShooterPlugin.cc.o[0m
[ 31%] [32mBuilding CXX object CMakeFiles/AcousticPerceptionScoringPlugin.dir/src/AcousticPerceptionScoringPlugin.cc.o[0m
[ 33%] [32mBuilding CXX object CMakeFiles/LightBuoyPlugin.dir/src/LightBuoyPlugin.cc.o[0m
[ 35%] [32mBuilding CXX object CMakeFiles/PublisherPlugin.dir/src/PublisherPlugin.cc.o[0m
[ 37%] [32mBuilding CXX object CMakeFiles/PlacardPlugin.dir/src/PlacardPlugin.cc.o[0m
[ 39%] [32mBuilding CXX object CMakeFiles/PerceptionScoringPlugin.dir/src/PerceptionScoringPlugin.cc.o[0m
[ 41%] [32mBuilding CXX object CMakeFiles/SimpleHydrodynamics.dir/src/SimpleHydrodynamics.cc.o[0m
[ 43%] [32mBuilding CXX object CMakeFiles/StationkeepingScoringPlugin.dir/src/StationkeepingScoringPlugin.cc.o[0m
[ 45%] [32mBuilding CXX object CMakeFiles/StationkeepingScoringPlugin.dir/src/WaypointMarkers.cc.o[0m
[ 47%] [32m[1mLinking CXX shared library libPublisherPlugin.so[0m
[ 47%] Built target PublisherPlugin
[ 50%] [32mBuilding CXX object CMakeFiles/AcousticTrackingScoringPlugin.dir/src/WaypointMarkers.cc.o[0m
[ 52%] [32mBuilding CXX object CMakeFiles/AcousticPerceptionScoringPlugin.dir/src/WaypointMarkers.cc.o[0m
[ 54%] [32m[1mLinking CXX shared library libLightBuoyPlugin.so[0m
[ 54%] Built target LightBuoyPlugin
[ 56%] [32mBuilding CXX object CMakeFiles/Surface.dir/src/Surface.cc.o[0m
[ 58%] [32m[1mLinking CXX shared library libGymkhanaScoringPlugin.so[0m
[ 60%] [32m[1mLinking CXX shared library libPolyhedraBuoyancyDrag.so[0m
[ 60%] Built target GymkhanaScoringPlugin
[ 62%] [32mBuilding CXX object CMakeFiles/WayfindingScoringPlugin.dir/src/WaypointMarkers.cc.o[0m
[ 62%] Built target PolyhedraBuoyancyDrag
[ 64%] [32mBuilding CXX object CMakeFiles/USVWind.dir/src/USVWind.cc.o[0m
[ 66%] [32m[1mLinking CXX shared library libSimpleHydrodynamics.so[0m
[ 66%] Built target SimpleHydrodynamics
[ 68%] [32mBuilding CXX object CMakeFiles/WaveVisual.dir/src/WaveVisual.cc.o[0m
[ 70%] [32m[1mLinking CXX shared library libPlacardPlugin.so[0m
[ 72%] [32m[1mLinking CXX shared library libAcousticPingerPlugin.so[0m
[ 72%] Built target PlacardPlugin
[ 75%] [32mBuilding CXX object CMakeFiles/WildlifeScoringPlugin.dir/src/WildlifeScoringPlugin.cc.o[0m
[ 75%] Built target AcousticPingerPlugin
[ 77%] [32m[1mLinking CXX shared library libNavigationScoringPlugin.so[0m
[ 79%] [32m[1mLinking CXX shared library libPerceptionScoringPlugin.so[0m
[ 79%] Built target NavigationScoringPlugin
[ 79%] Built target PerceptionScoringPlugin
[ 81%] [32m[1mLinking CXX shared library libBallShooterPlugin.so[0m
[ 83%] [32m[1mLinking CXX shared library libScanDockScoringPlugin.so[0m
[ 83%] Built target BallShooterPlugin
[ 85%] [32m[1mLinking CXX shared library libAcousticPerceptionScoringPlugin.so[0m
[ 87%] [32m[1mLinking CXX shared library libStationkeepingScoringPlugin.so[0m
[ 87%] Built target ScanDockScoringPlugin
[ 87%] Built target AcousticPerceptionScoringPlugin
[ 87%] Built target StationkeepingScoringPlugin
[ 89%] [32m[1mLinking CXX shared library libAcousticTrackingScoringPlugin.so[0m
[ 89%] Built target AcousticTrackingScoringPlugin
[ 91%] [32m[1mLinking CXX shared library libWayfindingScoringPlugin.so[0m
[ 91%] Built target WayfindingScoringPlugin
[ 93%] [32m[1mLinking CXX shared library libSurface.so[0m
[ 93%] Built target Surface
[ 95%] [32m[1mLinking CXX shared library libUSVWind.so[0m
[ 95%] Built target USVWind
[ 97%] [32m[1mLinking CXX shared library libWildlifeScoringPlugin.so[0m
[100%] [32m[1mLinking CXX shared library libWaveVisual.so[0m
[100%] Built target WildlifeScoringPlugin
[100%] Built target WaveVisual
-- Install configuration: ""
-- Installing: /home/anxie/vrx_hu501_ws/install/share/vrx_gz/environment/resource_paths.dsv
-- Installing: /home/anxie/vrx_hu501_ws/install/share/vrx_gz/environment/resource_paths.sh
-- Installing: /home/anxie/vrx_hu501_ws/install/lib/libWaves.so
-- Set non-toolchain portion of runtime path of "/home/anxie/vrx_hu501_ws/install/lib/libWaves.so" to ""
-- Installing: /home/anxie/vrx_hu501_ws/install/lib/libPolyhedraBuoyancyDrag.so
-- Set non-toolchain portion of runtime path of "/home/anxie/vrx_hu501_ws/install/lib/libPolyhedraBuoyancyDrag.so" to ""
-- Installing: /home/anxie/vrx_hu501_ws/install/lib/libScoringPlugin.so
-- Set non-toolchain portion of runtime path of "/home/anxie/vrx_hu501_ws/install/lib/libScoringPlugin.so" to ""
-- Installing: /home/anxie/vrx_hu501_ws/install/lib/libStationkeepingScoringPlugin.so
-- Set non-toolchain portion of runtime path of "/home/anxie/vrx_hu501_ws/install/lib/libStationkeepingScoringPlugin.so" to ""
-- Installing: /home/anxie/vrx_hu501_ws/install/lib/libWayfindingScoringPlugin.so
-- Set non-toolchain portion of runtime path of "/home/anxie/vrx_hu501_ws/install/lib/libWayfindingScoringPlugin.so" to ""
-- Installing: /home/anxie/vrx_hu501_ws/install/lib/libAcousticPerceptionScoringPlugin.so
-- Set non-toolchain portion of runtime path of "/home/anxie/vrx_hu501_ws/install/lib/libAcousticPerceptionScoringPlugin.so" to ""
-- Installing: /home/anxie/vrx_hu501_ws/install/lib/libAcousticTrackingScoringPlugin.so
-- Set non-toolchain portion of runtime path of "/home/anxie/vrx_hu501_ws/install/lib/libAcousticTrackingScoringPlugin.so" to ""
-- Installing: /home/anxie/vrx_hu501_ws/install/lib/libAcousticPingerPlugin.so
-- Set non-toolchain portion of runtime path of "/home/anxie/vrx_hu501_ws/install/lib/libAcousticPingerPlugin.so" to ""
-- Installing: /home/anxie/vrx_hu501_ws/install/lib/libBallShooterPlugin.so
-- Set non-toolchain portion of runtime path of "/home/anxie/vrx_hu501_ws/install/lib/libBallShooterPlugin.so" to ""
-- Installing: /home/anxie/vrx_hu501_ws/install/lib/libLightBuoyPlugin.so
-- Set non-toolchain portion of runtime path of "/home/anxie/vrx_hu501_ws/install/lib/libLightBuoyPlugin.so" to ""
-- Installing: /home/anxie/vrx_hu501_ws/install/lib/libNavigationScoringPlugin.so
-- Set non-toolchain portion of runtime path of "/home/anxie/vrx_hu501_ws/install/lib/libNavigationScoringPlugin.so" to ""
-- Installing: /home/anxie/vrx_hu501_ws/install/lib/libGymkhanaScoringPlugin.so
-- Set non-toolchain portion of runtime path of "/home/anxie/vrx_hu501_ws/install/lib/libGymkhanaScoringPlugin.so" to ""
-- Installing: /home/anxie/vrx_hu501_ws/install/lib/libPerceptionScoringPlugin.so
-- Set non-toolchain portion of runtime path of "/home/anxie/vrx_hu501_ws/install/lib/libPerceptionScoringPlugin.so" to ""
-- Installing: /home/anxie/vrx_hu501_ws/install/lib/libPlacardPlugin.so
-- Set non-toolchain portion of runtime path of "/home/anxie/vrx_hu501_ws/install/lib/libPlacardPlugin.so" to ""
-- Installing: /home/anxie/vrx_hu501_ws/install/lib/libPublisherPlugin.so
-- Set non-toolchain portion of runtime path of "/home/anxie/vrx_hu501_ws/install/lib/libPublisherPlugin.so" to ""
-- Installing: /home/anxie/vrx_hu501_ws/install/lib/libScanDockScoringPlugin.so
-- Set non-toolchain portion of runtime path of "/home/anxie/vrx_hu501_ws/install/lib/libScanDockScoringPlugin.so" to ""
-- Installing: /home/anxie/vrx_hu501_ws/install/lib/libSimpleHydrodynamics.so
-- Set non-toolchain portion of runtime path of "/home/anxie/vrx_hu501_ws/install/lib/libSimpleHydrodynamics.so" to ""
-- Installing: /home/anxie/vrx_hu501_ws/install/lib/libSurface.so
-- Set non-toolchain portion of runtime path of "/home/anxie/vrx_hu501_ws/install/lib/libSurface.so" to ""
-- Installing: /home/anxie/vrx_hu501_ws/install/lib/libUSVWind.so
-- Set non-toolchain portion of runtime path of "/home/anxie/vrx_hu501_ws/install/lib/libUSVWind.so" to ""
-- Installing: /home/anxie/vrx_hu501_ws/install/lib/libWaveVisual.so
-- Set non-toolchain portion of runtime path of "/home/anxie/vrx_hu501_ws/install/lib/libWaveVisual.so" to ""
-- Installing: /home/anxie/vrx_hu501_ws/install/lib/libWildlifeScoringPlugin.so
-- Set non-toolchain portion of runtime path of "/home/anxie/vrx_hu501_ws/install/lib/libWildlifeScoringPlugin.so" to ""
-- Installing: /home/anxie/vrx_hu501_ws/install/share/vrx_gz/environment/pythonpath.sh
-- Installing: /home/anxie/vrx_hu501_ws/install/share/vrx_gz/environment/pythonpath.dsv
-- Installing: /home/anxie/vrx_hu501_ws/install/lib/python3.12/site-packages/vrx_gz-0.0.0-py3.12.egg-info
-- Installing: /home/anxie/vrx_hu501_ws/install/lib/python3.12/site-packages/vrx_gz-0.0.0-py3.12.egg-info/top_level.txt
-- Installing: /home/anxie/vrx_hu501_ws/install/lib/python3.12/site-packages/vrx_gz-0.0.0-py3.12.egg-info/SOURCES.txt
-- Installing: /home/anxie/vrx_hu501_ws/install/lib/python3.12/site-packages/vrx_gz-0.0.0-py3.12.egg-info/dependency_links.txt
-- Installing: /home/anxie/vrx_hu501_ws/install/lib/python3.12/site-packages/vrx_gz-0.0.0-py3.12.egg-info/PKG-INFO
-- Installing: /home/anxie/vrx_hu501_ws/install/lib/python3.12/site-packages/vrx_gz
-- Installing: /home/anxie/vrx_hu501_ws/install/lib/python3.12/site-packages/vrx_gz/model.py
-- Installing: /home/anxie/vrx_hu501_ws/install/lib/python3.12/site-packages/vrx_gz/launch.py
-- Installing: /home/anxie/vrx_hu501_ws/install/lib/python3.12/site-packages/vrx_gz/__init__.py
-- Installing: /home/anxie/vrx_hu501_ws/install/lib/python3.12/site-packages/vrx_gz/bridges.py
-- Installing: /home/anxie/vrx_hu501_ws/install/lib/python3.12/site-packages/vrx_gz/bridge.py
-- Installing: /home/anxie/vrx_hu501_ws/install/lib/python3.12/site-packages/vrx_gz/payload_bridges.py
Listing '/home/anxie/vrx_hu501_ws/install/lib/python3.12/site-packages/vrx_gz'...
Compiling '/home/anxie/vrx_hu501_ws/install/lib/python3.12/site-packages/vrx_gz/__init__.py'...
Compiling '/home/anxie/vrx_hu501_ws/install/lib/python3.12/site-packages/vrx_gz/bridge.py'...
Compiling '/home/anxie/vrx_hu501_ws/install/lib/python3.12/site-packages/vrx_gz/bridges.py'...
Compiling '/home/anxie/vrx_hu501_ws/install/lib/python3.12/site-packages/vrx_gz/launch.py'...
Compiling '/home/anxie/vrx_hu501_ws/install/lib/python3.12/site-packages/vrx_gz/model.py'...
Compiling '/home/anxie/vrx_hu501_ws/install/lib/python3.12/site-packages/vrx_gz/payload_bridges.py'...
-- Installing: /home/anxie/vrx_hu501_ws/install/share/vrx_gz/config
-- Installing: /home/anxie/vrx_hu501_ws/install/share/vrx_gz/config/roboboat.yaml
-- Installing: /home/anxie/vrx_hu501_ws/install/share/vrx_gz/config/wamv.yaml
-- Installing: /home/anxie/vrx_hu501_ws/install/share/vrx_gz/launch
-- Installing: /home/anxie/vrx_hu501_ws/install/share/vrx_gz/launch/vrx_environment.launch.py
-- Installing: /home/anxie/vrx_hu501_ws/install/share/vrx_gz/launch/spawn.launch.py
-- Installing: /home/anxie/vrx_hu501_ws/install/share/vrx_gz/launch/competition.launch.py
-- Installing: /home/anxie/vrx_hu501_ws/install/share/vrx_gz/launch/usv_joy_teleop.py
-- Installing: /home/anxie/vrx_hu501_ws/install/share/vrx_gz/launch/spawn_config.launch.py
-- Installing: /home/anxie/vrx_hu501_ws/install/share/vrx_gz/models
-- Installing: /home/anxie/vrx_hu501_ws/install/share/vrx_gz/models/dock_block_4x4
-- Installing: /home/anxie/vrx_hu501_ws/install/share/vrx_gz/models/dock_block_4x4/model.sdf
-- Installing: /home/anxie/vrx_hu501_ws/install/share/vrx_gz/models/dock_block_4x4/mesh
-- Installing: /home/anxie/vrx_hu501_ws/install/share/vrx_gz/models/dock_block_4x4/mesh/DockCubes_Albedo.png
-- Installing: /home/anxie/vrx_hu501_ws/install/share/vrx_gz/models/dock_block_4x4/mesh/DockCubes_Roughness.png
-- Installing: /home/anxie/vrx_hu501_ws/install/share/vrx_gz/models/dock_block_4x4/mesh/DockCubes_Normal.png
-- Installing: /home/anxie/vrx_hu501_ws/install/share/vrx_gz/models/dock_block_4x4/mesh/dock_block_4x4.dae
-- Installing: /home/anxie/vrx_hu501_ws/install/share/vrx_gz/models/dock_block_4x4/mesh/DockCubes_Metalness.png
-- Installing: /home/anxie/vrx_hu501_ws/install/share/vrx_gz/models/dock_block_4x4/model.config
-- Installing: /home/anxie/vrx_hu501_ws/install/share/vrx_gz/models/short_navigation_course_5
-- Installing: /home/anxie/vrx_hu501_ws/install/share/vrx_gz/models/short_navigation_course_5/model.sdf
-- Installing: /home/anxie/vrx_hu501_ws/install/share/vrx_gz/models/short_navigation_course_5/model.config
-- Installing: /home/anxie/vrx_hu501_ws/install/share/vrx_gz/models/robotx_light_buoy_rgb
-- Installing: /home/anxie/vrx_hu501_ws/install/share/vrx_gz/models/robotx_light_buoy_rgb/model.sdf
-- Installing: /home/anxie/vrx_hu501_ws/install/share/vrx_gz/models/robotx_light_buoy_rgb/mesh
-- Installing: /home/anxie/vrx_hu501_ws/install/share/vrx_gz/models/robotx_light_buoy_rgb/mesh/LightTower_Roughness.png
-- Installing: /home/anxie/vrx_hu501_ws/install/share/vrx_gz/models/robotx_light_buoy_rgb/mesh/LightTower_Albedo.png
-- Installing: /home/anxie/vrx_hu501_ws/install/share/vrx_gz/models/robotx_light_buoy_rgb/mesh/LightTower_Opacity.png
-- Installing: /home/anxie/vrx_hu501_ws/install/share/vrx_gz/models/robotx_light_buoy_rgb/mesh/robotx_light_buoy.dae
-- Installing: /home/anxie/vrx_hu501_ws/install/share/vrx_gz/models/robotx_light_buoy_rgb/mesh/LightTower_Metalness.png
-- Installing: /home/anxie/vrx_hu501_ws/install/share/vrx_gz/models/robotx_light_buoy_rgb/mesh/LightTower_Normal.png
-- Installing: /home/anxie/vrx_hu501_ws/install/share/vrx_gz/models/robotx_light_buoy_rgb/model.config
-- Installing: /home/anxie/vrx_hu501_ws/install/share/vrx_gz/models/short_navigation_course_3
-- Installing: /home/anxie/vrx_hu501_ws/install/share/vrx_gz/models/short_navigation_course_3/model.sdf
-- Installing: /home/anxie/vrx_hu501_ws/install/share/vrx_gz/models/short_navigation_course_3/model.config
-- Installing: /home/anxie/vrx_hu501_ws/install/share/vrx_gz/models/platform
-- Installing: /home/anxie/vrx_hu501_ws/install/share/vrx_gz/models/platform/model.sdf
-- Installing: /home/anxie/vrx_hu501_ws/install/share/vrx_gz/models/platform/model.config
-- Installing: /home/anxie/vrx_hu501_ws/install/share/vrx_gz/models/robotx_light_buoy_ybr
-- Installing: /home/anxie/vrx_hu501_ws/install/share/vrx_gz/models/robotx_light_buoy_ybr/model.sdf
-- Installing: /home/anxie/vrx_hu501_ws/install/share/vrx_gz/models/robotx_light_buoy_ybr/model.config
-- Installing: /home/anxie/vrx_hu501_ws/install/share/vrx_gz/models/symbol_triangle
-- Installing: /home/anxie/vrx_hu501_ws/install/share/vrx_gz/models/symbol_triangle/model.sdf
-- Installing: /home/anxie/vrx_hu501_ws/install/share/vrx_gz/models/symbol_triangle/mesh
-- Installing: /home/anxie/vrx_hu501_ws/install/share/vrx_gz/models/symbol_triangle/mesh/triangle.dae
-- Installing: /home/anxie/vrx_hu501_ws/install/share/vrx_gz/models/symbol_triangle/model.config
-- Installing: /home/anxie/vrx_hu501_ws/install/share/vrx_gz/models/entrance_exit
-- Installing: /home/anxie/vrx_hu501_ws/install/share/vrx_gz/models/entrance_exit/model.sdf
-- Installing: /home/anxie/vrx_hu501_ws/install/share/vrx_gz/models/entrance_exit/model.config
-- Installing: /home/anxie/vrx_hu501_ws/install/share/vrx_gz/models/robotx_light_buoy_ygb
-- Installing: /home/anxie/vrx_hu501_ws/install/share/vrx_gz/models/robotx_light_buoy_ygb/model.sdf
-- Installing: /home/anxie/vrx_hu501_ws/install/share/vrx_gz/models/robotx_light_buoy_ygb/model.config
-- Installing: /home/anxie/vrx_hu501_ws/install/share/vrx_gz/models/robotx_light_buoy_rbg
-- Installing: /home/anxie/vrx_hu501_ws/install/share/vrx_gz/models/robotx_light_buoy_rbg/model.sdf
-- Installing: /home/anxie/vrx_hu501_ws/install/share/vrx_gz/models/robotx_light_buoy_rbg/model.config
-- Installing: /home/anxie/vrx_hu501_ws/install/share/vrx_gz/models/dock_2022
-- Installing: /home/anxie/vrx_hu501_ws/install/share/vrx_gz/models/dock_2022/model.sdf
-- Installing: /home/anxie/vrx_hu501_ws/install/share/vrx_gz/models/dock_2022/model.config
-- Installing: /home/anxie/vrx_hu501_ws/install/share/vrx_gz/models/roboboat01
-- Installing: /home/anxie/vrx_hu501_ws/install/share/vrx_gz/models/roboboat01/meshes
-- Installing: /home/anxie/vrx_hu501_ws/install/share/vrx_gz/models/roboboat01/meshes/roboboat01.dae
-- Installing: /home/anxie/vrx_hu501_ws/install/share/vrx_gz/models/roboboat01/meshes/prop.dae
-- Installing: /home/anxie/vrx_hu501_ws/install/share/vrx_gz/models/roboboat01/meshes/mount.dae
-- Installing: /home/anxie/vrx_hu501_ws/install/share/vrx_gz/models/roboboat01/meshes/housing.dae
-- Installing: /home/anxie/vrx_hu501_ws/install/share/vrx_gz/models/roboboat01/materials
-- Installing: /home/anxie/vrx_hu501_ws/install/share/vrx_gz/models/roboboat01/materials/scripts
-- Installing: /home/anxie/vrx_hu501_ws/install/share/vrx_gz/models/roboboat01/materials/scripts/model.material
-- Installing: /home/anxie/vrx_hu501_ws/install/share/vrx_gz/models/roboboat01/materials/textures
-- Installing: /home/anxie/vrx_hu501_ws/install/share/vrx_gz/models/roboboat01/materials/textures/Boat01_Roughness.png
-- Installing: /home/anxie/vrx_hu501_ws/install/share/vrx_gz/models/roboboat01/materials/textures/Boat01_Normal.png
-- Installing: /home/anxie/vrx_hu501_ws/install/share/vrx_gz/models/roboboat01/materials/textures/Boat01_Metallic.png
-- Installing: /home/anxie/vrx_hu501_ws/install/share/vrx_gz/models/roboboat01/materials/textures/Thruster_Albedo.png
-- Installing: /home/anxie/vrx_hu501_ws/install/share/vrx_gz/models/roboboat01/materials/textures/Thruster_Roughness.png
-- Installing: /home/anxie/vrx_hu501_ws/install/share/vrx_gz/models/roboboat01/materials/textures/Boat01_Albedo.png
-- Installing: /home/anxie/vrx_hu501_ws/install/share/vrx_gz/models/roboboat01/model.sdf
-- Installing: /home/anxie/vrx_hu501_ws/install/share/vrx_gz/models/roboboat01/model.config
-- Installing: /home/anxie/vrx_hu501_ws/install/share/vrx_gz/models/obstacle_course
-- Installing: /home/anxie/vrx_hu501_ws/install/share/vrx_gz/models/obstacle_course/model.sdf
-- Installing: /home/anxie/vrx_hu501_ws/install/share/vrx_gz/models/obstacle_course/model.config
-- Installing: /home/anxie/vrx_hu501_ws/install/share/vrx_gz/models/short_navigation_course_1
-- Installing: /home/anxie/vrx_hu501_ws/install/share/vrx_gz/models/short_navigation_course_1/model.sdf
-- Installing: /home/anxie/vrx_hu501_ws/install/share/vrx_gz/models/short_navigation_course_1/model.config
-- Installing: /home/anxie/vrx_hu501_ws/install/share/vrx_gz/models/coast_waves
-- Installing: /home/anxie/vrx_hu501_ws/install/share/vrx_gz/models/coast_waves/meshes
-- Installing: /home/anxie/vrx_hu501_ws/install/share/vrx_gz/models/coast_waves/meshes/waterlow.dae
-- Installing: /home/anxie/vrx_hu501_ws/install/share/vrx_gz/models/coast_waves/materials
-- Installing: /home/anxie/vrx_hu501_ws/install/share/vrx_gz/models/coast_waves/materials/programs
-- Installing: /home/anxie/vrx_hu501_ws/install/share/vrx_gz/models/coast_waves/materials/programs/GerstnerWaves_fs_330.glsl
-- Installing: /home/anxie/vrx_hu501_ws/install/share/vrx_gz/models/coast_waves/materials/programs/GerstnerWaves_vs_330.glsl
-- Installing: /home/anxie/vrx_hu501_ws/install/share/vrx_gz/models/coast_waves/materials/textures
-- Installing: /home/anxie/vrx_hu501_ws/install/share/vrx_gz/models/coast_waves/materials/textures/wave_normals.dds
-- Installing: /home/anxie/vrx_hu501_ws/install/share/vrx_gz/models/coast_waves/materials/textures/skybox_lowres.dds
-- Installing: /home/anxie/vrx_hu501_ws/install/share/vrx_gz/models/coast_waves/model.sdf
-- Installing: /home/anxie/vrx_hu501_ws/install/share/vrx_gz/models/coast_waves/model.config
-- Installing: /home/anxie/vrx_hu501_ws/install/share/vrx_gz/models/robotx_light_buoy_rgy
-- Installing: /home/anxie/vrx_hu501_ws/install/share/vrx_gz/models/robotx_light_buoy_rgy/model.sdf
-- Installing: /home/anxie/vrx_hu501_ws/install/share/vrx_gz/models/robotx_light_buoy_rgy/model.config
-- Installing: /home/anxie/vrx_hu501_ws/install/share/vrx_gz/models/short_navigation_course_0
-- Installing: /home/anxie/vrx_hu501_ws/install/share/vrx_gz/models/short_navigation_course_0/model.sdf
-- Installing: /home/anxie/vrx_hu501_ws/install/share/vrx_gz/models/short_navigation_course_0/model.config
-- Installing: /home/anxie/vrx_hu501_ws/install/share/vrx_gz/models/articulated_platform
-- Installing: /home/anxie/vrx_hu501_ws/install/share/vrx_gz/models/articulated_platform/model.sdf
-- Installing: /home/anxie/vrx_hu501_ws/install/share/vrx_gz/models/articulated_platform/model.config
-- Installing: /home/anxie/vrx_hu501_ws/install/share/vrx_gz/models/robotx_light_buoy_yrg
-- Installing: /home/anxie/vrx_hu501_ws/install/share/vrx_gz/models/robotx_light_buoy_yrg/model.sdf
-- Installing: /home/anxie/vrx_hu501_ws/install/share/vrx_gz/models/robotx_light_buoy_yrg/model.config
-- Installing: /home/anxie/vrx_hu501_ws/install/share/vrx_gz/models/robotx_light_buoy_gbr
-- Installing: /home/anxie/vrx_hu501_ws/install/share/vrx_gz/models/robotx_light_buoy_gbr/model.sdf
-- Installing: /home/anxie/vrx_hu501_ws/install/share/vrx_gz/models/robotx_light_buoy_gbr/model.config
-- Installing: /home/anxie/vrx_hu501_ws/install/share/vrx_gz/models/dock_2022_base
-- Installing: /home/anxie/vrx_hu501_ws/install/share/vrx_gz/models/dock_2022_base/model.sdf
-- Installing: /home/anxie/vrx_hu501_ws/install/share/vrx_gz/models/dock_2022_base/model.config
-- Installing: /home/anxie/vrx_hu501_ws/install/share/vrx_gz/models/placard_2022
-- Installing: /home/anxie/vrx_hu501_ws/install/share/vrx_gz/models/placard_2022/meshes
-- Installing: /home/anxie/vrx_hu501_ws/install/share/vrx_gz/models/placard_2022/meshes/placard_2022.dae
-- Installing: /home/anxie/vrx_hu501_ws/install/share/vrx_gz/models/placard_2022/materials
-- Installing: /home/anxie/vrx_hu501_ws/install/share/vrx_gz/models/placard_2022/materials/textures
-- Installing: /home/anxie/vrx_hu501_ws/install/share/vrx_gz/models/placard_2022/materials/textures/Placard.png
-- Installing: /home/anxie/vrx_hu501_ws/install/share/vrx_gz/models/placard_2022/model.sdf
-- Installing: /home/anxie/vrx_hu501_ws/install/share/vrx_gz/models/placard_2022/model.config
-- Installing: /home/anxie/vrx_hu501_ws/install/share/vrx_gz/models/roboboat_cpubox
-- Installing: /home/anxie/vrx_hu501_ws/install/share/vrx_gz/models/roboboat_cpubox/meshes
-- Installing: /home/anxie/vrx_hu501_ws/install/share/vrx_gz/models/roboboat_cpubox/meshes/drybox.dae
-- Installing: /home/anxie/vrx_hu501_ws/install/share/vrx_gz/models/roboboat_cpubox/materials
-- Installing: /home/anxie/vrx_hu501_ws/install/share/vrx_gz/models/roboboat_cpubox/materials/textures
-- Installing: /home/anxie/vrx_hu501_ws/install/share/vrx_gz/models/roboboat_cpubox/materials/textures/DryBox_Albedo.png
-- Installing: /home/anxie/vrx_hu501_ws/install/share/vrx_gz/models/roboboat_cpubox/materials/textures/DryBox_Roughness.png
-- Installing: /home/anxie/vrx_hu501_ws/install/share/vrx_gz/models/roboboat_cpubox/model.sdf
-- Installing: /home/anxie/vrx_hu501_ws/install/share/vrx_gz/models/roboboat_cpubox/model.config
-- Installing: /home/anxie/vrx_hu501_ws/install/share/vrx_gz/models/robotx_light_buoy_bgr
-- Installing: /home/anxie/vrx_hu501_ws/install/share/vrx_gz/models/robotx_light_buoy_bgr/model.sdf
-- Installing: /home/anxie/vrx_hu501_ws/install/share/vrx_gz/models/robotx_light_buoy_bgr/model.config
-- Installing: /home/anxie/vrx_hu501_ws/install/share/vrx_gz/models/short_course_2023_phase3_2
-- Installing: /home/anxie/vrx_hu501_ws/install/share/vrx_gz/models/short_course_2023_phase3_2/model.sdf
-- Installing: /home/anxie/vrx_hu501_ws/install/share/vrx_gz/models/short_course_2023_phase3_2/model.config
-- Installing: /home/anxie/vrx_hu501_ws/install/share/vrx_gz/models/short_navigation_course_2
-- Installing: /home/anxie/vrx_hu501_ws/install/share/vrx_gz/models/short_navigation_course_2/model.sdf
-- Installing: /home/anxie/vrx_hu501_ws/install/share/vrx_gz/models/short_navigation_course_2/model.config
-- Installing: /home/anxie/vrx_hu501_ws/install/share/vrx_gz/models/short_course_2023_phase3_1
-- Installing: /home/anxie/vrx_hu501_ws/install/share/vrx_gz/models/short_course_2023_phase3_1/model.sdf
-- Installing: /home/anxie/vrx_hu501_ws/install/share/vrx_gz/models/short_course_2023_phase3_1/model.config
-- Installing: /home/anxie/vrx_hu501_ws/install/share/vrx_gz/models/roboboat02
-- Installing: /home/anxie/vrx_hu501_ws/install/share/vrx_gz/models/roboboat02/meshes
-- Installing: /home/anxie/vrx_hu501_ws/install/share/vrx_gz/models/roboboat02/meshes/roboboat02.dae
-- Installing: /home/anxie/vrx_hu501_ws/install/share/vrx_gz/models/roboboat02/materials
-- Installing: /home/anxie/vrx_hu501_ws/install/share/vrx_gz/models/roboboat02/materials/scripts
-- Installing: /home/anxie/vrx_hu501_ws/install/share/vrx_gz/models/roboboat02/materials/scripts/model.material
-- Installing: /home/anxie/vrx_hu501_ws/install/share/vrx_gz/models/roboboat02/materials/textures
-- Installing: /home/anxie/vrx_hu501_ws/install/share/vrx_gz/models/roboboat02/materials/textures/Boat02_Normal.png
-- Installing: /home/anxie/vrx_hu501_ws/install/share/vrx_gz/models/roboboat02/materials/textures/Boat02_Roughness.png
-- Installing: /home/anxie/vrx_hu501_ws/install/share/vrx_gz/models/roboboat02/materials/textures/Boat02_Metallic.png
-- Installing: /home/anxie/vrx_hu501_ws/install/share/vrx_gz/models/roboboat02/materials/textures/Boat02_Albedo.png
-- Installing: /home/anxie/vrx_hu501_ws/install/share/vrx_gz/models/roboboat02/model.sdf
-- Installing: /home/anxie/vrx_hu501_ws/install/share/vrx_gz/models/roboboat02/model.config
-- Installing: /home/anxie/vrx_hu501_ws/install/share/vrx_gz/models/robotx_light_buoy_bgy
-- Installing: /home/anxie/vrx_hu501_ws/install/share/vrx_gz/models/robotx_light_buoy_bgy/model.sdf
-- Installing: /home/anxie/vrx_hu501_ws/install/share/vrx_gz/models/robotx_light_buoy_bgy/model.config
-- Installing: /home/anxie/vrx_hu501_ws/install/share/vrx_gz/models/short_navigation_course_4
-- Installing: /home/anxie/vrx_hu501_ws/install/share/vrx_gz/models/short_navigation_course_4/model.sdf
-- Installing: /home/anxie/vrx_hu501_ws/install/share/vrx_gz/models/short_navigation_course_4/model.config
-- Installing: /home/anxie/vrx_hu501_ws/install/share/vrx_gz/worlds
-- Installing: /home/anxie/vrx_hu501_ws/install/share/vrx_gz/worlds/nbpark.sdf
-- Installing: /home/anxie/vrx_hu501_ws/install/share/vrx_gz/worlds/acoustic_perception_task.sdf
-- Installing: /home/anxie/vrx_hu501_ws/install/share/vrx_gz/worlds/wildlife_task.sdf
-- Installing: /home/anxie/vrx_hu501_ws/install/share/vrx_gz/worlds/2023_phase2
-- Installing: /home/anxie/vrx_hu501_ws/install/share/vrx_gz/worlds/2023_phase2/phase2_2023_perception1.sdf
-- Installing: /home/anxie/vrx_hu501_ws/install/share/vrx_gz/worlds/2023_phase2/phase2_2023_acoustic_tracking0.sdf
-- Installing: /home/anxie/vrx_hu501_ws/install/share/vrx_gz/worlds/2023_phase2/phase2_2023_scan_dock_deliver5.sdf
-- Installing: /home/anxie/vrx_hu501_ws/install/share/vrx_gz/worlds/2023_phase2/phase2_2023_wayfinding1.sdf
-- Installing: /home/anxie/vrx_hu501_ws/install/share/vrx_gz/worlds/2023_phase2/phase2_2023_perception3.sdf
-- Installing: /home/anxie/vrx_hu501_ws/install/share/vrx_gz/worlds/2023_phase2/phase2_2023_stationkeeping0.sdf
-- Installing: /home/anxie/vrx_hu501_ws/install/share/vrx_gz/worlds/2023_phase2/phase2_2023_perception0.sdf
-- Installing: /home/anxie/vrx_hu501_ws/install/share/vrx_gz/worlds/2023_phase2/phase2_2023_wayfinding3.sdf
-- Installing: /home/anxie/vrx_hu501_ws/install/share/vrx_gz/worlds/2023_phase2/phase2_2023_scan_dock_deliver1.sdf
-- Installing: /home/anxie/vrx_hu501_ws/install/share/vrx_gz/worlds/2023_phase2/phase2_2023_wildlife5.sdf
-- Installing: /home/anxie/vrx_hu501_ws/install/share/vrx_gz/worlds/2023_phase2/phase2_2023_acoustic_tracking1.sdf
-- Installing: /home/anxie/vrx_hu501_ws/install/share/vrx_gz/worlds/2023_phase2/phase2_2023_follow_path1.sdf
-- Installing: /home/anxie/vrx_hu501_ws/install/share/vrx_gz/worlds/2023_phase2/phase2_2023_perception5.sdf
-- Installing: /home/anxie/vrx_hu501_ws/install/share/vrx_gz/worlds/2023_phase2/phase2_2023_wayfinding5.sdf
-- Installing: /home/anxie/vrx_hu501_ws/install/share/vrx_gz/worlds/2023_phase2/phase2_2023_stationkeeping3.sdf
-- Installing: /home/anxie/vrx_hu501_ws/install/share/vrx_gz/worlds/2023_phase2/phase2_2023_scan_dock_deliver0.sdf
-- Installing: /home/anxie/vrx_hu501_ws/install/share/vrx_gz/worlds/2023_phase2/phase2_2023_follow_path2.sdf
-- Installing: /home/anxie/vrx_hu501_ws/install/share/vrx_gz/worlds/2023_phase2/phase2_2023_wayfinding2.sdf
-- Installing: /home/anxie/vrx_hu501_ws/install/share/vrx_gz/worlds/2023_phase2/phase2_2023_acoustic_tracking4.sdf
-- Installing: /home/anxie/vrx_hu501_ws/install/share/vrx_gz/worlds/2023_phase2/phase2_2023_stationkeeping4.sdf
-- Installing: /home/anxie/vrx_hu501_ws/install/share/vrx_gz/worlds/2023_phase2/phase2_2023_scan_dock_deliver2.sdf
-- Installing: /home/anxie/vrx_hu501_ws/install/share/vrx_gz/worlds/2023_phase2/phase2_2023_follow_path4.sdf
-- Installing: /home/anxie/vrx_hu501_ws/install/share/vrx_gz/worlds/2023_phase2/phase2_2023_scan_dock_deliver3.sdf
-- Installing: /home/anxie/vrx_hu501_ws/install/share/vrx_gz/worlds/2023_phase2/phase2_2023_acoustic_perception4.sdf
-- Installing: /home/anxie/vrx_hu501_ws/install/share/vrx_gz/worlds/2023_phase2/phase2_2023_acoustic_tracking5.sdf
-- Installing: /home/anxie/vrx_hu501_ws/install/share/vrx_gz/worlds/2023_phase2/phase2_2023_perception2.sdf
-- Installing: /home/anxie/vrx_hu501_ws/install/share/vrx_gz/worlds/2023_phase2/phase2_2023_wildlife3.sdf
-- Installing: /home/anxie/vrx_hu501_ws/install/share/vrx_gz/worlds/2023_phase2/phase2_2023_stationkeeping1.sdf
-- Installing: /home/anxie/vrx_hu501_ws/install/share/vrx_gz/worlds/2023_phase2/phase2_2023_acoustic_perception5.sdf
-- Installing: /home/anxie/vrx_hu501_ws/install/share/vrx_gz/worlds/2023_phase2/phase2_2023_acoustic_tracking3.sdf
-- Installing: /home/anxie/vrx_hu501_ws/install/share/vrx_gz/worlds/2023_phase2/phase2_2023_wildlife1.sdf
-- Installing: /home/anxie/vrx_hu501_ws/install/share/vrx_gz/worlds/2023_phase2/phase2_2023_acoustic_perception1.sdf
-- Installing: /home/anxie/vrx_hu501_ws/install/share/vrx_gz/worlds/2023_phase2/phase2_2023_follow_path0.sdf
-- Installing: /home/anxie/vrx_hu501_ws/install/share/vrx_gz/worlds/2023_phase2/phase2_2023_follow_path5.sdf
-- Installing: /home/anxie/vrx_hu501_ws/install/share/vrx_gz/worlds/2023_phase2/phase2_2023_acoustic_tracking2.sdf
-- Installing: /home/anxie/vrx_hu501_ws/install/share/vrx_gz/worlds/2023_phase2/phase2_2023_perception4.sdf
-- Installing: /home/anxie/vrx_hu501_ws/install/share/vrx_gz/worlds/2023_phase2/phase2_2023_acoustic_perception0.sdf
-- Installing: /home/anxie/vrx_hu501_ws/install/share/vrx_gz/worlds/2023_phase2/phase2_2023_wildlife0.sdf
-- Installing: /home/anxie/vrx_hu501_ws/install/share/vrx_gz/worlds/2023_phase2/phase2_2023_stationkeeping5.sdf
-- Installing: /home/anxie/vrx_hu501_ws/install/share/vrx_gz/worlds/2023_phase2/phase2_2023_wayfinding4.sdf
-- Installing: /home/anxie/vrx_hu501_ws/install/share/vrx_gz/worlds/2023_phase2/phase2_2023_follow_path3.sdf
-- Installing: /home/anxie/vrx_hu501_ws/install/share/vrx_gz/worlds/2023_phase2/phase2_2023_stationkeeping2.sdf
-- Installing: /home/anxie/vrx_hu501_ws/install/share/vrx_gz/worlds/2023_phase2/phase2_2023_scan_dock_deliver4.sdf
-- Installing: /home/anxie/vrx_hu501_ws/install/share/vrx_gz/worlds/2023_phase2/phase2_2023_wayfinding0.sdf
-- Installing: /home/anxie/vrx_hu501_ws/install/share/vrx_gz/worlds/2023_phase2/phase2_2023_wildlife2.sdf
-- Installing: /home/anxie/vrx_hu501_ws/install/share/vrx_gz/worlds/2023_phase2/phase2_2023_acoustic_perception2.sdf
-- Installing: /home/anxie/vrx_hu501_ws/install/share/vrx_gz/worlds/2023_phase2/phase2_2023_acoustic_perception3.sdf
-- Installing: /home/anxie/vrx_hu501_ws/install/share/vrx_gz/worlds/2023_phase2/phase2_2023_wildlife4.sdf
-- Installing: /home/anxie/vrx_hu501_ws/install/share/vrx_gz/worlds/gymkhana_task.sdf
-- Installing: /home/anxie/vrx_hu501_ws/install/share/vrx_gz/worlds/stationkeeping_task.sdf
-- Installing: /home/anxie/vrx_hu501_ws/install/share/vrx_gz/worlds/navigation_task.sdf
-- Installing: /home/anxie/vrx_hu501_ws/install/share/vrx_gz/worlds/sydney_regatta.sdf
-- Installing: /home/anxie/vrx_hu501_ws/install/share/vrx_gz/worlds/scan_dock_deliver_task.sdf
-- Installing: /home/anxie/vrx_hu501_ws/install/share/vrx_gz/worlds/perception_task.sdf
-- Installing: /home/anxie/vrx_hu501_ws/install/share/vrx_gz/worlds/2023_practice
-- Installing: /home/anxie/vrx_hu501_ws/install/share/vrx_gz/worlds/2023_practice/practice_2023_acoustic_perception0_task.sdf
-- Installing: /home/anxie/vrx_hu501_ws/install/share/vrx_gz/worlds/2023_practice/practice_2023_acoustic_tracking1_task.sdf
-- Installing: /home/anxie/vrx_hu501_ws/install/share/vrx_gz/worlds/2023_practice/practice_2023_follow_path1_task.sdf
-- Installing: /home/anxie/vrx_hu501_ws/install/share/vrx_gz/worlds/2023_practice/practice_2023_acoustic_tracking0_task.sdf
-- Installing: /home/anxie/vrx_hu501_ws/install/share/vrx_gz/worlds/2023_practice/practice_2023_acoustic_perception2_task.sdf
-- Installing: /home/anxie/vrx_hu501_ws/install/share/vrx_gz/worlds/2023_practice/practice_2023_follow_path0_task.sdf
-- Installing: /home/anxie/vrx_hu501_ws/install/share/vrx_gz/worlds/2023_practice/practice_2023_stationkeeping1_task.sdf
-- Installing: /home/anxie/vrx_hu501_ws/install/share/vrx_gz/worlds/2023_practice/practice_2023_wayfinding1_task.sdf
-- Installing: /home/anxie/vrx_hu501_ws/install/share/vrx_gz/worlds/2023_practice/practice_2023_perception1_task.sdf
-- Installing: /home/anxie/vrx_hu501_ws/install/share/vrx_gz/worlds/2023_practice/practice_2023_stationkeeping2_task.sdf
-- Installing: /home/anxie/vrx_hu501_ws/install/share/vrx_gz/worlds/2023_practice/practice_2023_stationkeeping0_task.sdf
-- Installing: /home/anxie/vrx_hu501_ws/install/share/vrx_gz/worlds/2023_practice/practice_2023_acoustic_perception1_task.sdf
-- Installing: /home/anxie/vrx_hu501_ws/install/share/vrx_gz/worlds/2023_practice/practice_2023_wildlife1_task.sdf
-- Installing: /home/anxie/vrx_hu501_ws/install/share/vrx_gz/worlds/2023_practice/practice_2023_wayfinding2_task.sdf
-- Installing: /home/anxie/vrx_hu501_ws/install/share/vrx_gz/worlds/2023_practice/practice_2023_wildlife0_task.sdf
-- Installing: /home/anxie/vrx_hu501_ws/install/share/vrx_gz/worlds/2023_practice/practice_2023_perception2_task.sdf
-- Installing: /home/anxie/vrx_hu501_ws/install/share/vrx_gz/worlds/2023_practice/practice_2023_scan_dock_deliver0_task.sdf
-- Installing: /home/anxie/vrx_hu501_ws/install/share/vrx_gz/worlds/2023_practice/practice_2023_follow_path2_task.sdf
-- Installing: /home/anxie/vrx_hu501_ws/install/share/vrx_gz/worlds/2023_practice/practice_2023_wildlife2_task.sdf
-- Installing: /home/anxie/vrx_hu501_ws/install/share/vrx_gz/worlds/2023_practice/practice_2023_perception0_task.sdf
-- Installing: /home/anxie/vrx_hu501_ws/install/share/vrx_gz/worlds/2023_practice/practice_2023_scan_dock_deliver1_task.sdf
-- Installing: /home/anxie/vrx_hu501_ws/install/share/vrx_gz/worlds/2023_practice/practice_2023_acoustic_tracking2_task.sdf
-- Installing: /home/anxie/vrx_hu501_ws/install/share/vrx_gz/worlds/2023_practice/practice_2023_scan_dock_deliver2_task.sdf
-- Installing: /home/anxie/vrx_hu501_ws/install/share/vrx_gz/worlds/2023_practice/practice_2023_wayfinding0_task.sdf
-- Installing: /home/anxie/vrx_hu501_ws/install/share/vrx_gz/worlds/acoustic_tracking_task.sdf
-- Installing: /home/anxie/vrx_hu501_ws/install/share/vrx_gz/worlds/follow_path_task.sdf
-- Installing: /home/anxie/vrx_hu501_ws/install/share/vrx_gz/worlds/wayfinding_task.sdf
-- Installing: /home/anxie/vrx_hu501_ws/install/share/ament_index/resource_index/package_run_dependencies/vrx_gz
-- Installing: /home/anxie/vrx_hu501_ws/install/share/ament_index/resource_index/parent_prefix_path/vrx_gz
-- Installing: /home/anxie/vrx_hu501_ws/install/share/vrx_gz/environment/ament_prefix_path.sh
-- Installing: /home/anxie/vrx_hu501_ws/install/share/vrx_gz/environment/ament_prefix_path.dsv
-- Installing: /home/anxie/vrx_hu501_ws/install/share/vrx_gz/environment/path.sh
-- Installing: /home/anxie/vrx_hu501_ws/install/share/vrx_gz/environment/path.dsv
-- Installing: /home/anxie/vrx_hu501_ws/install/share/vrx_gz/local_setup.bash
-- Installing: /home/anxie/vrx_hu501_ws/install/share/vrx_gz/local_setup.sh
-- Installing: /home/anxie/vrx_hu501_ws/install/share/vrx_gz/local_setup.zsh
-- Installing: /home/anxie/vrx_hu501_ws/install/share/vrx_gz/local_setup.dsv
-- Installing: /home/anxie/vrx_hu501_ws/install/share/vrx_gz/package.dsv
-- Installing: /home/anxie/vrx_hu501_ws/install/share/ament_index/resource_index/packages/vrx_gz
-- Installing: /home/anxie/vrx_hu501_ws/install/share/vrx_gz/cmake/vrx_gzConfig.cmake
-- Installing: /home/anxie/vrx_hu501_ws/install/share/vrx_gz/cmake/vrx_gzConfig-version.cmake
-- Installing: /home/anxie/vrx_hu501_ws/install/share/vrx_gz/package.xml
