[0.007s] Invoking command in '/home/anxie/vrx_hu501_ws/build/vrx_gz': AMENT_PREFIX_PATH=/home/anxie/vrx_hu501_ws/install:${AMENT_PREFIX_PATH} CMAKE_PREFIX_PATH=/home/anxie/vrx_hu501_ws/install:/opt/ros/jazzy/opt/gz_sim_vendor:/opt/ros/jazzy/opt/gz_sensors_vendor:/opt/ros/jazzy/opt/gz_physics_vendor:/opt/ros/jazzy/opt/sdformat_vendor:/opt/ros/jazzy/opt/gz_gui_vendor:/opt/ros/jazzy/opt/gz_transport_vendor:/opt/ros/jazzy/opt/gz_rendering_vendor:/opt/ros/jazzy/opt/gz_plugin_vendor:/opt/ros/jazzy/opt/gz_fuel_tools_vendor:/opt/ros/jazzy/opt/gz_msgs_vendor:/opt/ros/jazzy/opt/gz_common_vendor:/opt/ros/jazzy/opt/gz_math_vendor:/opt/ros/jazzy/opt/gz_utils_vendor:/opt/ros/jazzy/opt/gz_tools_vendor:/opt/ros/jazzy/opt/gz_ogre_next_vendor:/opt/ros/jazzy/opt/gz_dartsim_vendor:/opt/ros/jazzy/opt/gz_cmake_vendor:/opt/ros/jazzy DEBUGINFOD_URLS=https://debuginfod.ubuntu.com GZ_SIM_RESOURCE_PATH=/home/anxie/vrx_hu501_ws/install/share/wamv_description/models:/home/anxie/vrx_hu501_ws/install/share/vrx_gazebo/models:/home/anxie/vrx_hu501_ws/install/share:${GZ_SIM_RESOURCE_PATH} PYTHONPATH=/home/anxie/vrx_hu501_ws/install/lib/python3.12/site-packages:${PYTHONPATH} /usr/bin/cmake /home/anxie/vrx_hu501_ws/src/vrx/vrx_gz -DCMAKE_INSTALL_PREFIX=/home/anxie/vrx_hu501_ws/install
[0.047s] -- The C compiler identification is GNU 13.3.0
[0.083s] -- The CXX compiler identification is GNU 13.3.0
[0.094s] -- Detecting C compiler ABI info
[0.153s] -- Detecting C compiler ABI info - done
[0.159s] -- Check for working C compiler: /usr/bin/cc - skipped
[0.159s] -- Detecting C compile features
[0.159s] -- Detecting C compile features - done
[0.166s] -- Detecting CXX compiler ABI info
[0.232s] -- Detecting CXX compiler ABI info - done
[0.238s] -- Check for working CXX compiler: /usr/bin/c++ - skipped
[0.239s] -- Detecting CXX compile features
[0.239s] -- Detecting CXX compile features - done
[0.240s] -- Performing Test COMPILER_SUPPORTS_CXX17
[0.300s] -- Performing Test COMPILER_SUPPORTS_CXX17 - Success
[0.304s] -- Found ament_cmake: 2.5.6 (/opt/ros/jazzy/share/ament_cmake/cmake)
[0.407s] -- Found Python3: /usr/bin/python3 (found version "3.12.3") found components: Interpreter 
[0.491s] -- Looking for gz-sim8 -- found version 8.15.0
[0.495s] -- Searching for dependencies of gz-sim8
[0.496s] -- Looking for sdformat14 -- found version 14.9.0
[0.496s] -- Searching for dependencies of sdformat14
[0.500s] -- Checking for module 'tinyxml2'
[0.510s] --   Found tinyxml2, version 10.0.0
[0.534s] -- Looking for gz-math7 -- found version 7.7.0
[0.534s] -- Searching for dependencies of gz-math7
[0.535s] -- Looking for gz-utils2 -- found version 2.2.1
[0.535s] -- Searching for dependencies of gz-utils2
[0.536s] -- Looking for gz-utils2 -- found version 2.2.1
[0.536s] -- Searching for dependencies of gz-utils2
[0.536s] -- Searching for <gz-utils2> component [cli]
[0.537s] -- Looking for gz-utils2-cli -- found version 2.2.1
[0.537s] -- Searching for dependencies of gz-utils2-cli
[0.540s] -- Looking for gz-plugin2 -- found version 2.0.4
[0.540s] -- Searching for dependencies of gz-plugin2
[0.540s] -- Looking for gz-utils2 -- found version 2.2.1
[0.541s] -- Searching for <gz-plugin2> component [loader]
[0.542s] -- Looking for gz-plugin2-loader -- found version 2.0.4
[0.542s] -- Searching for dependencies of gz-plugin2-loader
[0.543s] -- Searching for <gz-plugin2> component [register]
[0.544s] -- Looking for gz-plugin2-register -- found version 2.0.4
[0.544s] -- Searching for dependencies of gz-plugin2-register
[0.545s] -- Looking for gz-transport13 -- found version 13.6.0
[0.545s] -- Searching for dependencies of gz-transport13
[0.632s] -- Found Protobuf: /usr/lib/x86_64-linux-gnu/libprotobuf.so (found version "3.21.12") 
[0.640s] -- Config-file not installed for ZeroMQ -- checking for pkg-config
[0.643s] -- Checking for module 'libzmq >= 4'
[0.654s] --   Found libzmq, version 4.3.5
[0.683s] -- Found ZeroMQ: TRUE (Required is at least version "4") 
[0.687s] -- Checking for module 'uuid'
[0.698s] --   Found uuid, version 2.39.3
[0.721s] -- Found UUID: TRUE  
[0.721s] -- Looking for gz-utils2 -- found version 2.2.1
[0.722s] -- Looking for gz-msgs10 -- found version 10.4.0
[0.722s] -- Searching for dependencies of gz-msgs10
[0.734s] -- Looking for gz-utils2 -- found version 2.2.1
[0.735s] -- Looking for gz-math7 -- found version 7.7.0
[0.739s] -- Searching for <gz-transport13> component [log]
[0.740s] -- Looking for gz-transport13-log -- found version 13.6.0
[0.740s] -- Searching for dependencies of gz-transport13-log
[0.741s] -- Searching for <gz-transport13> component [parameters]
[0.742s] -- Looking for gz-transport13-parameters -- found version 13.6.0
[0.742s] -- Searching for dependencies of gz-transport13-parameters
[0.743s] -- Looking for gz-msgs10 -- found version 10.4.0
[0.745s] -- Looking for gz-common5 -- found version 5.9.0
[0.745s] -- Searching for dependencies of gz-common5
[0.746s] -- Looking for gz-utils2 -- found version 2.2.1
[0.746s] -- Looking for dlfcn.h - found
[0.747s] -- Looking for libdl - found
[0.748s] -- Found DL: TRUE  
[0.753s] -- Searching for <gz-common5> component [av]
[0.754s] -- Looking for gz-common5-av -- found version 5.9.0
[0.754s] -- Searching for dependencies of gz-common5-av
[0.758s] -- Checking for module 'libswscale'
[0.770s] --   Found libswscale, version 7.5.100
[0.794s] -- Found SWSCALE: TRUE  
[0.797s] -- Checking for module 'libavdevice >= 56.4.100'
[0.808s] --   Found libavdevice, version 60.3.100
[0.843s] -- Found AVDEVICE: TRUE (Required is at least version "56.4.100") 
[0.847s] -- Checking for module 'libavformat'
[0.858s] --   Found libavformat, version 60.16.100
[0.885s] -- Found AVFORMAT: TRUE  
[0.889s] -- Checking for module 'libavcodec'
[0.899s] --   Found libavcodec, version 60.31.102
[0.925s] -- Found AVCODEC: TRUE  
[0.929s] -- Checking for module 'libavutil'
[0.939s] --   Found libavutil, version 58.29.100
[0.963s] -- Found AVUTIL: TRUE  
[0.964s] -- Searching for <gz-common5> component [events]
[0.965s] -- Looking for gz-common5-events -- found version 5.9.0
[0.965s] -- Searching for dependencies of gz-common5-events
[0.965s] -- Looking for gz-math7 -- found version 7.7.0
[0.966s] -- Searching for <gz-common5> component [graphics]
[0.967s] -- Looking for gz-common5-graphics -- found version 5.9.0
[0.967s] -- Searching for dependencies of gz-common5-graphics
[0.968s] -- Looking for gz-math7 -- found version 7.7.0
[0.972s] -- Found GzAssimp: TRUE (found version "5.3.0") 
[0.973s] -- Searching for <gz-common5> component [io]
[0.974s] -- Looking for gz-common5-io -- found version 5.9.0
[0.974s] -- Searching for dependencies of gz-common5-io
[0.975s] -- Searching for <gz-common5> component [profiler]
[0.976s] -- Looking for gz-common5-profiler -- found version 5.9.0
[0.976s] -- Searching for dependencies of gz-common5-profiler
[0.978s] -- Looking for gz-fuel_tools9 -- found version 9.1.1
[0.978s] -- Searching for dependencies of gz-fuel_tools9
[1.046s] -- Found CURL: /usr/lib/x86_64-linux-gnu/libcurl.so (found version "8.5.0")  
[1.056s] -- Checking for module 'jsoncpp'
[1.067s] --   Found jsoncpp, version 1.9.5
[1.091s] -- Found JSONCPP: TRUE  
[1.102s] -- Checking for module 'yaml-0.1'
[1.113s] --   Found yaml-0.1, version 0.2.5
[1.137s] -- Found YAML: TRUE  
[1.140s] -- Checking for module 'libzip'
[1.151s] --   Found libzip, version 1.7.3
[1.175s] -- Found ZIP: TRUE  
[1.176s] -- Looking for gz-utils2 -- found version 2.2.1
[1.176s] -- Looking for gz-common5 -- found version 5.9.0
[1.176s] -- Searching for dependencies of gz-common5
[1.176s] -- Looking for gz-utils2 -- found version 2.2.1
[1.176s] -- Looking for dlfcn.h - found
[1.176s] -- Looking for libdl - found
[1.182s] -- Searching for <gz-common5> component [testing]
[1.183s] -- Looking for gz-common5-testing -- found version 5.9.0
[1.183s] -- Searching for dependencies of gz-common5-testing
[1.184s] -- Looking for gz-math7 -- found version 7.7.0
[1.184s] -- Looking for gz-msgs10 -- found version 10.4.0
[1.186s] -- Looking for gz-gui8 -- found version 8.4.0
[1.186s] -- Searching for dependencies of gz-gui8
[1.203s] -- Looking for gz-utils2 -- found version 2.2.1
[1.204s] -- Looking for gz-math7 -- found version 7.7.0
[1.204s] -- Looking for gz-common5 -- found version 5.9.0
[1.204s] -- Looking for gz-plugin2 -- found version 2.0.4
[1.205s] -- Looking for gz-transport13 -- found version 13.6.0
[1.207s] -- Looking for gz-rendering8 -- found version 8.2.3
[1.207s] -- Searching for dependencies of gz-rendering8
[1.207s] -- Looking for gz-math7 -- found version 7.7.0
[1.207s] -- Searching for dependencies of gz-math7
[1.207s] -- Looking for gz-utils2 -- found version 2.2.1
[1.208s] -- Searching for <gz-math7> component [eigen3]
[1.209s] -- Looking for gz-math7-eigen3 -- found version 7.7.0
[1.209s] -- Searching for dependencies of gz-math7-eigen3
[1.216s] -- Looking for gz-common5 -- found version 5.9.0
[1.216s] -- Searching for dependencies of gz-common5
[1.217s] -- Looking for gz-utils2 -- found version 2.2.1
[1.217s] -- Looking for dlfcn.h - found
[1.217s] -- Looking for libdl - found
[1.222s] -- Searching for <gz-common5> component [graphics]
[1.222s] -- Searching for <gz-common5> component [events]
[1.222s] -- Searching for <gz-common5> component [geospatial]
[1.223s] -- Looking for gz-common5-geospatial -- found version 5.9.0
[1.223s] -- Searching for dependencies of gz-common5-geospatial
[1.223s] -- Looking for gz-math7 -- found version 7.7.0
[1.223s] -- Looking for gz-common5 -- found version 5.9.0
[1.224s] -- Looking for gz-plugin2 -- found version 2.0.4
[1.225s] -- Searching for dependencies of gz-plugin2
[1.225s] -- Looking for gz-utils2 -- found version 2.2.1
[1.225s] -- Searching for <gz-plugin2> component [all]
[1.226s] -- Looking for all libraries of gz-plugin2 -- found version 2.0.4
[1.226s] -- Looking for gz-plugin2 -- found version 2.0.4
[1.227s] -- Looking for gz-utils2 -- found version 2.2.1
[1.237s] -- Found OpenGL: /usr/lib/x86_64-linux-gnu/libOpenGL.so  found components: OpenGL 
[1.238s] -- Looking for gz-msgs10 -- found version 10.4.0
[1.276s] -- Looking for gz-physics7 -- found version 7.8.0
[1.276s] -- Searching for dependencies of gz-physics7
[1.276s] -- Looking for gz-common5 -- found version 5.9.0
[1.277s] -- Looking for gz-math7 -- found version 7.7.0
[1.277s] -- Looking for gz-plugin2 -- found version 2.0.4
[1.277s] -- Looking for gz-utils2 -- found version 2.2.1
[1.279s] -- Searching for <gz-physics7> component [heightmap]
[1.280s] -- Looking for gz-physics7-heightmap -- found version 7.8.0
[1.280s] -- Searching for dependencies of gz-physics7-heightmap
[1.280s] -- Looking for gz-common5 -- found version 5.9.0
[1.280s] -- Searching for <gz-physics7> component [mesh]
[1.281s] -- Looking for gz-physics7-mesh -- found version 7.8.0
[1.281s] -- Searching for dependencies of gz-physics7-mesh
[1.282s] -- Looking for gz-common5 -- found version 5.9.0
[1.282s] -- Searching for <gz-physics7> component [sdf]
[1.283s] -- Looking for gz-physics7-sdf -- found version 7.8.0
[1.283s] -- Searching for dependencies of gz-physics7-sdf
[1.283s] -- Looking for sdformat14 -- found version 14.9.0
[1.285s] -- Looking for gz-sensors8 -- found version 8.2.2
[1.285s] -- Searching for dependencies of gz-sensors8
[1.297s] -- Looking for gz-math7 -- found version 7.7.0
[1.298s] -- Looking for gz-common5 -- found version 5.9.0
[1.298s] -- Looking for gz-transport13 -- found version 13.6.0
[1.298s] -- Looking for gz-rendering8 -- found version 8.2.3
[1.298s] -- Looking for gz-msgs10 -- found version 10.4.0
[1.298s] -- Looking for sdformat14 -- found version 14.9.0
[1.299s] -- Searching for <gz-sensors8> component [air_pressure]
[1.300s] -- Looking for gz-sensors8-air_pressure -- found version 8.2.2
[1.300s] -- Searching for dependencies of gz-sensors8-air_pressure
[1.301s] -- Searching for <gz-sensors8> component [air_speed]
[1.302s] -- Looking for gz-sensors8-air_speed -- found version 8.2.2
[1.302s] -- Searching for dependencies of gz-sensors8-air_speed
[1.302s] -- Searching for <gz-sensors8> component [altimeter]
[1.303s] -- Looking for gz-sensors8-altimeter -- found version 8.2.2
[1.303s] -- Searching for dependencies of gz-sensors8-altimeter
[1.304s] -- Searching for <gz-sensors8> component [imu]
[1.305s] -- Looking for gz-sensors8-imu -- found version 8.2.2
[1.305s] -- Searching for dependencies of gz-sensors8-imu
[1.305s] -- Searching for <gz-sensors8> component [force_torque]
[1.306s] -- Looking for gz-sensors8-force_torque -- found version 8.2.2
[1.307s] -- Searching for dependencies of gz-sensors8-force_torque
[1.307s] -- Searching for <gz-sensors8> component [logical_camera]
[1.308s] -- Looking for gz-sensors8-logical_camera -- found version 8.2.2
[1.308s] -- Searching for dependencies of gz-sensors8-logical_camera
[1.309s] -- Searching for <gz-sensors8> component [magnetometer]
[1.310s] -- Looking for gz-sensors8-magnetometer -- found version 8.2.2
[1.310s] -- Searching for dependencies of gz-sensors8-magnetometer
[1.310s] -- Searching for <gz-sensors8> component [navsat]
[1.311s] -- Looking for gz-sensors8-navsat -- found version 8.2.2
[1.311s] -- Searching for dependencies of gz-sensors8-navsat
[1.312s] -- Searching for <gz-sensors8> component [dvl]
[1.313s] -- Looking for gz-sensors8-dvl -- found version 8.2.2
[1.313s] -- Searching for dependencies of gz-sensors8-dvl
[1.313s] -- Looking for gz-sensors8 -- found version 8.2.2
[1.313s] -- Searching for dependencies of gz-sensors8
[1.325s] -- Looking for gz-math7 -- found version 7.7.0
[1.326s] -- Looking for gz-common5 -- found version 5.9.0
[1.326s] -- Looking for gz-transport13 -- found version 13.6.0
[1.326s] -- Looking for gz-rendering8 -- found version 8.2.3
[1.326s] -- Looking for gz-msgs10 -- found version 10.4.0
[1.326s] -- Looking for sdformat14 -- found version 14.9.0
[1.326s] -- Searching for <gz-sensors8> component [rendering]
[1.328s] -- Looking for gz-sensors8-rendering -- found version 8.2.2
[1.328s] -- Searching for dependencies of gz-sensors8-rendering
[1.329s] -- Searching for <gz-sensors8> component [rendering]
[1.329s] -- Searching for <gz-sensors8> component [lidar]
[1.330s] -- Looking for gz-sensors8-lidar -- found version 8.2.2
[1.330s] -- Searching for dependencies of gz-sensors8-lidar
[1.330s] -- Looking for gz-sensors8 -- found version 8.2.2
[1.331s] -- Searching for <gz-sensors8> component [gpu_lidar]
[1.332s] -- Looking for gz-sensors8-gpu_lidar -- found version 8.2.2
[1.332s] -- Searching for dependencies of gz-sensors8-gpu_lidar
[1.332s] -- Looking for gz-sensors8 -- found version 8.2.2
[1.333s] -- Searching for <gz-sensors8> component [camera]
[1.334s] -- Looking for gz-sensors8-camera -- found version 8.2.2
[1.334s] -- Searching for dependencies of gz-sensors8-camera
[1.335s] -- Looking for gz-sensors8 -- found version 8.2.2
[1.335s] -- Searching for <gz-sensors8> component [boundingbox_camera]
[1.336s] -- Looking for gz-sensors8-boundingbox_camera -- found version 8.2.2
[1.336s] -- Searching for dependencies of gz-sensors8-boundingbox_camera
[1.337s] -- Searching for <gz-sensors8> component [segmentation_camera]
[1.338s] -- Looking for gz-sensors8-segmentation_camera -- found version 8.2.2
[1.338s] -- Searching for dependencies of gz-sensors8-segmentation_camera
[1.339s] -- Searching for <gz-sensors8> component [depth_camera]
[1.340s] -- Looking for gz-sensors8-depth_camera -- found version 8.2.2
[1.340s] -- Searching for dependencies of gz-sensors8-depth_camera
[1.340s] -- Looking for gz-sensors8 -- found version 8.2.2
[1.341s] -- Searching for <gz-sensors8> component [rgbd_camera]
[1.342s] -- Looking for gz-sensors8-rgbd_camera -- found version 8.2.2
[1.342s] -- Searching for dependencies of gz-sensors8-rgbd_camera
[1.342s] -- Looking for gz-sensors8 -- found version 8.2.2
[1.343s] -- Searching for <gz-sensors8> component [thermal_camera]
[1.344s] -- Looking for gz-sensors8-thermal_camera -- found version 8.2.2
[1.344s] -- Searching for dependencies of gz-sensors8-thermal_camera
[1.344s] -- Looking for gz-sensors8 -- found version 8.2.2
[1.345s] -- Searching for <gz-sensors8> component [wide_angle_camera]
[1.346s] -- Looking for gz-sensors8-wide_angle_camera -- found version 8.2.2
[1.346s] -- Searching for dependencies of gz-sensors8-wide_angle_camera
[1.347s] -- Looking for gz-rendering8 -- found version 8.2.3
[1.347s] -- Looking for gz-math7 -- found version 7.7.0
[1.347s] -- Looking for gz-utils2 -- found version 2.2.1
[1.361s] -- Looking for gz-common5 -- found version 5.9.0
[1.361s] -- Looking for gz-fuel_tools9 -- found version 9.1.1
[1.362s] -- Looking for gz-math7 -- found version 7.7.0
[1.362s] -- Looking for gz-msgs10 -- found version 10.4.0
[1.362s] -- Looking for gz-transport13 -- found version 13.6.0
[1.362s] -- Looking for gz-plugin2 -- found version 2.0.4
[1.362s] -- Looking for gz-rendering8 -- found version 8.2.3
[1.363s] -- Looking for gz-sensors8 -- found version 8.2.2
[1.363s] -- Looking for gz-utils2 -- found version 2.2.1
[1.363s] -- Looking for sdformat14 -- found version 14.9.0
[1.365s] -- Found std_msgs: 5.3.8 (/opt/ros/jazzy/share/std_msgs/cmake)
[1.392s] -- Found rosidl_generator_c: 4.6.9 (/opt/ros/jazzy/share/rosidl_generator_c/cmake)
[1.403s] -- Found rosidl_generator_cpp: 4.6.9 (/opt/ros/jazzy/share/rosidl_generator_cpp/cmake)
[1.415s] -- Using all available rosidl_typesupport_c: rosidl_typesupport_fastrtps_c;rosidl_typesupport_introspection_c
[1.428s] -- Using all available rosidl_typesupport_cpp: rosidl_typesupport_fastrtps_cpp;rosidl_typesupport_introspection_cpp
[1.572s] -- Configuring done (1.6s)
[1.640s] -- Generating done (0.1s)
[1.654s] -- Build files have been written to: /home/anxie/vrx_hu501_ws/build/vrx_gz
[1.664s] Invoked command in '/home/anxie/vrx_hu501_ws/build/vrx_gz' returned '0': AMENT_PREFIX_PATH=/home/anxie/vrx_hu501_ws/install:${AMENT_PREFIX_PATH} CMAKE_PREFIX_PATH=/home/anxie/vrx_hu501_ws/install:/opt/ros/jazzy/opt/gz_sim_vendor:/opt/ros/jazzy/opt/gz_sensors_vendor:/opt/ros/jazzy/opt/gz_physics_vendor:/opt/ros/jazzy/opt/sdformat_vendor:/opt/ros/jazzy/opt/gz_gui_vendor:/opt/ros/jazzy/opt/gz_transport_vendor:/opt/ros/jazzy/opt/gz_rendering_vendor:/opt/ros/jazzy/opt/gz_plugin_vendor:/opt/ros/jazzy/opt/gz_fuel_tools_vendor:/opt/ros/jazzy/opt/gz_msgs_vendor:/opt/ros/jazzy/opt/gz_common_vendor:/opt/ros/jazzy/opt/gz_math_vendor:/opt/ros/jazzy/opt/gz_utils_vendor:/opt/ros/jazzy/opt/gz_tools_vendor:/opt/ros/jazzy/opt/gz_ogre_next_vendor:/opt/ros/jazzy/opt/gz_dartsim_vendor:/opt/ros/jazzy/opt/gz_cmake_vendor:/opt/ros/jazzy DEBUGINFOD_URLS=https://debuginfod.ubuntu.com GZ_SIM_RESOURCE_PATH=/home/anxie/vrx_hu501_ws/install/share/wamv_description/models:/home/anxie/vrx_hu501_ws/install/share/vrx_gazebo/models:/home/anxie/vrx_hu501_ws/install/share:${GZ_SIM_RESOURCE_PATH} PYTHONPATH=/home/anxie/vrx_hu501_ws/install/lib/python3.12/site-packages:${PYTHONPATH} /usr/bin/cmake /home/anxie/vrx_hu501_ws/src/vrx/vrx_gz -DCMAKE_INSTALL_PREFIX=/home/anxie/vrx_hu501_ws/install
[1.665s] Invoking command in '/home/anxie/vrx_hu501_ws/build/vrx_gz': AMENT_PREFIX_PATH=/home/anxie/vrx_hu501_ws/install:${AMENT_PREFIX_PATH} CMAKE_PREFIX_PATH=/home/anxie/vrx_hu501_ws/install:/opt/ros/jazzy/opt/gz_sim_vendor:/opt/ros/jazzy/opt/gz_sensors_vendor:/opt/ros/jazzy/opt/gz_physics_vendor:/opt/ros/jazzy/opt/sdformat_vendor:/opt/ros/jazzy/opt/gz_gui_vendor:/opt/ros/jazzy/opt/gz_transport_vendor:/opt/ros/jazzy/opt/gz_rendering_vendor:/opt/ros/jazzy/opt/gz_plugin_vendor:/opt/ros/jazzy/opt/gz_fuel_tools_vendor:/opt/ros/jazzy/opt/gz_msgs_vendor:/opt/ros/jazzy/opt/gz_common_vendor:/opt/ros/jazzy/opt/gz_math_vendor:/opt/ros/jazzy/opt/gz_utils_vendor:/opt/ros/jazzy/opt/gz_tools_vendor:/opt/ros/jazzy/opt/gz_ogre_next_vendor:/opt/ros/jazzy/opt/gz_dartsim_vendor:/opt/ros/jazzy/opt/gz_cmake_vendor:/opt/ros/jazzy DEBUGINFOD_URLS=https://debuginfod.ubuntu.com GZ_SIM_RESOURCE_PATH=/home/anxie/vrx_hu501_ws/install/share/wamv_description/models:/home/anxie/vrx_hu501_ws/install/share/vrx_gazebo/models:/home/anxie/vrx_hu501_ws/install/share:${GZ_SIM_RESOURCE_PATH} PYTHONPATH=/home/anxie/vrx_hu501_ws/install/lib/python3.12/site-packages:${PYTHONPATH} /usr/bin/cmake --build /home/anxie/vrx_hu501_ws/build/vrx_gz -- -j16 -l16
[1.702s] [  2%] [32mBuilding CXX object CMakeFiles/Waves.dir/src/Wavefield.cc.o[0m
[1.704s] [  4%] [32mBuilding CXX object CMakeFiles/ScoringPlugin.dir/src/ScoringPlugin.cc.o[0m
[1.710s] [  4%] Built target ament_cmake_python_copy_vrx_gz
[1.844s] running egg_info
[1.844s] creating vrx_gz.egg-info
[1.855s] writing vrx_gz.egg-info/PKG-INFO
[1.855s] writing dependency_links to vrx_gz.egg-info/dependency_links.txt
[1.855s] writing top-level names to vrx_gz.egg-info/top_level.txt
[1.855s] writing manifest file 'vrx_gz.egg-info/SOURCES.txt'
[1.889s] reading manifest file 'vrx_gz.egg-info/SOURCES.txt'
[1.889s] writing manifest file 'vrx_gz.egg-info/SOURCES.txt'
[1.908s] [  4%] Built target ament_cmake_python_build_vrx_gz_egg
[3.724s] [  6%] [32m[1mLinking CXX shared library libWaves.so[0m
[3.879s] [  6%] Built target Waves
[3.895s] [  8%] [32mBuilding CXX object CMakeFiles/PolyhedraBuoyancyDrag.dir/src/PolyhedraBuoyancyDrag.cc.o[0m
[3.898s] [ 12%] [32mBuilding CXX object CMakeFiles/PolyhedraBuoyancyDrag.dir/src/ShapeVolume.cc.o[0m
[3.898s] [ 12%] [32mBuilding CXX object CMakeFiles/PolyhedraBuoyancyDrag.dir/src/PolyhedronVolume.cc.o[0m
[4.495s] [ 14%] [32m[1mLinking CXX shared library libScoringPlugin.so[0m
[4.634s] [ 14%] Built target ScoringPlugin
[4.653s] [ 18%] [32mBuilding CXX object CMakeFiles/GymkhanaScoringPlugin.dir/src/GymkhanaScoringPlugin.cc.o[0m
[4.653s] [ 18%] [32mBuilding CXX object CMakeFiles/WayfindingScoringPlugin.dir/src/WayfindingScoringPlugin.cc.o[0m
[4.653s] [ 22%] [32mBuilding CXX object CMakeFiles/AcousticTrackingScoringPlugin.dir/src/AcousticTrackingScoringPlugin.cc.o[0m
[4.653s] [ 22%] [32mBuilding CXX object CMakeFiles/ScanDockScoringPlugin.dir/src/ScanDockScoringPlugin.cc.o[0m
[4.653s] [ 25%] [32mBuilding CXX object CMakeFiles/NavigationScoringPlugin.dir/src/NavigationScoringPlugin.cc.o[0m
[4.653s] [ 27%] [32mBuilding CXX object CMakeFiles/AcousticPingerPlugin.dir/src/AcousticPingerPlugin.cc.o[0m
[4.653s] [ 29%] [32mBuilding CXX object CMakeFiles/BallShooterPlugin.dir/src/BallShooterPlugin.cc.o[0m
[4.653s] [ 31%] [32mBuilding CXX object CMakeFiles/AcousticPerceptionScoringPlugin.dir/src/AcousticPerceptionScoringPlugin.cc.o[0m
[4.653s] [ 33%] [32mBuilding CXX object CMakeFiles/LightBuoyPlugin.dir/src/LightBuoyPlugin.cc.o[0m
[4.653s] [ 35%] [32mBuilding CXX object CMakeFiles/PublisherPlugin.dir/src/PublisherPlugin.cc.o[0m
[4.653s] [ 37%] [32mBuilding CXX object CMakeFiles/PlacardPlugin.dir/src/PlacardPlugin.cc.o[0m
[4.653s] [ 39%] [32mBuilding CXX object CMakeFiles/PerceptionScoringPlugin.dir/src/PerceptionScoringPlugin.cc.o[0m
[4.654s] [ 41%] [32mBuilding CXX object CMakeFiles/SimpleHydrodynamics.dir/src/SimpleHydrodynamics.cc.o[0m
[4.654s] [ 43%] [32mBuilding CXX object CMakeFiles/StationkeepingScoringPlugin.dir/src/StationkeepingScoringPlugin.cc.o[0m
[4.826s] [ 45%] [32mBuilding CXX object CMakeFiles/StationkeepingScoringPlugin.dir/src/WaypointMarkers.cc.o[0m
[7.873s] [ 47%] [32m[1mLinking CXX shared library libPublisherPlugin.so[0m
[8.085s] [ 47%] Built target PublisherPlugin
[8.094s] [ 50%] [32mBuilding CXX object CMakeFiles/AcousticTrackingScoringPlugin.dir/src/WaypointMarkers.cc.o[0m
[8.109s] [ 52%] [32mBuilding CXX object CMakeFiles/AcousticPerceptionScoringPlugin.dir/src/WaypointMarkers.cc.o[0m
[8.208s] [ 54%] [32m[1mLinking CXX shared library libLightBuoyPlugin.so[0m
[8.488s] [ 54%] Built target LightBuoyPlugin
[8.512s] [ 56%] [32mBuilding CXX object CMakeFiles/Surface.dir/src/Surface.cc.o[0m
[8.683s] [ 58%] [32m[1mLinking CXX shared library libGymkhanaScoringPlugin.so[0m
[8.742s] [ 60%] [32m[1mLinking CXX shared library libPolyhedraBuoyancyDrag.so[0m
[8.952s] [ 60%] Built target GymkhanaScoringPlugin
[8.961s] [ 62%] [32mBuilding CXX object CMakeFiles/WayfindingScoringPlugin.dir/src/WaypointMarkers.cc.o[0m
[9.022s] [ 62%] Built target PolyhedraBuoyancyDrag
[9.043s] [ 64%] [32mBuilding CXX object CMakeFiles/USVWind.dir/src/USVWind.cc.o[0m
[9.406s] [ 66%] [32m[1mLinking CXX shared library libSimpleHydrodynamics.so[0m
[9.628s] [ 66%] Built target SimpleHydrodynamics
[9.648s] [ 68%] [32mBuilding CXX object CMakeFiles/WaveVisual.dir/src/WaveVisual.cc.o[0m
[9.882s] [ 70%] [32m[1mLinking CXX shared library libPlacardPlugin.so[0m
[10.080s] [ 72%] [32m[1mLinking CXX shared library libAcousticPingerPlugin.so[0m
[10.142s] [ 72%] Built target PlacardPlugin
[10.157s] [ 75%] [32mBuilding CXX object CMakeFiles/WildlifeScoringPlugin.dir/src/WildlifeScoringPlugin.cc.o[0m
[10.353s] [ 75%] Built target AcousticPingerPlugin
[10.390s] [ 77%] [32m[1mLinking CXX shared library libNavigationScoringPlugin.so[0m
[10.513s] [ 79%] [32m[1mLinking CXX shared library libPerceptionScoringPlugin.so[0m
[10.660s] [ 79%] Built target NavigationScoringPlugin
[10.808s] [ 79%] Built target PerceptionScoringPlugin
[10.824s] [ 81%] [32m[1mLinking CXX shared library libBallShooterPlugin.so[0m
[10.957s] [ 83%] [32m[1mLinking CXX shared library libScanDockScoringPlugin.so[0m
[11.010s] [ 83%] Built target BallShooterPlugin
[11.037s] [ 85%] [32m[1mLinking CXX shared library libAcousticPerceptionScoringPlugin.so[0m
[11.146s] [ 87%] [32m[1mLinking CXX shared library libStationkeepingScoringPlugin.so[0m
[11.147s] [ 87%] Built target ScanDockScoringPlugin
[11.219s] [ 87%] Built target AcousticPerceptionScoringPlugin
[11.320s] [ 87%] Built target StationkeepingScoringPlugin
[11.464s] [ 89%] [32m[1mLinking CXX shared library libAcousticTrackingScoringPlugin.so[0m
[11.636s] [ 89%] Built target AcousticTrackingScoringPlugin
[11.650s] [ 91%] [32m[1mLinking CXX shared library libWayfindingScoringPlugin.so[0m
[11.819s] [ 91%] Built target WayfindingScoringPlugin
[12.348s] [ 93%] [32m[1mLinking CXX shared library libSurface.so[0m
[12.509s] [ 93%] Built target Surface
[13.295s] [ 95%] [32m[1mLinking CXX shared library libUSVWind.so[0m
[13.442s] [ 95%] Built target USVWind
[13.820s] [ 97%] [32m[1mLinking CXX shared library libWildlifeScoringPlugin.so[0m
[13.879s] [100%] [32m[1mLinking CXX shared library libWaveVisual.so[0m
[13.978s] [100%] Built target WildlifeScoringPlugin
[14.035s] [100%] Built target WaveVisual
[14.042s] Invoked command in '/home/anxie/vrx_hu501_ws/build/vrx_gz' returned '0': AMENT_PREFIX_PATH=/home/anxie/vrx_hu501_ws/install:${AMENT_PREFIX_PATH} CMAKE_PREFIX_PATH=/home/anxie/vrx_hu501_ws/install:/opt/ros/jazzy/opt/gz_sim_vendor:/opt/ros/jazzy/opt/gz_sensors_vendor:/opt/ros/jazzy/opt/gz_physics_vendor:/opt/ros/jazzy/opt/sdformat_vendor:/opt/ros/jazzy/opt/gz_gui_vendor:/opt/ros/jazzy/opt/gz_transport_vendor:/opt/ros/jazzy/opt/gz_rendering_vendor:/opt/ros/jazzy/opt/gz_plugin_vendor:/opt/ros/jazzy/opt/gz_fuel_tools_vendor:/opt/ros/jazzy/opt/gz_msgs_vendor:/opt/ros/jazzy/opt/gz_common_vendor:/opt/ros/jazzy/opt/gz_math_vendor:/opt/ros/jazzy/opt/gz_utils_vendor:/opt/ros/jazzy/opt/gz_tools_vendor:/opt/ros/jazzy/opt/gz_ogre_next_vendor:/opt/ros/jazzy/opt/gz_dartsim_vendor:/opt/ros/jazzy/opt/gz_cmake_vendor:/opt/ros/jazzy DEBUGINFOD_URLS=https://debuginfod.ubuntu.com GZ_SIM_RESOURCE_PATH=/home/anxie/vrx_hu501_ws/install/share/wamv_description/models:/home/anxie/vrx_hu501_ws/install/share/vrx_gazebo/models:/home/anxie/vrx_hu501_ws/install/share:${GZ_SIM_RESOURCE_PATH} PYTHONPATH=/home/anxie/vrx_hu501_ws/install/lib/python3.12/site-packages:${PYTHONPATH} /usr/bin/cmake --build /home/anxie/vrx_hu501_ws/build/vrx_gz -- -j16 -l16
[14.044s] Invoking command in '/home/anxie/vrx_hu501_ws/build/vrx_gz': AMENT_PREFIX_PATH=/home/anxie/vrx_hu501_ws/install:${AMENT_PREFIX_PATH} CMAKE_PREFIX_PATH=/home/anxie/vrx_hu501_ws/install:/opt/ros/jazzy/opt/gz_sim_vendor:/opt/ros/jazzy/opt/gz_sensors_vendor:/opt/ros/jazzy/opt/gz_physics_vendor:/opt/ros/jazzy/opt/sdformat_vendor:/opt/ros/jazzy/opt/gz_gui_vendor:/opt/ros/jazzy/opt/gz_transport_vendor:/opt/ros/jazzy/opt/gz_rendering_vendor:/opt/ros/jazzy/opt/gz_plugin_vendor:/opt/ros/jazzy/opt/gz_fuel_tools_vendor:/opt/ros/jazzy/opt/gz_msgs_vendor:/opt/ros/jazzy/opt/gz_common_vendor:/opt/ros/jazzy/opt/gz_math_vendor:/opt/ros/jazzy/opt/gz_utils_vendor:/opt/ros/jazzy/opt/gz_tools_vendor:/opt/ros/jazzy/opt/gz_ogre_next_vendor:/opt/ros/jazzy/opt/gz_dartsim_vendor:/opt/ros/jazzy/opt/gz_cmake_vendor:/opt/ros/jazzy DEBUGINFOD_URLS=https://debuginfod.ubuntu.com GZ_SIM_RESOURCE_PATH=/home/anxie/vrx_hu501_ws/install/share/wamv_description/models:/home/anxie/vrx_hu501_ws/install/share/vrx_gazebo/models:/home/anxie/vrx_hu501_ws/install/share:${GZ_SIM_RESOURCE_PATH} PYTHONPATH=/home/anxie/vrx_hu501_ws/install/lib/python3.12/site-packages:${PYTHONPATH} /usr/bin/cmake --install /home/anxie/vrx_hu501_ws/build/vrx_gz
[14.050s] -- Install configuration: ""
[14.050s] -- Installing: /home/anxie/vrx_hu501_ws/install/share/vrx_gz/environment/resource_paths.dsv
[14.050s] -- Installing: /home/anxie/vrx_hu501_ws/install/share/vrx_gz/environment/resource_paths.sh
[14.050s] -- Installing: /home/anxie/vrx_hu501_ws/install/lib/libWaves.so
[14.051s] -- Set non-toolchain portion of runtime path of "/home/anxie/vrx_hu501_ws/install/lib/libWaves.so" to ""
[14.051s] -- Installing: /home/anxie/vrx_hu501_ws/install/lib/libPolyhedraBuoyancyDrag.so
[14.051s] -- Set non-toolchain portion of runtime path of "/home/anxie/vrx_hu501_ws/install/lib/libPolyhedraBuoyancyDrag.so" to ""
[14.051s] -- Installing: /home/anxie/vrx_hu501_ws/install/lib/libScoringPlugin.so
[14.052s] -- Set non-toolchain portion of runtime path of "/home/anxie/vrx_hu501_ws/install/lib/libScoringPlugin.so" to ""
[14.052s] -- Installing: /home/anxie/vrx_hu501_ws/install/lib/libStationkeepingScoringPlugin.so
[14.053s] -- Set non-toolchain portion of runtime path of "/home/anxie/vrx_hu501_ws/install/lib/libStationkeepingScoringPlugin.so" to ""
[14.053s] -- Installing: /home/anxie/vrx_hu501_ws/install/lib/libWayfindingScoringPlugin.so
[14.054s] -- Set non-toolchain portion of runtime path of "/home/anxie/vrx_hu501_ws/install/lib/libWayfindingScoringPlugin.so" to ""
[14.054s] -- Installing: /home/anxie/vrx_hu501_ws/install/lib/libAcousticPerceptionScoringPlugin.so
[14.055s] -- Set non-toolchain portion of runtime path of "/home/anxie/vrx_hu501_ws/install/lib/libAcousticPerceptionScoringPlugin.so" to ""
[14.055s] -- Installing: /home/anxie/vrx_hu501_ws/install/lib/libAcousticTrackingScoringPlugin.so
[14.055s] -- Set non-toolchain portion of runtime path of "/home/anxie/vrx_hu501_ws/install/lib/libAcousticTrackingScoringPlugin.so" to ""
[14.055s] -- Installing: /home/anxie/vrx_hu501_ws/install/lib/libAcousticPingerPlugin.so
[14.056s] -- Set non-toolchain portion of runtime path of "/home/anxie/vrx_hu501_ws/install/lib/libAcousticPingerPlugin.so" to ""
[14.056s] -- Installing: /home/anxie/vrx_hu501_ws/install/lib/libBallShooterPlugin.so
[14.057s] -- Set non-toolchain portion of runtime path of "/home/anxie/vrx_hu501_ws/install/lib/libBallShooterPlugin.so" to ""
[14.057s] -- Installing: /home/anxie/vrx_hu501_ws/install/lib/libLightBuoyPlugin.so
[14.058s] -- Set non-toolchain portion of runtime path of "/home/anxie/vrx_hu501_ws/install/lib/libLightBuoyPlugin.so" to ""
[14.058s] -- Installing: /home/anxie/vrx_hu501_ws/install/lib/libNavigationScoringPlugin.so
[14.058s] -- Set non-toolchain portion of runtime path of "/home/anxie/vrx_hu501_ws/install/lib/libNavigationScoringPlugin.so" to ""
[14.058s] -- Installing: /home/anxie/vrx_hu501_ws/install/lib/libGymkhanaScoringPlugin.so
[14.059s] -- Set non-toolchain portion of runtime path of "/home/anxie/vrx_hu501_ws/install/lib/libGymkhanaScoringPlugin.so" to ""
[14.059s] -- Installing: /home/anxie/vrx_hu501_ws/install/lib/libPerceptionScoringPlugin.so
[14.060s] -- Set non-toolchain portion of runtime path of "/home/anxie/vrx_hu501_ws/install/lib/libPerceptionScoringPlugin.so" to ""
[14.060s] -- Installing: /home/anxie/vrx_hu501_ws/install/lib/libPlacardPlugin.so
[14.061s] -- Set non-toolchain portion of runtime path of "/home/anxie/vrx_hu501_ws/install/lib/libPlacardPlugin.so" to ""
[14.061s] -- Installing: /home/anxie/vrx_hu501_ws/install/lib/libPublisherPlugin.so
[14.061s] -- Set non-toolchain portion of runtime path of "/home/anxie/vrx_hu501_ws/install/lib/libPublisherPlugin.so" to ""
[14.061s] -- Installing: /home/anxie/vrx_hu501_ws/install/lib/libScanDockScoringPlugin.so
[14.062s] -- Set non-toolchain portion of runtime path of "/home/anxie/vrx_hu501_ws/install/lib/libScanDockScoringPlugin.so" to ""
[14.062s] -- Installing: /home/anxie/vrx_hu501_ws/install/lib/libSimpleHydrodynamics.so
[14.063s] -- Set non-toolchain portion of runtime path of "/home/anxie/vrx_hu501_ws/install/lib/libSimpleHydrodynamics.so" to ""
[14.063s] -- Installing: /home/anxie/vrx_hu501_ws/install/lib/libSurface.so
[14.063s] -- Set non-toolchain portion of runtime path of "/home/anxie/vrx_hu501_ws/install/lib/libSurface.so" to ""
[14.063s] -- Installing: /home/anxie/vrx_hu501_ws/install/lib/libUSVWind.so
[14.064s] -- Set non-toolchain portion of runtime path of "/home/anxie/vrx_hu501_ws/install/lib/libUSVWind.so" to ""
[14.064s] -- Installing: /home/anxie/vrx_hu501_ws/install/lib/libWaveVisual.so
[14.065s] -- Set non-toolchain portion of runtime path of "/home/anxie/vrx_hu501_ws/install/lib/libWaveVisual.so" to ""
[14.065s] -- Installing: /home/anxie/vrx_hu501_ws/install/lib/libWildlifeScoringPlugin.so
[14.066s] -- Set non-toolchain portion of runtime path of "/home/anxie/vrx_hu501_ws/install/lib/libWildlifeScoringPlugin.so" to ""
[14.066s] -- Installing: /home/anxie/vrx_hu501_ws/install/share/vrx_gz/environment/pythonpath.sh
[14.066s] -- Installing: /home/anxie/vrx_hu501_ws/install/share/vrx_gz/environment/pythonpath.dsv
[14.066s] -- Installing: /home/anxie/vrx_hu501_ws/install/lib/python3.12/site-packages/vrx_gz-0.0.0-py3.12.egg-info
[14.066s] -- Installing: /home/anxie/vrx_hu501_ws/install/lib/python3.12/site-packages/vrx_gz-0.0.0-py3.12.egg-info/top_level.txt
[14.066s] -- Installing: /home/anxie/vrx_hu501_ws/install/lib/python3.12/site-packages/vrx_gz-0.0.0-py3.12.egg-info/SOURCES.txt
[14.066s] -- Installing: /home/anxie/vrx_hu501_ws/install/lib/python3.12/site-packages/vrx_gz-0.0.0-py3.12.egg-info/dependency_links.txt
[14.066s] -- Installing: /home/anxie/vrx_hu501_ws/install/lib/python3.12/site-packages/vrx_gz-0.0.0-py3.12.egg-info/PKG-INFO
[14.066s] -- Installing: /home/anxie/vrx_hu501_ws/install/lib/python3.12/site-packages/vrx_gz
[14.066s] -- Installing: /home/anxie/vrx_hu501_ws/install/lib/python3.12/site-packages/vrx_gz/model.py
[14.066s] -- Installing: /home/anxie/vrx_hu501_ws/install/lib/python3.12/site-packages/vrx_gz/launch.py
[14.066s] -- Installing: /home/anxie/vrx_hu501_ws/install/lib/python3.12/site-packages/vrx_gz/__init__.py
[14.066s] -- Installing: /home/anxie/vrx_hu501_ws/install/lib/python3.12/site-packages/vrx_gz/bridges.py
[14.066s] -- Installing: /home/anxie/vrx_hu501_ws/install/lib/python3.12/site-packages/vrx_gz/bridge.py
[14.066s] -- Installing: /home/anxie/vrx_hu501_ws/install/lib/python3.12/site-packages/vrx_gz/payload_bridges.py
[14.094s] Listing '/home/anxie/vrx_hu501_ws/install/lib/python3.12/site-packages/vrx_gz'...
[14.094s] Compiling '/home/anxie/vrx_hu501_ws/install/lib/python3.12/site-packages/vrx_gz/__init__.py'...
[14.094s] Compiling '/home/anxie/vrx_hu501_ws/install/lib/python3.12/site-packages/vrx_gz/bridge.py'...
[14.094s] Compiling '/home/anxie/vrx_hu501_ws/install/lib/python3.12/site-packages/vrx_gz/bridges.py'...
[14.094s] Compiling '/home/anxie/vrx_hu501_ws/install/lib/python3.12/site-packages/vrx_gz/launch.py'...
[14.094s] Compiling '/home/anxie/vrx_hu501_ws/install/lib/python3.12/site-packages/vrx_gz/model.py'...
[14.094s] Compiling '/home/anxie/vrx_hu501_ws/install/lib/python3.12/site-packages/vrx_gz/payload_bridges.py'...
[14.097s] -- Installing: /home/anxie/vrx_hu501_ws/install/share/vrx_gz/config
[14.097s] -- Installing: /home/anxie/vrx_hu501_ws/install/share/vrx_gz/config/roboboat.yaml
[14.097s] -- Installing: /home/anxie/vrx_hu501_ws/install/share/vrx_gz/config/wamv.yaml
[14.097s] -- Installing: /home/anxie/vrx_hu501_ws/install/share/vrx_gz/launch
[14.097s] -- Installing: /home/anxie/vrx_hu501_ws/install/share/vrx_gz/launch/vrx_environment.launch.py
[14.097s] -- Installing: /home/anxie/vrx_hu501_ws/install/share/vrx_gz/launch/spawn.launch.py
[14.097s] -- Installing: /home/anxie/vrx_hu501_ws/install/share/vrx_gz/launch/competition.launch.py
[14.098s] -- Installing: /home/anxie/vrx_hu501_ws/install/share/vrx_gz/launch/usv_joy_teleop.py
[14.098s] -- Installing: /home/anxie/vrx_hu501_ws/install/share/vrx_gz/launch/spawn_config.launch.py
[14.098s] -- Installing: /home/anxie/vrx_hu501_ws/install/share/vrx_gz/models
[14.098s] -- Installing: /home/anxie/vrx_hu501_ws/install/share/vrx_gz/models/dock_block_4x4
[14.098s] -- Installing: /home/anxie/vrx_hu501_ws/install/share/vrx_gz/models/dock_block_4x4/model.sdf
[14.098s] -- Installing: /home/anxie/vrx_hu501_ws/install/share/vrx_gz/models/dock_block_4x4/mesh
[14.098s] -- Installing: /home/anxie/vrx_hu501_ws/install/share/vrx_gz/models/dock_block_4x4/mesh/DockCubes_Albedo.png
[14.098s] -- Installing: /home/anxie/vrx_hu501_ws/install/share/vrx_gz/models/dock_block_4x4/mesh/DockCubes_Roughness.png
[14.098s] -- Installing: /home/anxie/vrx_hu501_ws/install/share/vrx_gz/models/dock_block_4x4/mesh/DockCubes_Normal.png
[14.107s] -- Installing: /home/anxie/vrx_hu501_ws/install/share/vrx_gz/models/dock_block_4x4/mesh/dock_block_4x4.dae
[14.108s] -- Installing: /home/anxie/vrx_hu501_ws/install/share/vrx_gz/models/dock_block_4x4/mesh/DockCubes_Metalness.png
[14.108s] -- Installing: /home/anxie/vrx_hu501_ws/install/share/vrx_gz/models/dock_block_4x4/model.config
[14.108s] -- Installing: /home/anxie/vrx_hu501_ws/install/share/vrx_gz/models/short_navigation_course_5
[14.108s] -- Installing: /home/anxie/vrx_hu501_ws/install/share/vrx_gz/models/short_navigation_course_5/model.sdf
[14.108s] -- Installing: /home/anxie/vrx_hu501_ws/install/share/vrx_gz/models/short_navigation_course_5/model.config
[14.108s] -- Installing: /home/anxie/vrx_hu501_ws/install/share/vrx_gz/models/robotx_light_buoy_rgb
[14.108s] -- Installing: /home/anxie/vrx_hu501_ws/install/share/vrx_gz/models/robotx_light_buoy_rgb/model.sdf
[14.108s] -- Installing: /home/anxie/vrx_hu501_ws/install/share/vrx_gz/models/robotx_light_buoy_rgb/mesh
[14.108s] -- Installing: /home/anxie/vrx_hu501_ws/install/share/vrx_gz/models/robotx_light_buoy_rgb/mesh/LightTower_Roughness.png
[14.108s] -- Installing: /home/anxie/vrx_hu501_ws/install/share/vrx_gz/models/robotx_light_buoy_rgb/mesh/LightTower_Albedo.png
[14.109s] -- Installing: /home/anxie/vrx_hu501_ws/install/share/vrx_gz/models/robotx_light_buoy_rgb/mesh/LightTower_Opacity.png
[14.109s] -- Installing: /home/anxie/vrx_hu501_ws/install/share/vrx_gz/models/robotx_light_buoy_rgb/mesh/robotx_light_buoy.dae
[14.110s] -- Installing: /home/anxie/vrx_hu501_ws/install/share/vrx_gz/models/robotx_light_buoy_rgb/mesh/LightTower_Metalness.png
[14.110s] -- Installing: /home/anxie/vrx_hu501_ws/install/share/vrx_gz/models/robotx_light_buoy_rgb/mesh/LightTower_Normal.png
[14.111s] -- Installing: /home/anxie/vrx_hu501_ws/install/share/vrx_gz/models/robotx_light_buoy_rgb/model.config
[14.111s] -- Installing: /home/anxie/vrx_hu501_ws/install/share/vrx_gz/models/short_navigation_course_3
[14.111s] -- Installing: /home/anxie/vrx_hu501_ws/install/share/vrx_gz/models/short_navigation_course_3/model.sdf
[14.111s] -- Installing: /home/anxie/vrx_hu501_ws/install/share/vrx_gz/models/short_navigation_course_3/model.config
[14.111s] -- Installing: /home/anxie/vrx_hu501_ws/install/share/vrx_gz/models/platform
[14.111s] -- Installing: /home/anxie/vrx_hu501_ws/install/share/vrx_gz/models/platform/model.sdf
[14.111s] -- Installing: /home/anxie/vrx_hu501_ws/install/share/vrx_gz/models/platform/model.config
[14.111s] -- Installing: /home/anxie/vrx_hu501_ws/install/share/vrx_gz/models/robotx_light_buoy_ybr
[14.111s] -- Installing: /home/anxie/vrx_hu501_ws/install/share/vrx_gz/models/robotx_light_buoy_ybr/model.sdf
[14.111s] -- Installing: /home/anxie/vrx_hu501_ws/install/share/vrx_gz/models/robotx_light_buoy_ybr/model.config
[14.111s] -- Installing: /home/anxie/vrx_hu501_ws/install/share/vrx_gz/models/symbol_triangle
[14.111s] -- Installing: /home/anxie/vrx_hu501_ws/install/share/vrx_gz/models/symbol_triangle/model.sdf
[14.112s] -- Installing: /home/anxie/vrx_hu501_ws/install/share/vrx_gz/models/symbol_triangle/mesh
[14.112s] -- Installing: /home/anxie/vrx_hu501_ws/install/share/vrx_gz/models/symbol_triangle/mesh/triangle.dae
[14.112s] -- Installing: /home/anxie/vrx_hu501_ws/install/share/vrx_gz/models/symbol_triangle/model.config
[14.112s] -- Installing: /home/anxie/vrx_hu501_ws/install/share/vrx_gz/models/entrance_exit
[14.112s] -- Installing: /home/anxie/vrx_hu501_ws/install/share/vrx_gz/models/entrance_exit/model.sdf
[14.112s] -- Installing: /home/anxie/vrx_hu501_ws/install/share/vrx_gz/models/entrance_exit/model.config
[14.112s] -- Installing: /home/anxie/vrx_hu501_ws/install/share/vrx_gz/models/robotx_light_buoy_ygb
[14.112s] -- Installing: /home/anxie/vrx_hu501_ws/install/share/vrx_gz/models/robotx_light_buoy_ygb/model.sdf
[14.112s] -- Installing: /home/anxie/vrx_hu501_ws/install/share/vrx_gz/models/robotx_light_buoy_ygb/model.config
[14.112s] -- Installing: /home/anxie/vrx_hu501_ws/install/share/vrx_gz/models/robotx_light_buoy_rbg
[14.112s] -- Installing: /home/anxie/vrx_hu501_ws/install/share/vrx_gz/models/robotx_light_buoy_rbg/model.sdf
[14.112s] -- Installing: /home/anxie/vrx_hu501_ws/install/share/vrx_gz/models/robotx_light_buoy_rbg/model.config
[14.112s] -- Installing: /home/anxie/vrx_hu501_ws/install/share/vrx_gz/models/dock_2022
[14.112s] -- Installing: /home/anxie/vrx_hu501_ws/install/share/vrx_gz/models/dock_2022/model.sdf
[14.112s] -- Installing: /home/anxie/vrx_hu501_ws/install/share/vrx_gz/models/dock_2022/model.config
[14.112s] -- Installing: /home/anxie/vrx_hu501_ws/install/share/vrx_gz/models/roboboat01
[14.112s] -- Installing: /home/anxie/vrx_hu501_ws/install/share/vrx_gz/models/roboboat01/meshes
[14.112s] -- Installing: /home/anxie/vrx_hu501_ws/install/share/vrx_gz/models/roboboat01/meshes/roboboat01.dae
[14.112s] -- Installing: /home/anxie/vrx_hu501_ws/install/share/vrx_gz/models/roboboat01/meshes/prop.dae
[14.112s] -- Installing: /home/anxie/vrx_hu501_ws/install/share/vrx_gz/models/roboboat01/meshes/mount.dae
[14.112s] -- Installing: /home/anxie/vrx_hu501_ws/install/share/vrx_gz/models/roboboat01/meshes/housing.dae
[14.112s] -- Installing: /home/anxie/vrx_hu501_ws/install/share/vrx_gz/models/roboboat01/materials
[14.112s] -- Installing: /home/anxie/vrx_hu501_ws/install/share/vrx_gz/models/roboboat01/materials/scripts
[14.112s] -- Installing: /home/anxie/vrx_hu501_ws/install/share/vrx_gz/models/roboboat01/materials/scripts/model.material
[14.112s] -- Installing: /home/anxie/vrx_hu501_ws/install/share/vrx_gz/models/roboboat01/materials/textures
[14.113s] -- Installing: /home/anxie/vrx_hu501_ws/install/share/vrx_gz/models/roboboat01/materials/textures/Boat01_Roughness.png
[14.114s] -- Installing: /home/anxie/vrx_hu501_ws/install/share/vrx_gz/models/roboboat01/materials/textures/Boat01_Normal.png
[14.114s] -- Installing: /home/anxie/vrx_hu501_ws/install/share/vrx_gz/models/roboboat01/materials/textures/Boat01_Metallic.png
[14.114s] -- Installing: /home/anxie/vrx_hu501_ws/install/share/vrx_gz/models/roboboat01/materials/textures/Thruster_Albedo.png
[14.115s] -- Installing: /home/anxie/vrx_hu501_ws/install/share/vrx_gz/models/roboboat01/materials/textures/Thruster_Roughness.png
[14.115s] -- Installing: /home/anxie/vrx_hu501_ws/install/share/vrx_gz/models/roboboat01/materials/textures/Boat01_Albedo.png
[14.117s] -- Installing: /home/anxie/vrx_hu501_ws/install/share/vrx_gz/models/roboboat01/model.sdf
[14.117s] -- Installing: /home/anxie/vrx_hu501_ws/install/share/vrx_gz/models/roboboat01/model.config
[14.117s] -- Installing: /home/anxie/vrx_hu501_ws/install/share/vrx_gz/models/obstacle_course
[14.117s] -- Installing: /home/anxie/vrx_hu501_ws/install/share/vrx_gz/models/obstacle_course/model.sdf
[14.117s] -- Installing: /home/anxie/vrx_hu501_ws/install/share/vrx_gz/models/obstacle_course/model.config
[14.117s] -- Installing: /home/anxie/vrx_hu501_ws/install/share/vrx_gz/models/short_navigation_course_1
[14.117s] -- Installing: /home/anxie/vrx_hu501_ws/install/share/vrx_gz/models/short_navigation_course_1/model.sdf
[14.117s] -- Installing: /home/anxie/vrx_hu501_ws/install/share/vrx_gz/models/short_navigation_course_1/model.config
[14.117s] -- Installing: /home/anxie/vrx_hu501_ws/install/share/vrx_gz/models/coast_waves
[14.117s] -- Installing: /home/anxie/vrx_hu501_ws/install/share/vrx_gz/models/coast_waves/meshes
[14.117s] -- Installing: /home/anxie/vrx_hu501_ws/install/share/vrx_gz/models/coast_waves/meshes/waterlow.dae
[14.122s] -- Installing: /home/anxie/vrx_hu501_ws/install/share/vrx_gz/models/coast_waves/materials
[14.122s] -- Installing: /home/anxie/vrx_hu501_ws/install/share/vrx_gz/models/coast_waves/materials/programs
[14.122s] -- Installing: /home/anxie/vrx_hu501_ws/install/share/vrx_gz/models/coast_waves/materials/programs/GerstnerWaves_fs_330.glsl
[14.122s] -- Installing: /home/anxie/vrx_hu501_ws/install/share/vrx_gz/models/coast_waves/materials/programs/GerstnerWaves_vs_330.glsl
[14.122s] -- Installing: /home/anxie/vrx_hu501_ws/install/share/vrx_gz/models/coast_waves/materials/textures
[14.122s] -- Installing: /home/anxie/vrx_hu501_ws/install/share/vrx_gz/models/coast_waves/materials/textures/wave_normals.dds
[14.122s] -- Installing: /home/anxie/vrx_hu501_ws/install/share/vrx_gz/models/coast_waves/materials/textures/skybox_lowres.dds
[14.122s] -- Installing: /home/anxie/vrx_hu501_ws/install/share/vrx_gz/models/coast_waves/model.sdf
[14.122s] -- Installing: /home/anxie/vrx_hu501_ws/install/share/vrx_gz/models/coast_waves/model.config
[14.123s] -- Installing: /home/anxie/vrx_hu501_ws/install/share/vrx_gz/models/robotx_light_buoy_rgy
[14.123s] -- Installing: /home/anxie/vrx_hu501_ws/install/share/vrx_gz/models/robotx_light_buoy_rgy/model.sdf
[14.123s] -- Installing: /home/anxie/vrx_hu501_ws/install/share/vrx_gz/models/robotx_light_buoy_rgy/model.config
[14.123s] -- Installing: /home/anxie/vrx_hu501_ws/install/share/vrx_gz/models/short_navigation_course_0
[14.123s] -- Installing: /home/anxie/vrx_hu501_ws/install/share/vrx_gz/models/short_navigation_course_0/model.sdf
[14.123s] -- Installing: /home/anxie/vrx_hu501_ws/install/share/vrx_gz/models/short_navigation_course_0/model.config
[14.123s] -- Installing: /home/anxie/vrx_hu501_ws/install/share/vrx_gz/models/articulated_platform
[14.123s] -- Installing: /home/anxie/vrx_hu501_ws/install/share/vrx_gz/models/articulated_platform/model.sdf
[14.123s] -- Installing: /home/anxie/vrx_hu501_ws/install/share/vrx_gz/models/articulated_platform/model.config
[14.123s] -- Installing: /home/anxie/vrx_hu501_ws/install/share/vrx_gz/models/robotx_light_buoy_yrg
[14.123s] -- Installing: /home/anxie/vrx_hu501_ws/install/share/vrx_gz/models/robotx_light_buoy_yrg/model.sdf
[14.123s] -- Installing: /home/anxie/vrx_hu501_ws/install/share/vrx_gz/models/robotx_light_buoy_yrg/model.config
[14.123s] -- Installing: /home/anxie/vrx_hu501_ws/install/share/vrx_gz/models/robotx_light_buoy_gbr
[14.123s] -- Installing: /home/anxie/vrx_hu501_ws/install/share/vrx_gz/models/robotx_light_buoy_gbr/model.sdf
[14.123s] -- Installing: /home/anxie/vrx_hu501_ws/install/share/vrx_gz/models/robotx_light_buoy_gbr/model.config
[14.123s] -- Installing: /home/anxie/vrx_hu501_ws/install/share/vrx_gz/models/dock_2022_base
[14.123s] -- Installing: /home/anxie/vrx_hu501_ws/install/share/vrx_gz/models/dock_2022_base/model.sdf
[14.123s] -- Installing: /home/anxie/vrx_hu501_ws/install/share/vrx_gz/models/dock_2022_base/model.config
[14.123s] -- Installing: /home/anxie/vrx_hu501_ws/install/share/vrx_gz/models/placard_2022
[14.123s] -- Installing: /home/anxie/vrx_hu501_ws/install/share/vrx_gz/models/placard_2022/meshes
[14.123s] -- Installing: /home/anxie/vrx_hu501_ws/install/share/vrx_gz/models/placard_2022/meshes/placard_2022.dae
[14.123s] -- Installing: /home/anxie/vrx_hu501_ws/install/share/vrx_gz/models/placard_2022/materials
[14.123s] -- Installing: /home/anxie/vrx_hu501_ws/install/share/vrx_gz/models/placard_2022/materials/textures
[14.123s] -- Installing: /home/anxie/vrx_hu501_ws/install/share/vrx_gz/models/placard_2022/materials/textures/Placard.png
[14.123s] -- Installing: /home/anxie/vrx_hu501_ws/install/share/vrx_gz/models/placard_2022/model.sdf
[14.123s] -- Installing: /home/anxie/vrx_hu501_ws/install/share/vrx_gz/models/placard_2022/model.config
[14.123s] -- Installing: /home/anxie/vrx_hu501_ws/install/share/vrx_gz/models/roboboat_cpubox
[14.123s] -- Installing: /home/anxie/vrx_hu501_ws/install/share/vrx_gz/models/roboboat_cpubox/meshes
[14.124s] -- Installing: /home/anxie/vrx_hu501_ws/install/share/vrx_gz/models/roboboat_cpubox/meshes/drybox.dae
[14.124s] -- Installing: /home/anxie/vrx_hu501_ws/install/share/vrx_gz/models/roboboat_cpubox/materials
[14.124s] -- Installing: /home/anxie/vrx_hu501_ws/install/share/vrx_gz/models/roboboat_cpubox/materials/textures
[14.124s] -- Installing: /home/anxie/vrx_hu501_ws/install/share/vrx_gz/models/roboboat_cpubox/materials/textures/DryBox_Albedo.png
[14.126s] -- Installing: /home/anxie/vrx_hu501_ws/install/share/vrx_gz/models/roboboat_cpubox/materials/textures/DryBox_Roughness.png
[14.129s] -- Installing: /home/anxie/vrx_hu501_ws/install/share/vrx_gz/models/roboboat_cpubox/model.sdf
[14.129s] -- Installing: /home/anxie/vrx_hu501_ws/install/share/vrx_gz/models/roboboat_cpubox/model.config
[14.129s] -- Installing: /home/anxie/vrx_hu501_ws/install/share/vrx_gz/models/robotx_light_buoy_bgr
[14.129s] -- Installing: /home/anxie/vrx_hu501_ws/install/share/vrx_gz/models/robotx_light_buoy_bgr/model.sdf
[14.129s] -- Installing: /home/anxie/vrx_hu501_ws/install/share/vrx_gz/models/robotx_light_buoy_bgr/model.config
[14.129s] -- Installing: /home/anxie/vrx_hu501_ws/install/share/vrx_gz/models/short_course_2023_phase3_2
[14.129s] -- Installing: /home/anxie/vrx_hu501_ws/install/share/vrx_gz/models/short_course_2023_phase3_2/model.sdf
[14.129s] -- Installing: /home/anxie/vrx_hu501_ws/install/share/vrx_gz/models/short_course_2023_phase3_2/model.config
[14.129s] -- Installing: /home/anxie/vrx_hu501_ws/install/share/vrx_gz/models/short_navigation_course_2
[14.129s] -- Installing: /home/anxie/vrx_hu501_ws/install/share/vrx_gz/models/short_navigation_course_2/model.sdf
[14.129s] -- Installing: /home/anxie/vrx_hu501_ws/install/share/vrx_gz/models/short_navigation_course_2/model.config
[14.129s] -- Installing: /home/anxie/vrx_hu501_ws/install/share/vrx_gz/models/short_course_2023_phase3_1
[14.129s] -- Installing: /home/anxie/vrx_hu501_ws/install/share/vrx_gz/models/short_course_2023_phase3_1/model.sdf
[14.129s] -- Installing: /home/anxie/vrx_hu501_ws/install/share/vrx_gz/models/short_course_2023_phase3_1/model.config
[14.129s] -- Installing: /home/anxie/vrx_hu501_ws/install/share/vrx_gz/models/roboboat02
[14.129s] -- Installing: /home/anxie/vrx_hu501_ws/install/share/vrx_gz/models/roboboat02/meshes
[14.129s] -- Installing: /home/anxie/vrx_hu501_ws/install/share/vrx_gz/models/roboboat02/meshes/roboboat02.dae
[14.130s] -- Installing: /home/anxie/vrx_hu501_ws/install/share/vrx_gz/models/roboboat02/materials
[14.130s] -- Installing: /home/anxie/vrx_hu501_ws/install/share/vrx_gz/models/roboboat02/materials/scripts
[14.130s] -- Installing: /home/anxie/vrx_hu501_ws/install/share/vrx_gz/models/roboboat02/materials/scripts/model.material
[14.130s] -- Installing: /home/anxie/vrx_hu501_ws/install/share/vrx_gz/models/roboboat02/materials/textures
[14.130s] -- Installing: /home/anxie/vrx_hu501_ws/install/share/vrx_gz/models/roboboat02/materials/textures/Boat02_Normal.png
[14.130s] -- Installing: /home/anxie/vrx_hu501_ws/install/share/vrx_gz/models/roboboat02/materials/textures/Boat02_Roughness.png
[14.131s] -- Installing: /home/anxie/vrx_hu501_ws/install/share/vrx_gz/models/roboboat02/materials/textures/Boat02_Metallic.png
[14.132s] -- Installing: /home/anxie/vrx_hu501_ws/install/share/vrx_gz/models/roboboat02/materials/textures/Boat02_Albedo.png
[14.133s] -- Installing: /home/anxie/vrx_hu501_ws/install/share/vrx_gz/models/roboboat02/model.sdf
[14.133s] -- Installing: /home/anxie/vrx_hu501_ws/install/share/vrx_gz/models/roboboat02/model.config
[14.134s] -- Installing: /home/anxie/vrx_hu501_ws/install/share/vrx_gz/models/robotx_light_buoy_bgy
[14.134s] -- Installing: /home/anxie/vrx_hu501_ws/install/share/vrx_gz/models/robotx_light_buoy_bgy/model.sdf
[14.134s] -- Installing: /home/anxie/vrx_hu501_ws/install/share/vrx_gz/models/robotx_light_buoy_bgy/model.config
[14.134s] -- Installing: /home/anxie/vrx_hu501_ws/install/share/vrx_gz/models/short_navigation_course_4
[14.134s] -- Installing: /home/anxie/vrx_hu501_ws/install/share/vrx_gz/models/short_navigation_course_4/model.sdf
[14.134s] -- Installing: /home/anxie/vrx_hu501_ws/install/share/vrx_gz/models/short_navigation_course_4/model.config
[14.134s] -- Installing: /home/anxie/vrx_hu501_ws/install/share/vrx_gz/worlds
[14.134s] -- Installing: /home/anxie/vrx_hu501_ws/install/share/vrx_gz/worlds/nbpark.sdf
[14.134s] -- Installing: /home/anxie/vrx_hu501_ws/install/share/vrx_gz/worlds/acoustic_perception_task.sdf
[14.134s] -- Installing: /home/anxie/vrx_hu501_ws/install/share/vrx_gz/worlds/wildlife_task.sdf
[14.134s] -- Installing: /home/anxie/vrx_hu501_ws/install/share/vrx_gz/worlds/2023_phase2
[14.134s] -- Installing: /home/anxie/vrx_hu501_ws/install/share/vrx_gz/worlds/2023_phase2/phase2_2023_perception1.sdf
[14.134s] -- Installing: /home/anxie/vrx_hu501_ws/install/share/vrx_gz/worlds/2023_phase2/phase2_2023_acoustic_tracking0.sdf
[14.134s] -- Installing: /home/anxie/vrx_hu501_ws/install/share/vrx_gz/worlds/2023_phase2/phase2_2023_scan_dock_deliver5.sdf
[14.134s] -- Installing: /home/anxie/vrx_hu501_ws/install/share/vrx_gz/worlds/2023_phase2/phase2_2023_wayfinding1.sdf
[14.134s] -- Installing: /home/anxie/vrx_hu501_ws/install/share/vrx_gz/worlds/2023_phase2/phase2_2023_perception3.sdf
[14.134s] -- Installing: /home/anxie/vrx_hu501_ws/install/share/vrx_gz/worlds/2023_phase2/phase2_2023_stationkeeping0.sdf
[14.134s] -- Installing: /home/anxie/vrx_hu501_ws/install/share/vrx_gz/worlds/2023_phase2/phase2_2023_perception0.sdf
[14.134s] -- Installing: /home/anxie/vrx_hu501_ws/install/share/vrx_gz/worlds/2023_phase2/phase2_2023_wayfinding3.sdf
[14.134s] -- Installing: /home/anxie/vrx_hu501_ws/install/share/vrx_gz/worlds/2023_phase2/phase2_2023_scan_dock_deliver1.sdf
[14.134s] -- Installing: /home/anxie/vrx_hu501_ws/install/share/vrx_gz/worlds/2023_phase2/phase2_2023_wildlife5.sdf
[14.134s] -- Installing: /home/anxie/vrx_hu501_ws/install/share/vrx_gz/worlds/2023_phase2/phase2_2023_acoustic_tracking1.sdf
[14.134s] -- Installing: /home/anxie/vrx_hu501_ws/install/share/vrx_gz/worlds/2023_phase2/phase2_2023_follow_path1.sdf
[14.134s] -- Installing: /home/anxie/vrx_hu501_ws/install/share/vrx_gz/worlds/2023_phase2/phase2_2023_perception5.sdf
[14.134s] -- Installing: /home/anxie/vrx_hu501_ws/install/share/vrx_gz/worlds/2023_phase2/phase2_2023_wayfinding5.sdf
[14.134s] -- Installing: /home/anxie/vrx_hu501_ws/install/share/vrx_gz/worlds/2023_phase2/phase2_2023_stationkeeping3.sdf
[14.134s] -- Installing: /home/anxie/vrx_hu501_ws/install/share/vrx_gz/worlds/2023_phase2/phase2_2023_scan_dock_deliver0.sdf
[14.134s] -- Installing: /home/anxie/vrx_hu501_ws/install/share/vrx_gz/worlds/2023_phase2/phase2_2023_follow_path2.sdf
[14.135s] -- Installing: /home/anxie/vrx_hu501_ws/install/share/vrx_gz/worlds/2023_phase2/phase2_2023_wayfinding2.sdf
[14.135s] -- Installing: /home/anxie/vrx_hu501_ws/install/share/vrx_gz/worlds/2023_phase2/phase2_2023_acoustic_tracking4.sdf
[14.135s] -- Installing: /home/anxie/vrx_hu501_ws/install/share/vrx_gz/worlds/2023_phase2/phase2_2023_stationkeeping4.sdf
[14.135s] -- Installing: /home/anxie/vrx_hu501_ws/install/share/vrx_gz/worlds/2023_phase2/phase2_2023_scan_dock_deliver2.sdf
[14.135s] -- Installing: /home/anxie/vrx_hu501_ws/install/share/vrx_gz/worlds/2023_phase2/phase2_2023_follow_path4.sdf
[14.135s] -- Installing: /home/anxie/vrx_hu501_ws/install/share/vrx_gz/worlds/2023_phase2/phase2_2023_scan_dock_deliver3.sdf
[14.135s] -- Installing: /home/anxie/vrx_hu501_ws/install/share/vrx_gz/worlds/2023_phase2/phase2_2023_acoustic_perception4.sdf
[14.135s] -- Installing: /home/anxie/vrx_hu501_ws/install/share/vrx_gz/worlds/2023_phase2/phase2_2023_acoustic_tracking5.sdf
[14.135s] -- Installing: /home/anxie/vrx_hu501_ws/install/share/vrx_gz/worlds/2023_phase2/phase2_2023_perception2.sdf
[14.135s] -- Installing: /home/anxie/vrx_hu501_ws/install/share/vrx_gz/worlds/2023_phase2/phase2_2023_wildlife3.sdf
[14.135s] -- Installing: /home/anxie/vrx_hu501_ws/install/share/vrx_gz/worlds/2023_phase2/phase2_2023_stationkeeping1.sdf
[14.135s] -- Installing: /home/anxie/vrx_hu501_ws/install/share/vrx_gz/worlds/2023_phase2/phase2_2023_acoustic_perception5.sdf
[14.135s] -- Installing: /home/anxie/vrx_hu501_ws/install/share/vrx_gz/worlds/2023_phase2/phase2_2023_acoustic_tracking3.sdf
[14.135s] -- Installing: /home/anxie/vrx_hu501_ws/install/share/vrx_gz/worlds/2023_phase2/phase2_2023_wildlife1.sdf
[14.135s] -- Installing: /home/anxie/vrx_hu501_ws/install/share/vrx_gz/worlds/2023_phase2/phase2_2023_acoustic_perception1.sdf
[14.135s] -- Installing: /home/anxie/vrx_hu501_ws/install/share/vrx_gz/worlds/2023_phase2/phase2_2023_follow_path0.sdf
[14.135s] -- Installing: /home/anxie/vrx_hu501_ws/install/share/vrx_gz/worlds/2023_phase2/phase2_2023_follow_path5.sdf
[14.135s] -- Installing: /home/anxie/vrx_hu501_ws/install/share/vrx_gz/worlds/2023_phase2/phase2_2023_acoustic_tracking2.sdf
[14.135s] -- Installing: /home/anxie/vrx_hu501_ws/install/share/vrx_gz/worlds/2023_phase2/phase2_2023_perception4.sdf
[14.135s] -- Installing: /home/anxie/vrx_hu501_ws/install/share/vrx_gz/worlds/2023_phase2/phase2_2023_acoustic_perception0.sdf
[14.135s] -- Installing: /home/anxie/vrx_hu501_ws/install/share/vrx_gz/worlds/2023_phase2/phase2_2023_wildlife0.sdf
[14.135s] -- Installing: /home/anxie/vrx_hu501_ws/install/share/vrx_gz/worlds/2023_phase2/phase2_2023_stationkeeping5.sdf
[14.135s] -- Installing: /home/anxie/vrx_hu501_ws/install/share/vrx_gz/worlds/2023_phase2/phase2_2023_wayfinding4.sdf
[14.135s] -- Installing: /home/anxie/vrx_hu501_ws/install/share/vrx_gz/worlds/2023_phase2/phase2_2023_follow_path3.sdf
[14.135s] -- Installing: /home/anxie/vrx_hu501_ws/install/share/vrx_gz/worlds/2023_phase2/phase2_2023_stationkeeping2.sdf
[14.135s] -- Installing: /home/anxie/vrx_hu501_ws/install/share/vrx_gz/worlds/2023_phase2/phase2_2023_scan_dock_deliver4.sdf
[14.136s] -- Installing: /home/anxie/vrx_hu501_ws/install/share/vrx_gz/worlds/2023_phase2/phase2_2023_wayfinding0.sdf
[14.136s] -- Installing: /home/anxie/vrx_hu501_ws/install/share/vrx_gz/worlds/2023_phase2/phase2_2023_wildlife2.sdf
[14.136s] -- Installing: /home/anxie/vrx_hu501_ws/install/share/vrx_gz/worlds/2023_phase2/phase2_2023_acoustic_perception2.sdf
[14.136s] -- Installing: /home/anxie/vrx_hu501_ws/install/share/vrx_gz/worlds/2023_phase2/phase2_2023_acoustic_perception3.sdf
[14.136s] -- Installing: /home/anxie/vrx_hu501_ws/install/share/vrx_gz/worlds/2023_phase2/phase2_2023_wildlife4.sdf
[14.136s] -- Installing: /home/anxie/vrx_hu501_ws/install/share/vrx_gz/worlds/gymkhana_task.sdf
[14.136s] -- Installing: /home/anxie/vrx_hu501_ws/install/share/vrx_gz/worlds/stationkeeping_task.sdf
[14.136s] -- Installing: /home/anxie/vrx_hu501_ws/install/share/vrx_gz/worlds/navigation_task.sdf
[14.136s] -- Installing: /home/anxie/vrx_hu501_ws/install/share/vrx_gz/worlds/sydney_regatta.sdf
[14.136s] -- Installing: /home/anxie/vrx_hu501_ws/install/share/vrx_gz/worlds/scan_dock_deliver_task.sdf
[14.136s] -- Installing: /home/anxie/vrx_hu501_ws/install/share/vrx_gz/worlds/perception_task.sdf
[14.136s] -- Installing: /home/anxie/vrx_hu501_ws/install/share/vrx_gz/worlds/2023_practice
[14.136s] -- Installing: /home/anxie/vrx_hu501_ws/install/share/vrx_gz/worlds/2023_practice/practice_2023_acoustic_perception0_task.sdf
[14.136s] -- Installing: /home/anxie/vrx_hu501_ws/install/share/vrx_gz/worlds/2023_practice/practice_2023_acoustic_tracking1_task.sdf
[14.136s] -- Installing: /home/anxie/vrx_hu501_ws/install/share/vrx_gz/worlds/2023_practice/practice_2023_follow_path1_task.sdf
[14.136s] -- Installing: /home/anxie/vrx_hu501_ws/install/share/vrx_gz/worlds/2023_practice/practice_2023_acoustic_tracking0_task.sdf
[14.136s] -- Installing: /home/anxie/vrx_hu501_ws/install/share/vrx_gz/worlds/2023_practice/practice_2023_acoustic_perception2_task.sdf
[14.136s] -- Installing: /home/anxie/vrx_hu501_ws/install/share/vrx_gz/worlds/2023_practice/practice_2023_follow_path0_task.sdf
[14.136s] -- Installing: /home/anxie/vrx_hu501_ws/install/share/vrx_gz/worlds/2023_practice/practice_2023_stationkeeping1_task.sdf
[14.136s] -- Installing: /home/anxie/vrx_hu501_ws/install/share/vrx_gz/worlds/2023_practice/practice_2023_wayfinding1_task.sdf
[14.136s] -- Installing: /home/anxie/vrx_hu501_ws/install/share/vrx_gz/worlds/2023_practice/practice_2023_perception1_task.sdf
[14.136s] -- Installing: /home/anxie/vrx_hu501_ws/install/share/vrx_gz/worlds/2023_practice/practice_2023_stationkeeping2_task.sdf
[14.136s] -- Installing: /home/anxie/vrx_hu501_ws/install/share/vrx_gz/worlds/2023_practice/practice_2023_stationkeeping0_task.sdf
[14.136s] -- Installing: /home/anxie/vrx_hu501_ws/install/share/vrx_gz/worlds/2023_practice/practice_2023_acoustic_perception1_task.sdf
[14.137s] -- Installing: /home/anxie/vrx_hu501_ws/install/share/vrx_gz/worlds/2023_practice/practice_2023_wildlife1_task.sdf
[14.137s] -- Installing: /home/anxie/vrx_hu501_ws/install/share/vrx_gz/worlds/2023_practice/practice_2023_wayfinding2_task.sdf
[14.137s] -- Installing: /home/anxie/vrx_hu501_ws/install/share/vrx_gz/worlds/2023_practice/practice_2023_wildlife0_task.sdf
[14.137s] -- Installing: /home/anxie/vrx_hu501_ws/install/share/vrx_gz/worlds/2023_practice/practice_2023_perception2_task.sdf
[14.137s] -- Installing: /home/anxie/vrx_hu501_ws/install/share/vrx_gz/worlds/2023_practice/practice_2023_scan_dock_deliver0_task.sdf
[14.137s] -- Installing: /home/anxie/vrx_hu501_ws/install/share/vrx_gz/worlds/2023_practice/practice_2023_follow_path2_task.sdf
[14.137s] -- Installing: /home/anxie/vrx_hu501_ws/install/share/vrx_gz/worlds/2023_practice/practice_2023_wildlife2_task.sdf
[14.137s] -- Installing: /home/anxie/vrx_hu501_ws/install/share/vrx_gz/worlds/2023_practice/practice_2023_perception0_task.sdf
[14.137s] -- Installing: /home/anxie/vrx_hu501_ws/install/share/vrx_gz/worlds/2023_practice/practice_2023_scan_dock_deliver1_task.sdf
[14.137s] -- Installing: /home/anxie/vrx_hu501_ws/install/share/vrx_gz/worlds/2023_practice/practice_2023_acoustic_tracking2_task.sdf
[14.137s] -- Installing: /home/anxie/vrx_hu501_ws/install/share/vrx_gz/worlds/2023_practice/practice_2023_scan_dock_deliver2_task.sdf
[14.137s] -- Installing: /home/anxie/vrx_hu501_ws/install/share/vrx_gz/worlds/2023_practice/practice_2023_wayfinding0_task.sdf
[14.137s] -- Installing: /home/anxie/vrx_hu501_ws/install/share/vrx_gz/worlds/acoustic_tracking_task.sdf
[14.137s] -- Installing: /home/anxie/vrx_hu501_ws/install/share/vrx_gz/worlds/follow_path_task.sdf
[14.137s] -- Installing: /home/anxie/vrx_hu501_ws/install/share/vrx_gz/worlds/wayfinding_task.sdf
[14.137s] -- Installing: /home/anxie/vrx_hu501_ws/install/share/ament_index/resource_index/package_run_dependencies/vrx_gz
[14.137s] -- Installing: /home/anxie/vrx_hu501_ws/install/share/ament_index/resource_index/parent_prefix_path/vrx_gz
[14.137s] -- Installing: /home/anxie/vrx_hu501_ws/install/share/vrx_gz/environment/ament_prefix_path.sh
[14.137s] -- Installing: /home/anxie/vrx_hu501_ws/install/share/vrx_gz/environment/ament_prefix_path.dsv
[14.137s] -- Installing: /home/anxie/vrx_hu501_ws/install/share/vrx_gz/environment/path.sh
[14.137s] -- Installing: /home/anxie/vrx_hu501_ws/install/share/vrx_gz/environment/path.dsv
[14.137s] -- Installing: /home/anxie/vrx_hu501_ws/install/share/vrx_gz/local_setup.bash
[14.137s] -- Installing: /home/anxie/vrx_hu501_ws/install/share/vrx_gz/local_setup.sh
[14.137s] -- Installing: /home/anxie/vrx_hu501_ws/install/share/vrx_gz/local_setup.zsh
[14.137s] -- Installing: /home/anxie/vrx_hu501_ws/install/share/vrx_gz/local_setup.dsv
[14.137s] -- Installing: /home/anxie/vrx_hu501_ws/install/share/vrx_gz/package.dsv
[14.137s] -- Installing: /home/anxie/vrx_hu501_ws/install/share/ament_index/resource_index/packages/vrx_gz
[14.138s] -- Installing: /home/anxie/vrx_hu501_ws/install/share/vrx_gz/cmake/vrx_gzConfig.cmake
[14.138s] -- Installing: /home/anxie/vrx_hu501_ws/install/share/vrx_gz/cmake/vrx_gzConfig-version.cmake
[14.138s] -- Installing: /home/anxie/vrx_hu501_ws/install/share/vrx_gz/package.xml
[14.139s] Invoked command in '/home/anxie/vrx_hu501_ws/build/vrx_gz' returned '0': AMENT_PREFIX_PATH=/home/anxie/vrx_hu501_ws/install:${AMENT_PREFIX_PATH} CMAKE_PREFIX_PATH=/home/anxie/vrx_hu501_ws/install:/opt/ros/jazzy/opt/gz_sim_vendor:/opt/ros/jazzy/opt/gz_sensors_vendor:/opt/ros/jazzy/opt/gz_physics_vendor:/opt/ros/jazzy/opt/sdformat_vendor:/opt/ros/jazzy/opt/gz_gui_vendor:/opt/ros/jazzy/opt/gz_transport_vendor:/opt/ros/jazzy/opt/gz_rendering_vendor:/opt/ros/jazzy/opt/gz_plugin_vendor:/opt/ros/jazzy/opt/gz_fuel_tools_vendor:/opt/ros/jazzy/opt/gz_msgs_vendor:/opt/ros/jazzy/opt/gz_common_vendor:/opt/ros/jazzy/opt/gz_math_vendor:/opt/ros/jazzy/opt/gz_utils_vendor:/opt/ros/jazzy/opt/gz_tools_vendor:/opt/ros/jazzy/opt/gz_ogre_next_vendor:/opt/ros/jazzy/opt/gz_dartsim_vendor:/opt/ros/jazzy/opt/gz_cmake_vendor:/opt/ros/jazzy DEBUGINFOD_URLS=https://debuginfod.ubuntu.com GZ_SIM_RESOURCE_PATH=/home/anxie/vrx_hu501_ws/install/share/wamv_description/models:/home/anxie/vrx_hu501_ws/install/share/vrx_gazebo/models:/home/anxie/vrx_hu501_ws/install/share:${GZ_SIM_RESOURCE_PATH} PYTHONPATH=/home/anxie/vrx_hu501_ws/install/lib/python3.12/site-packages:${PYTHONPATH} /usr/bin/cmake --install /home/anxie/vrx_hu501_ws/build/vrx_gz
