[0.004s] Invoking command in '/home/anxie/vrx_hu501_ws/build/wamv_description': AMENT_PREFIX_PATH=/home/anxie/vrx_hu501_ws/install:${AMENT_PREFIX_PATH} CMAKE_PREFIX_PATH=/home/anxie/vrx_hu501_ws/install:/opt/ros/jazzy/opt/gz_sim_vendor:/opt/ros/jazzy/opt/gz_sensors_vendor:/opt/ros/jazzy/opt/gz_physics_vendor:/opt/ros/jazzy/opt/sdformat_vendor:/opt/ros/jazzy/opt/gz_gui_vendor:/opt/ros/jazzy/opt/gz_transport_vendor:/opt/ros/jazzy/opt/gz_rendering_vendor:/opt/ros/jazzy/opt/gz_plugin_vendor:/opt/ros/jazzy/opt/gz_fuel_tools_vendor:/opt/ros/jazzy/opt/gz_msgs_vendor:/opt/ros/jazzy/opt/gz_common_vendor:/opt/ros/jazzy/opt/gz_math_vendor:/opt/ros/jazzy/opt/gz_utils_vendor:/opt/ros/jazzy/opt/gz_tools_vendor:/opt/ros/jazzy/opt/gz_ogre_next_vendor:/opt/ros/jazzy/opt/gz_dartsim_vendor:/opt/ros/jazzy/opt/gz_cmake_vendor:/opt/ros/jazzy DEBUGINFOD_URLS=https://debuginfod.ubuntu.com GZ_SIM_RESOURCE_PATH=/home/anxie/vrx_hu501_ws/install/share/vrx_gazebo/models:/home/anxie/vrx_hu501_ws/install/share:${GZ_SIM_RESOURCE_PATH} PYTHONPATH=/home/anxie/vrx_hu501_ws/install/lib/python3.12/site-packages:${PYTHONPATH} /usr/bin/cmake /home/anxie/vrx_hu501_ws/src/vrx/vrx_urdf/wamv_description -DCMAKE_INSTALL_PREFIX=/home/anxie/vrx_hu501_ws/install
[0.038s] -- The C compiler identification is GNU 13.3.0
[0.076s] -- The CXX compiler identification is GNU 13.3.0
[0.089s] -- Detecting C compiler ABI info
[0.154s] -- Detecting C compiler ABI info - done
[0.161s] -- Check for working C compiler: /usr/bin/cc - skipped
[0.161s] -- Detecting C compile features
[0.161s] -- Detecting C compile features - done
[0.169s] -- Detecting CXX compiler ABI info
[0.237s] -- Detecting CXX compiler ABI info - done
[0.243s] -- Check for working CXX compiler: /usr/bin/c++ - skipped
[0.243s] -- Detecting CXX compile features
[0.243s] -- Detecting CXX compile features - done
[0.246s] -- Found ament_cmake: 2.5.6 (/opt/ros/jazzy/share/ament_cmake/cmake)
[0.347s] -- Found Python3: /usr/bin/python3 (found version "3.12.3") found components: Interpreter 
[0.425s] -- Found xacro: 2.1.1 (/opt/ros/jazzy/share/xacro/cmake)
[0.425s] -- xacro: determining deps for: urdf/wamv_base.urdf.xacro ...
[0.564s] -- Configuring done (0.6s)
[0.566s] -- Generating done (0.0s)
[0.567s] -- Build files have been written to: /home/anxie/vrx_hu501_ws/build/wamv_description
[0.569s] Invoked command in '/home/anxie/vrx_hu501_ws/build/wamv_description' returned '0': AMENT_PREFIX_PATH=/home/anxie/vrx_hu501_ws/install:${AMENT_PREFIX_PATH} CMAKE_PREFIX_PATH=/home/anxie/vrx_hu501_ws/install:/opt/ros/jazzy/opt/gz_sim_vendor:/opt/ros/jazzy/opt/gz_sensors_vendor:/opt/ros/jazzy/opt/gz_physics_vendor:/opt/ros/jazzy/opt/sdformat_vendor:/opt/ros/jazzy/opt/gz_gui_vendor:/opt/ros/jazzy/opt/gz_transport_vendor:/opt/ros/jazzy/opt/gz_rendering_vendor:/opt/ros/jazzy/opt/gz_plugin_vendor:/opt/ros/jazzy/opt/gz_fuel_tools_vendor:/opt/ros/jazzy/opt/gz_msgs_vendor:/opt/ros/jazzy/opt/gz_common_vendor:/opt/ros/jazzy/opt/gz_math_vendor:/opt/ros/jazzy/opt/gz_utils_vendor:/opt/ros/jazzy/opt/gz_tools_vendor:/opt/ros/jazzy/opt/gz_ogre_next_vendor:/opt/ros/jazzy/opt/gz_dartsim_vendor:/opt/ros/jazzy/opt/gz_cmake_vendor:/opt/ros/jazzy DEBUGINFOD_URLS=https://debuginfod.ubuntu.com GZ_SIM_RESOURCE_PATH=/home/anxie/vrx_hu501_ws/install/share/vrx_gazebo/models:/home/anxie/vrx_hu501_ws/install/share:${GZ_SIM_RESOURCE_PATH} PYTHONPATH=/home/anxie/vrx_hu501_ws/install/lib/python3.12/site-packages:${PYTHONPATH} /usr/bin/cmake /home/anxie/vrx_hu501_ws/src/vrx/vrx_urdf/wamv_description -DCMAKE_INSTALL_PREFIX=/home/anxie/vrx_hu501_ws/install
[0.570s] Invoking command in '/home/anxie/vrx_hu501_ws/build/wamv_description': AMENT_PREFIX_PATH=/home/anxie/vrx_hu501_ws/install:${AMENT_PREFIX_PATH} CMAKE_PREFIX_PATH=/home/anxie/vrx_hu501_ws/install:/opt/ros/jazzy/opt/gz_sim_vendor:/opt/ros/jazzy/opt/gz_sensors_vendor:/opt/ros/jazzy/opt/gz_physics_vendor:/opt/ros/jazzy/opt/sdformat_vendor:/opt/ros/jazzy/opt/gz_gui_vendor:/opt/ros/jazzy/opt/gz_transport_vendor:/opt/ros/jazzy/opt/gz_rendering_vendor:/opt/ros/jazzy/opt/gz_plugin_vendor:/opt/ros/jazzy/opt/gz_fuel_tools_vendor:/opt/ros/jazzy/opt/gz_msgs_vendor:/opt/ros/jazzy/opt/gz_common_vendor:/opt/ros/jazzy/opt/gz_math_vendor:/opt/ros/jazzy/opt/gz_utils_vendor:/opt/ros/jazzy/opt/gz_tools_vendor:/opt/ros/jazzy/opt/gz_ogre_next_vendor:/opt/ros/jazzy/opt/gz_dartsim_vendor:/opt/ros/jazzy/opt/gz_cmake_vendor:/opt/ros/jazzy DEBUGINFOD_URLS=https://debuginfod.ubuntu.com GZ_SIM_RESOURCE_PATH=/home/anxie/vrx_hu501_ws/install/share/vrx_gazebo/models:/home/anxie/vrx_hu501_ws/install/share:${GZ_SIM_RESOURCE_PATH} PYTHONPATH=/home/anxie/vrx_hu501_ws/install/lib/python3.12/site-packages:${PYTHONPATH} /usr/bin/cmake --build /home/anxie/vrx_hu501_ws/build/wamv_description -- -j16 -l16
[0.604s] [100%] [34m[1mxacro: generating urdf/wamv_base.urdf from urdf/wamv_base.urdf.xacro[0m
[0.684s] [100%] Built target wamv_description__xacro_auto_generate
[0.691s] Invoked command in '/home/anxie/vrx_hu501_ws/build/wamv_description' returned '0': AMENT_PREFIX_PATH=/home/anxie/vrx_hu501_ws/install:${AMENT_PREFIX_PATH} CMAKE_PREFIX_PATH=/home/anxie/vrx_hu501_ws/install:/opt/ros/jazzy/opt/gz_sim_vendor:/opt/ros/jazzy/opt/gz_sensors_vendor:/opt/ros/jazzy/opt/gz_physics_vendor:/opt/ros/jazzy/opt/sdformat_vendor:/opt/ros/jazzy/opt/gz_gui_vendor:/opt/ros/jazzy/opt/gz_transport_vendor:/opt/ros/jazzy/opt/gz_rendering_vendor:/opt/ros/jazzy/opt/gz_plugin_vendor:/opt/ros/jazzy/opt/gz_fuel_tools_vendor:/opt/ros/jazzy/opt/gz_msgs_vendor:/opt/ros/jazzy/opt/gz_common_vendor:/opt/ros/jazzy/opt/gz_math_vendor:/opt/ros/jazzy/opt/gz_utils_vendor:/opt/ros/jazzy/opt/gz_tools_vendor:/opt/ros/jazzy/opt/gz_ogre_next_vendor:/opt/ros/jazzy/opt/gz_dartsim_vendor:/opt/ros/jazzy/opt/gz_cmake_vendor:/opt/ros/jazzy DEBUGINFOD_URLS=https://debuginfod.ubuntu.com GZ_SIM_RESOURCE_PATH=/home/anxie/vrx_hu501_ws/install/share/vrx_gazebo/models:/home/anxie/vrx_hu501_ws/install/share:${GZ_SIM_RESOURCE_PATH} PYTHONPATH=/home/anxie/vrx_hu501_ws/install/lib/python3.12/site-packages:${PYTHONPATH} /usr/bin/cmake --build /home/anxie/vrx_hu501_ws/build/wamv_description -- -j16 -l16
[0.691s] Invoking command in '/home/anxie/vrx_hu501_ws/build/wamv_description': AMENT_PREFIX_PATH=/home/anxie/vrx_hu501_ws/install:${AMENT_PREFIX_PATH} CMAKE_PREFIX_PATH=/home/anxie/vrx_hu501_ws/install:/opt/ros/jazzy/opt/gz_sim_vendor:/opt/ros/jazzy/opt/gz_sensors_vendor:/opt/ros/jazzy/opt/gz_physics_vendor:/opt/ros/jazzy/opt/sdformat_vendor:/opt/ros/jazzy/opt/gz_gui_vendor:/opt/ros/jazzy/opt/gz_transport_vendor:/opt/ros/jazzy/opt/gz_rendering_vendor:/opt/ros/jazzy/opt/gz_plugin_vendor:/opt/ros/jazzy/opt/gz_fuel_tools_vendor:/opt/ros/jazzy/opt/gz_msgs_vendor:/opt/ros/jazzy/opt/gz_common_vendor:/opt/ros/jazzy/opt/gz_math_vendor:/opt/ros/jazzy/opt/gz_utils_vendor:/opt/ros/jazzy/opt/gz_tools_vendor:/opt/ros/jazzy/opt/gz_ogre_next_vendor:/opt/ros/jazzy/opt/gz_dartsim_vendor:/opt/ros/jazzy/opt/gz_cmake_vendor:/opt/ros/jazzy DEBUGINFOD_URLS=https://debuginfod.ubuntu.com GZ_SIM_RESOURCE_PATH=/home/anxie/vrx_hu501_ws/install/share/vrx_gazebo/models:/home/anxie/vrx_hu501_ws/install/share:${GZ_SIM_RESOURCE_PATH} PYTHONPATH=/home/anxie/vrx_hu501_ws/install/lib/python3.12/site-packages:${PYTHONPATH} /usr/bin/cmake --install /home/anxie/vrx_hu501_ws/build/wamv_description
[0.696s] -- Install configuration: ""
[0.696s] -- Installing: /home/anxie/vrx_hu501_ws/install/share/wamv_description/environment/resource_paths.dsv
[0.696s] -- Installing: /home/anxie/vrx_hu501_ws/install/share/wamv_description/environment/resource_paths.sh
[0.696s] -- Installing: /home/anxie/vrx_hu501_ws/install/share/wamv_description/urdf/wamv_base.urdf
[0.696s] -- Installing: /home/anxie/vrx_hu501_ws/install/share/wamv_description/models
[0.697s] -- Installing: /home/anxie/vrx_hu501_ws/install/share/wamv_description/models/WAM-V-Base
[0.697s] -- Installing: /home/anxie/vrx_hu501_ws/install/share/wamv_description/models/WAM-V-Base/mesh
[0.697s] -- Installing: /home/anxie/vrx_hu501_ws/install/share/wamv_description/models/WAM-V-Base/mesh/WAM-V_Roughness.png
[0.697s] -- Installing: /home/anxie/vrx_hu501_ws/install/share/wamv_description/models/WAM-V-Base/mesh/WAM-V_Normal.png
[0.699s] -- Installing: /home/anxie/vrx_hu501_ws/install/share/wamv_description/models/WAM-V-Base/mesh/WAM-V_Albedo.png
[0.702s] -- Installing: /home/anxie/vrx_hu501_ws/install/share/wamv_description/models/WAM-V-Base/mesh/WAM-V_Metalness.png
[0.702s] -- Installing: /home/anxie/vrx_hu501_ws/install/share/wamv_description/models/WAM-V-Base/mesh/WAM-V-Base.dae
[0.702s] -- Installing: /home/anxie/vrx_hu501_ws/install/share/wamv_description/models/WAM-V-Base/mesh/WamV.png
[0.703s] -- Installing: /home/anxie/vrx_hu501_ws/install/share/wamv_description/models/WAM-V-Base/model.config
[0.703s] -- Installing: /home/anxie/vrx_hu501_ws/install/share/wamv_description/models/propeller
[0.703s] -- Installing: /home/anxie/vrx_hu501_ws/install/share/wamv_description/models/propeller/mesh
[0.703s] -- Installing: /home/anxie/vrx_hu501_ws/install/share/wamv_description/models/propeller/mesh/propeller.dae
[0.703s] -- Installing: /home/anxie/vrx_hu501_ws/install/share/wamv_description/models/propeller/model.config
[0.703s] -- Installing: /home/anxie/vrx_hu501_ws/install/share/wamv_description/models/engine
[0.703s] -- Installing: /home/anxie/vrx_hu501_ws/install/share/wamv_description/models/engine/mesh
[0.703s] -- Installing: /home/anxie/vrx_hu501_ws/install/share/wamv_description/models/engine/mesh/engine.dae
[0.703s] -- Installing: /home/anxie/vrx_hu501_ws/install/share/wamv_description/models/engine/model.config
[0.703s] -- Up-to-date: /home/anxie/vrx_hu501_ws/install/share/wamv_description/urdf
[0.703s] -- Installing: /home/anxie/vrx_hu501_ws/install/share/wamv_description/urdf/cpu_cases.xacro
[0.703s] -- Installing: /home/anxie/vrx_hu501_ws/install/share/wamv_description/urdf/wamv_base.urdf.xacro
[0.703s] -- Installing: /home/anxie/vrx_hu501_ws/install/share/wamv_description/urdf/thrusters
[0.703s] -- Installing: /home/anxie/vrx_hu501_ws/install/share/wamv_description/urdf/thrusters/engine.xacro
[0.703s] -- Installing: /home/anxie/vrx_hu501_ws/install/share/wamv_description/urdf/battery.xacro
[0.703s] -- Installing: /home/anxie/vrx_hu501_ws/install/share/ament_index/resource_index/package_run_dependencies/wamv_description
[0.703s] -- Installing: /home/anxie/vrx_hu501_ws/install/share/ament_index/resource_index/parent_prefix_path/wamv_description
[0.703s] -- Installing: /home/anxie/vrx_hu501_ws/install/share/wamv_description/environment/ament_prefix_path.sh
[0.703s] -- Installing: /home/anxie/vrx_hu501_ws/install/share/wamv_description/environment/ament_prefix_path.dsv
[0.703s] -- Installing: /home/anxie/vrx_hu501_ws/install/share/wamv_description/environment/path.sh
[0.703s] -- Installing: /home/anxie/vrx_hu501_ws/install/share/wamv_description/environment/path.dsv
[0.703s] -- Installing: /home/anxie/vrx_hu501_ws/install/share/wamv_description/local_setup.bash
[0.703s] -- Installing: /home/anxie/vrx_hu501_ws/install/share/wamv_description/local_setup.sh
[0.703s] -- Installing: /home/anxie/vrx_hu501_ws/install/share/wamv_description/local_setup.zsh
[0.704s] -- Installing: /home/anxie/vrx_hu501_ws/install/share/wamv_description/local_setup.dsv
[0.704s] -- Installing: /home/anxie/vrx_hu501_ws/install/share/wamv_description/package.dsv
[0.704s] -- Installing: /home/anxie/vrx_hu501_ws/install/share/ament_index/resource_index/packages/wamv_description
[0.704s] -- Installing: /home/anxie/vrx_hu501_ws/install/share/wamv_description/cmake/wamv_descriptionConfig.cmake
[0.704s] -- Installing: /home/anxie/vrx_hu501_ws/install/share/wamv_description/cmake/wamv_descriptionConfig-version.cmake
[0.704s] -- Installing: /home/anxie/vrx_hu501_ws/install/share/wamv_description/package.xml
[0.705s] Invoked command in '/home/anxie/vrx_hu501_ws/build/wamv_description' returned '0': AMENT_PREFIX_PATH=/home/anxie/vrx_hu501_ws/install:${AMENT_PREFIX_PATH} CMAKE_PREFIX_PATH=/home/anxie/vrx_hu501_ws/install:/opt/ros/jazzy/opt/gz_sim_vendor:/opt/ros/jazzy/opt/gz_sensors_vendor:/opt/ros/jazzy/opt/gz_physics_vendor:/opt/ros/jazzy/opt/sdformat_vendor:/opt/ros/jazzy/opt/gz_gui_vendor:/opt/ros/jazzy/opt/gz_transport_vendor:/opt/ros/jazzy/opt/gz_rendering_vendor:/opt/ros/jazzy/opt/gz_plugin_vendor:/opt/ros/jazzy/opt/gz_fuel_tools_vendor:/opt/ros/jazzy/opt/gz_msgs_vendor:/opt/ros/jazzy/opt/gz_common_vendor:/opt/ros/jazzy/opt/gz_math_vendor:/opt/ros/jazzy/opt/gz_utils_vendor:/opt/ros/jazzy/opt/gz_tools_vendor:/opt/ros/jazzy/opt/gz_ogre_next_vendor:/opt/ros/jazzy/opt/gz_dartsim_vendor:/opt/ros/jazzy/opt/gz_cmake_vendor:/opt/ros/jazzy DEBUGINFOD_URLS=https://debuginfod.ubuntu.com GZ_SIM_RESOURCE_PATH=/home/anxie/vrx_hu501_ws/install/share/vrx_gazebo/models:/home/anxie/vrx_hu501_ws/install/share:${GZ_SIM_RESOURCE_PATH} PYTHONPATH=/home/anxie/vrx_hu501_ws/install/lib/python3.12/site-packages:${PYTHONPATH} /usr/bin/cmake --install /home/anxie/vrx_hu501_ws/build/wamv_description
