[ 50%] Built target pose_tf_broadcaster
[100%] Built target optical_frame_publisher
-- Install configuration: ""
-- Up-to-date: /home/anxie/vrx_hu501_ws/install/lib/vrx_ros/optical_frame_publisher
-- Up-to-date: /home/anxie/vrx_hu501_ws/install/lib/vrx_ros/pose_tf_broadcaster
-- Up-to-date: /home/anxie/vrx_hu501_ws/install/share/vrx_ros/launch
-- Up-to-date: /home/anxie/vrx_hu501_ws/install/share/vrx_ros/launch/monitor_sim.py
-- Up-to-date: /home/anxie/vrx_hu501_ws/install/share/ament_index/resource_index/package_run_dependencies/vrx_ros
-- Up-to-date: /home/anxie/vrx_hu501_ws/install/share/ament_index/resource_index/parent_prefix_path/vrx_ros
-- Up-to-date: /home/anxie/vrx_hu501_ws/install/share/vrx_ros/environment/ament_prefix_path.sh
-- Up-to-date: /home/anxie/vrx_hu501_ws/install/share/vrx_ros/environment/ament_prefix_path.dsv
-- Up-to-date: /home/anxie/vrx_hu501_ws/install/share/vrx_ros/environment/path.sh
-- Up-to-date: /home/anxie/vrx_hu501_ws/install/share/vrx_ros/environment/path.dsv
-- Up-to-date: /home/anxie/vrx_hu501_ws/install/share/vrx_ros/local_setup.bash
-- Up-to-date: /home/anxie/vrx_hu501_ws/install/share/vrx_ros/local_setup.sh
-- Up-to-date: /home/anxie/vrx_hu501_ws/install/share/vrx_ros/local_setup.zsh
-- Up-to-date: /home/anxie/vrx_hu501_ws/install/share/vrx_ros/local_setup.dsv
-- Installing: /home/anxie/vrx_hu501_ws/install/share/vrx_ros/package.dsv
-- Up-to-date: /home/anxie/vrx_hu501_ws/install/share/ament_index/resource_index/packages/vrx_ros
-- Up-to-date: /home/anxie/vrx_hu501_ws/install/share/vrx_ros/cmake/vrx_rosConfig.cmake
-- Up-to-date: /home/anxie/vrx_hu501_ws/install/share/vrx_ros/cmake/vrx_rosConfig-version.cmake
-- Up-to-date: /home/anxie/vrx_hu501_ws/install/share/vrx_ros/package.xml
