[0.021s] Invoking command in '/home/anxie/vrx_hu501_ws/build/vrx_ros': CMAKE_PREFIX_PATH=${CMAKE_PREFIX_PATH}:/opt/ros/jazzy DEBUGINFOD_URLS=https://debuginfod.ubuntu.com /usr/bin/cmake --build /home/anxie/vrx_hu501_ws/build/vrx_ros -- -j16 -l16
[0.058s] [ 50%] Built target pose_tf_broadcaster
[0.064s] [100%] Built target optical_frame_publisher
[0.165s] Invoked command in '/home/anxie/vrx_hu501_ws/build/vrx_ros' returned '0': CMAKE_PREFIX_PATH=${CMAKE_PREFIX_PATH}:/opt/ros/jazzy DEBUGINFOD_URLS=https://debuginfod.ubuntu.com /usr/bin/cmake --build /home/anxie/vrx_hu501_ws/build/vrx_ros -- -j16 -l16
[0.166s] Invoking command in '/home/anxie/vrx_hu501_ws/build/vrx_ros': CMAKE_PREFIX_PATH=${CMAKE_PREFIX_PATH}:/opt/ros/jazzy DEBUGINFOD_URLS=https://debuginfod.ubuntu.com /usr/bin/cmake --install /home/anxie/vrx_hu501_ws/build/vrx_ros
[0.173s] -- Install configuration: ""
[0.173s] -- Up-to-date: /home/anxie/vrx_hu501_ws/install/lib/vrx_ros/optical_frame_publisher
[0.173s] -- Up-to-date: /home/anxie/vrx_hu501_ws/install/lib/vrx_ros/pose_tf_broadcaster
[0.173s] -- Up-to-date: /home/anxie/vrx_hu501_ws/install/share/vrx_ros/launch
[0.173s] -- Up-to-date: /home/anxie/vrx_hu501_ws/install/share/vrx_ros/launch/monitor_sim.py
[0.173s] -- Up-to-date: /home/anxie/vrx_hu501_ws/install/share/ament_index/resource_index/package_run_dependencies/vrx_ros
[0.173s] -- Up-to-date: /home/anxie/vrx_hu501_ws/install/share/ament_index/resource_index/parent_prefix_path/vrx_ros
[0.173s] -- Up-to-date: /home/anxie/vrx_hu501_ws/install/share/vrx_ros/environment/ament_prefix_path.sh
[0.173s] -- Up-to-date: /home/anxie/vrx_hu501_ws/install/share/vrx_ros/environment/ament_prefix_path.dsv
[0.173s] -- Up-to-date: /home/anxie/vrx_hu501_ws/install/share/vrx_ros/environment/path.sh
[0.173s] -- Up-to-date: /home/anxie/vrx_hu501_ws/install/share/vrx_ros/environment/path.dsv
[0.173s] -- Up-to-date: /home/anxie/vrx_hu501_ws/install/share/vrx_ros/local_setup.bash
[0.173s] -- Up-to-date: /home/anxie/vrx_hu501_ws/install/share/vrx_ros/local_setup.sh
[0.173s] -- Up-to-date: /home/anxie/vrx_hu501_ws/install/share/vrx_ros/local_setup.zsh
[0.173s] -- Up-to-date: /home/anxie/vrx_hu501_ws/install/share/vrx_ros/local_setup.dsv
[0.174s] -- Installing: /home/anxie/vrx_hu501_ws/install/share/vrx_ros/package.dsv
[0.174s] -- Up-to-date: /home/anxie/vrx_hu501_ws/install/share/ament_index/resource_index/packages/vrx_ros
[0.174s] -- Up-to-date: /home/anxie/vrx_hu501_ws/install/share/vrx_ros/cmake/vrx_rosConfig.cmake
[0.174s] -- Up-to-date: /home/anxie/vrx_hu501_ws/install/share/vrx_ros/cmake/vrx_rosConfig-version.cmake
[0.174s] -- Up-to-date: /home/anxie/vrx_hu501_ws/install/share/vrx_ros/package.xml
[0.188s] Invoked command in '/home/anxie/vrx_hu501_ws/build/vrx_ros' returned '0': CMAKE_PREFIX_PATH=${CMAKE_PREFIX_PATH}:/opt/ros/jazzy DEBUGINFOD_URLS=https://debuginfod.ubuntu.com /usr/bin/cmake --install /home/anxie/vrx_hu501_ws/build/vrx_ros
