-- The C compiler identification is GNU 13.3.0
-- The CXX compiler identification is GNU 13.3.0
-- Detecting C compiler ABI info
-- Detecting C compiler ABI info - done
-- Check for working C compiler: /usr/bin/cc - skipped
-- Detecting C compile features
-- Detecting C compile features - done
-- Detecting CXX compiler ABI info
-- Detecting CXX compiler ABI info - done
-- Check for working CXX compiler: /usr/bin/c++ - skipped
-- Detecting CXX compile features
-- Detecting CXX compile features - done
-- Found ament_cmake: 2.5.6 (/opt/ros/jazzy/share/ament_cmake/cmake)
-- Found Python3: /usr/bin/python3 (found version "3.12.3") found components: Interpreter 
-- Configuring done (0.7s)
-- Generating done (0.0s)
-- Build files have been written to: /home/anxie/vrx_hu501_ws/build/vrx_gazebo
Built target ament_cmake_python_copy_vrx_gazebo
running egg_info
creating vrx_gazebo.egg-info
writing vrx_gazebo.egg-info/PKG-INFO
writing dependency_links to vrx_gazebo.egg-info/dependency_links.txt
writing top-level names to vrx_gazebo.egg-info/top_level.txt
writing manifest file 'vrx_gazebo.egg-info/SOURCES.txt'
reading manifest file 'vrx_gazebo.egg-info/SOURCES.txt'
writing manifest file 'vrx_gazebo.egg-info/SOURCES.txt'
Built target ament_cmake_python_build_vrx_gazebo_egg
-- Install configuration: ""
-- Installing: /home/anxie/vrx_hu501_ws/install/share/vrx_gazebo/environment/resource_paths.dsv
-- Installing: /home/anxie/vrx_hu501_ws/install/share/vrx_gazebo/environment/resource_paths.sh
-- Installing: /home/anxie/vrx_hu501_ws/install/share/vrx_gazebo/models
-- Installing: /home/anxie/vrx_hu501_ws/install/share/vrx_gazebo/models/cpu_cases
-- Installing: /home/anxie/vrx_hu501_ws/install/share/vrx_gazebo/models/cpu_cases/model.sdf
-- Installing: /home/anxie/vrx_hu501_ws/install/share/vrx_gazebo/models/cpu_cases/mesh
-- Installing: /home/anxie/vrx_hu501_ws/install/share/vrx_gazebo/models/cpu_cases/mesh/cpu_cases_Albedo.png
-- Installing: /home/anxie/vrx_hu501_ws/install/share/vrx_gazebo/models/cpu_cases/mesh/cpu_cases.png
-- Installing: /home/anxie/vrx_hu501_ws/install/share/vrx_gazebo/models/cpu_cases/mesh/cpu_cases.dae
-- Installing: /home/anxie/vrx_hu501_ws/install/share/vrx_gazebo/models/cpu_cases/mesh/cpu_cases_Metalness.png
-- Installing: /home/anxie/vrx_hu501_ws/install/share/vrx_gazebo/models/cpu_cases/mesh/cpu_cases_Roughness.png
-- Installing: /home/anxie/vrx_hu501_ws/install/share/vrx_gazebo/models/cpu_cases/mesh/cpu_cases_Normal.png
-- Installing: /home/anxie/vrx_hu501_ws/install/share/vrx_gazebo/models/cpu_cases/model.config
-- Installing: /home/anxie/vrx_hu501_ws/install/share/vrx_gazebo/models/mono_camera
-- Installing: /home/anxie/vrx_hu501_ws/install/share/vrx_gazebo/models/mono_camera/model.sdf
-- Installing: /home/anxie/vrx_hu501_ws/install/share/vrx_gazebo/models/mono_camera/mesh
-- Installing: /home/anxie/vrx_hu501_ws/install/share/vrx_gazebo/models/mono_camera/mesh/mono_camera.dae
-- Installing: /home/anxie/vrx_hu501_ws/install/share/vrx_gazebo/models/mono_camera/mesh/mono_camera.png
-- Installing: /home/anxie/vrx_hu501_ws/install/share/vrx_gazebo/models/mono_camera/mesh/mono_camera_Metalness.png
-- Installing: /home/anxie/vrx_hu501_ws/install/share/vrx_gazebo/models/mono_camera/mesh/mono_camera_Normal.png
-- Installing: /home/anxie/vrx_hu501_ws/install/share/vrx_gazebo/models/mono_camera/mesh/mono_camera_Albedo.png
-- Installing: /home/anxie/vrx_hu501_ws/install/share/vrx_gazebo/models/mono_camera/mesh/mono_camera_Roughness.png
-- Installing: /home/anxie/vrx_hu501_ws/install/share/vrx_gazebo/models/mono_camera/model.config
-- Installing: /home/anxie/vrx_hu501_ws/install/share/vrx_gazebo/models/ball_shooter
-- Installing: /home/anxie/vrx_hu501_ws/install/share/vrx_gazebo/models/ball_shooter/meshes
-- Installing: /home/anxie/vrx_hu501_ws/install/share/vrx_gazebo/models/ball_shooter/meshes/Launcher_Albedo.png
-- Installing: /home/anxie/vrx_hu501_ws/install/share/vrx_gazebo/models/ball_shooter/meshes/ball_shooter_base.dae
-- Installing: /home/anxie/vrx_hu501_ws/install/share/vrx_gazebo/models/ball_shooter/meshes/ball_shooter_launcher.dae
-- Installing: /home/anxie/vrx_hu501_ws/install/share/vrx_gazebo/models/ball_shooter/meshes/Launcher_BaseColor.png
-- Installing: /home/anxie/vrx_hu501_ws/install/share/vrx_gazebo/models/ball_shooter/materials
-- Installing: /home/anxie/vrx_hu501_ws/install/share/vrx_gazebo/models/ball_shooter/materials/Textures
-- Installing: /home/anxie/vrx_hu501_ws/install/share/vrx_gazebo/models/ball_shooter/materials/Textures/Launcher_Albedo.png
-- Installing: /home/anxie/vrx_hu501_ws/install/share/vrx_gazebo/models/ball_shooter/materials/Textures/Launcher_Roughness.png
-- Installing: /home/anxie/vrx_hu501_ws/install/share/vrx_gazebo/models/ball_shooter/materials/Textures/Launcher_Metalness.png
-- Installing: /home/anxie/vrx_hu501_ws/install/share/vrx_gazebo/models/ball_shooter/materials/Textures/Launcher_Normal.png
-- Installing: /home/anxie/vrx_hu501_ws/install/share/vrx_gazebo/models/ball_shooter/model.sdf
-- Installing: /home/anxie/vrx_hu501_ws/install/share/vrx_gazebo/models/ball_shooter/model.config
-- Installing: /home/anxie/vrx_hu501_ws/install/share/vrx_gazebo/models/blue_projectile
-- Installing: /home/anxie/vrx_hu501_ws/install/share/vrx_gazebo/models/blue_projectile/model.sdf
-- Installing: /home/anxie/vrx_hu501_ws/install/share/vrx_gazebo/models/blue_projectile/model.config
-- Installing: /home/anxie/vrx_hu501_ws/install/share/vrx_gazebo/models/sensor_post
-- Installing: /home/anxie/vrx_hu501_ws/install/share/vrx_gazebo/models/sensor_post/model.sdf
-- Installing: /home/anxie/vrx_hu501_ws/install/share/vrx_gazebo/models/sensor_post/mesh
-- Installing: /home/anxie/vrx_hu501_ws/install/share/vrx_gazebo/models/sensor_post/mesh/sensor_post.dae
-- Installing: /home/anxie/vrx_hu501_ws/install/share/vrx_gazebo/models/sensor_post/mesh/sensor_post.png
-- Installing: /home/anxie/vrx_hu501_ws/install/share/vrx_gazebo/models/sensor_post/mesh/sensor_post_arm.dae
-- Installing: /home/anxie/vrx_hu501_ws/install/share/vrx_gazebo/models/sensor_post/model.config
-- Installing: /home/anxie/vrx_hu501_ws/install/share/vrx_gazebo/models/3d_lidar
-- Installing: /home/anxie/vrx_hu501_ws/install/share/vrx_gazebo/models/3d_lidar/model.sdf
-- Installing: /home/anxie/vrx_hu501_ws/install/share/vrx_gazebo/models/3d_lidar/mesh
-- Installing: /home/anxie/vrx_hu501_ws/install/share/vrx_gazebo/models/3d_lidar/mesh/3d_Lidar_Normal.png
-- Installing: /home/anxie/vrx_hu501_ws/install/share/vrx_gazebo/models/3d_lidar/mesh/3d_lidar.dae
-- Installing: /home/anxie/vrx_hu501_ws/install/share/vrx_gazebo/models/3d_lidar/mesh/3d_Lidar_Metalness.png
-- Installing: /home/anxie/vrx_hu501_ws/install/share/vrx_gazebo/models/3d_lidar/mesh/3d_Lidar_Albedo.png
-- Installing: /home/anxie/vrx_hu501_ws/install/share/vrx_gazebo/models/3d_lidar/mesh/3d_lidar.png
-- Installing: /home/anxie/vrx_hu501_ws/install/share/vrx_gazebo/models/3d_lidar/mesh/3d_Lidar_Roughness.png
-- Installing: /home/anxie/vrx_hu501_ws/install/share/vrx_gazebo/models/3d_lidar/model.config
-- Installing: /home/anxie/vrx_hu501_ws/install/share/vrx_gazebo/models/battery
-- Installing: /home/anxie/vrx_hu501_ws/install/share/vrx_gazebo/models/battery/model.sdf
-- Installing: /home/anxie/vrx_hu501_ws/install/share/vrx_gazebo/models/battery/mesh
-- Installing: /home/anxie/vrx_hu501_ws/install/share/vrx_gazebo/models/battery/mesh/battery.png
-- Installing: /home/anxie/vrx_hu501_ws/install/share/vrx_gazebo/models/battery/mesh/battery_Albedo.png
-- Installing: /home/anxie/vrx_hu501_ws/install/share/vrx_gazebo/models/battery/mesh/battery_Normal.png
-- Installing: /home/anxie/vrx_hu501_ws/install/share/vrx_gazebo/models/battery/mesh/battery.dae
-- Installing: /home/anxie/vrx_hu501_ws/install/share/vrx_gazebo/models/battery/mesh/battery_Metalness.png
-- Installing: /home/anxie/vrx_hu501_ws/install/share/vrx_gazebo/models/battery/mesh/battery_Roughness.png
-- Installing: /home/anxie/vrx_hu501_ws/install/share/vrx_gazebo/models/battery/model.config
-- Installing: /home/anxie/vrx_hu501_ws/install/share/vrx_gazebo/launch
-- Installing: /home/anxie/vrx_hu501_ws/install/share/vrx_gazebo/launch/generate_wamv.launch.py
-- Installing: /home/anxie/vrx_hu501_ws/install/share/vrx_gazebo/launch/rviz.launch.py
-- Installing: /home/anxie/vrx_hu501_ws/install/share/vrx_gazebo/config
-- Installing: /home/anxie/vrx_hu501_ws/install/share/vrx_gazebo/config/wamv_config
-- Installing: /home/anxie/vrx_hu501_ws/install/share/vrx_gazebo/config/wamv_config/example_component_config.yaml
-- Installing: /home/anxie/vrx_hu501_ws/install/share/vrx_gazebo/config/wamv_config/component_compliance
-- Installing: /home/anxie/vrx_hu501_ws/install/share/vrx_gazebo/config/wamv_config/component_compliance/bounding_boxes.yaml
-- Installing: /home/anxie/vrx_hu501_ws/install/share/vrx_gazebo/config/wamv_config/component_compliance/numeric.yaml
-- Installing: /home/anxie/vrx_hu501_ws/install/share/vrx_gazebo/config/wamv_config/example_thruster_config.yaml
-- Installing: /home/anxie/vrx_hu501_ws/install/share/vrx_gazebo/config/wamv_config/thruster_compliance
-- Installing: /home/anxie/vrx_hu501_ws/install/share/vrx_gazebo/config/wamv_config/thruster_compliance/bounding_boxes.yaml
-- Installing: /home/anxie/vrx_hu501_ws/install/share/vrx_gazebo/config/wamv_config/thruster_compliance/numeric.yaml
-- Installing: /home/anxie/vrx_hu501_ws/install/share/vrx_gazebo/config/rviz_vrx_final.rviz
-- Installing: /home/anxie/vrx_hu501_ws/install/share/vrx_gazebo/config/rviz_vrx_rsp.rviz
-- Installing: /home/anxie/vrx_hu501_ws/install/lib/vrx_gazebo/generate_wamv.py
-- Installing: /home/anxie/vrx_hu501_ws/install/share/vrx_gazebo/environment/pythonpath.sh
-- Installing: /home/anxie/vrx_hu501_ws/install/share/vrx_gazebo/environment/pythonpath.dsv
-- Installing: /home/anxie/vrx_hu501_ws/install/lib/python3.12/site-packages/vrx_gazebo-1.3.0-py3.12.egg-info
-- Installing: /home/anxie/vrx_hu501_ws/install/lib/python3.12/site-packages/vrx_gazebo-1.3.0-py3.12.egg-info/top_level.txt
-- Installing: /home/anxie/vrx_hu501_ws/install/lib/python3.12/site-packages/vrx_gazebo-1.3.0-py3.12.egg-info/SOURCES.txt
-- Installing: /home/anxie/vrx_hu501_ws/install/lib/python3.12/site-packages/vrx_gazebo-1.3.0-py3.12.egg-info/dependency_links.txt
-- Installing: /home/anxie/vrx_hu501_ws/install/lib/python3.12/site-packages/vrx_gazebo-1.3.0-py3.12.egg-info/PKG-INFO
-- Installing: /home/anxie/vrx_hu501_ws/install/lib/python3.12/site-packages/vrx_gazebo
-- Installing: /home/anxie/vrx_hu501_ws/install/lib/python3.12/site-packages/vrx_gazebo/__init__.py
-- Installing: /home/anxie/vrx_hu501_ws/install/lib/python3.12/site-packages/vrx_gazebo/utils.py
-- Installing: /home/anxie/vrx_hu501_ws/install/lib/python3.12/site-packages/vrx_gazebo/compliance.py
-- Installing: /home/anxie/vrx_hu501_ws/install/lib/python3.12/site-packages/vrx_gazebo/configure_wamv.py
Listing '/home/anxie/vrx_hu501_ws/install/lib/python3.12/site-packages/vrx_gazebo'...
Compiling '/home/anxie/vrx_hu501_ws/install/lib/python3.12/site-packages/vrx_gazebo/__init__.py'...
Compiling '/home/anxie/vrx_hu501_ws/install/lib/python3.12/site-packages/vrx_gazebo/compliance.py'...
Compiling '/home/anxie/vrx_hu501_ws/install/lib/python3.12/site-packages/vrx_gazebo/configure_wamv.py'...
Compiling '/home/anxie/vrx_hu501_ws/install/lib/python3.12/site-packages/vrx_gazebo/utils.py'...
-- Installing: /home/anxie/vrx_hu501_ws/install/share/ament_index/resource_index/package_run_dependencies/vrx_gazebo
-- Installing: /home/anxie/vrx_hu501_ws/install/share/ament_index/resource_index/parent_prefix_path/vrx_gazebo
-- Installing: /home/anxie/vrx_hu501_ws/install/share/vrx_gazebo/environment/ament_prefix_path.sh
-- Installing: /home/anxie/vrx_hu501_ws/install/share/vrx_gazebo/environment/ament_prefix_path.dsv
-- Installing: /home/anxie/vrx_hu501_ws/install/share/vrx_gazebo/environment/path.sh
-- Installing: /home/anxie/vrx_hu501_ws/install/share/vrx_gazebo/environment/path.dsv
-- Installing: /home/anxie/vrx_hu501_ws/install/share/vrx_gazebo/local_setup.bash
-- Installing: /home/anxie/vrx_hu501_ws/install/share/vrx_gazebo/local_setup.sh
-- Installing: /home/anxie/vrx_hu501_ws/install/share/vrx_gazebo/local_setup.zsh
-- Installing: /home/anxie/vrx_hu501_ws/install/share/vrx_gazebo/local_setup.dsv
-- Installing: /home/anxie/vrx_hu501_ws/install/share/vrx_gazebo/package.dsv
-- Installing: /home/anxie/vrx_hu501_ws/install/share/ament_index/resource_index/packages/vrx_gazebo
-- Installing: /home/anxie/vrx_hu501_ws/install/share/vrx_gazebo/cmake/vrx_gazeboConfig.cmake
-- Installing: /home/anxie/vrx_hu501_ws/install/share/vrx_gazebo/cmake/vrx_gazeboConfig-version.cmake
-- Installing: /home/anxie/vrx_hu501_ws/install/share/vrx_gazebo/package.xml
