[0.023s] Invoking command in '/home/anxie/vrx_hu501_ws/build/vrx_gazebo': CMAKE_PREFIX_PATH=${CMAKE_PREFIX_PATH}:/opt/ros/jazzy DEBUGINFOD_URLS=https://debuginfod.ubuntu.com /usr/bin/cmake /home/anxie/vrx_hu501_ws/src/vrx/vrx_urdf/vrx_gazebo -DCMAKE_INSTALL_PREFIX=/home/anxie/vrx_hu501_ws/install
[0.177s] -- The C compiler identification is GNU 13.3.0
[0.271s] -- The CXX compiler identification is GNU 13.3.0
[0.286s] -- Detecting C compiler ABI info
[0.353s] -- Detecting C compiler ABI info - done
[0.358s] -- Check for working C compiler: /usr/bin/cc - skipped
[0.358s] -- Detecting C compile features
[0.359s] -- Detecting C compile features - done
[0.364s] -- Detecting CXX compiler ABI info
[0.424s] -- Detecting CXX compiler ABI info - done
[0.429s] -- Check for working CXX compiler: /usr/bin/c++ - skipped
[0.430s] -- Detecting CXX compile features
[0.430s] -- Detecting CXX compile features - done
[0.441s] -- Found ament_cmake: 2.5.6 (/opt/ros/jazzy/share/ament_cmake/cmake)
[0.562s] -- Found Python3: /usr/bin/python3 (found version "3.12.3") found components: Interpreter 
[0.778s] -- Configuring done (0.7s)
[0.779s] -- Generating done (0.0s)
[0.780s] -- Build files have been written to: /home/anxie/vrx_hu501_ws/build/vrx_gazebo
[0.783s] Invoked command in '/home/anxie/vrx_hu501_ws/build/vrx_gazebo' returned '0': CMAKE_PREFIX_PATH=${CMAKE_PREFIX_PATH}:/opt/ros/jazzy DEBUGINFOD_URLS=https://debuginfod.ubuntu.com /usr/bin/cmake /home/anxie/vrx_hu501_ws/src/vrx/vrx_urdf/vrx_gazebo -DCMAKE_INSTALL_PREFIX=/home/anxie/vrx_hu501_ws/install
[0.784s] Invoking command in '/home/anxie/vrx_hu501_ws/build/vrx_gazebo': CMAKE_PREFIX_PATH=${CMAKE_PREFIX_PATH}:/opt/ros/jazzy DEBUGINFOD_URLS=https://debuginfod.ubuntu.com /usr/bin/cmake --build /home/anxie/vrx_hu501_ws/build/vrx_gazebo -- -j16 -l16
[0.827s] Built target ament_cmake_python_copy_vrx_gazebo
[0.961s] running egg_info
[0.962s] creating vrx_gazebo.egg-info
[0.973s] writing vrx_gazebo.egg-info/PKG-INFO
[0.973s] writing dependency_links to vrx_gazebo.egg-info/dependency_links.txt
[0.973s] writing top-level names to vrx_gazebo.egg-info/top_level.txt
[0.973s] writing manifest file 'vrx_gazebo.egg-info/SOURCES.txt'
[1.006s] reading manifest file 'vrx_gazebo.egg-info/SOURCES.txt'
[1.006s] writing manifest file 'vrx_gazebo.egg-info/SOURCES.txt'
[1.024s] Built target ament_cmake_python_build_vrx_gazebo_egg
[1.037s] Invoked command in '/home/anxie/vrx_hu501_ws/build/vrx_gazebo' returned '0': CMAKE_PREFIX_PATH=${CMAKE_PREFIX_PATH}:/opt/ros/jazzy DEBUGINFOD_URLS=https://debuginfod.ubuntu.com /usr/bin/cmake --build /home/anxie/vrx_hu501_ws/build/vrx_gazebo -- -j16 -l16
[1.038s] Invoking command in '/home/anxie/vrx_hu501_ws/build/vrx_gazebo': CMAKE_PREFIX_PATH=${CMAKE_PREFIX_PATH}:/opt/ros/jazzy DEBUGINFOD_URLS=https://debuginfod.ubuntu.com /usr/bin/cmake --install /home/anxie/vrx_hu501_ws/build/vrx_gazebo
[1.045s] -- Install configuration: ""
[1.045s] -- Installing: /home/anxie/vrx_hu501_ws/install/share/vrx_gazebo/environment/resource_paths.dsv
[1.045s] -- Installing: /home/anxie/vrx_hu501_ws/install/share/vrx_gazebo/environment/resource_paths.sh
[1.045s] -- Installing: /home/anxie/vrx_hu501_ws/install/share/vrx_gazebo/models
[1.045s] -- Installing: /home/anxie/vrx_hu501_ws/install/share/vrx_gazebo/models/cpu_cases
[1.046s] -- Installing: /home/anxie/vrx_hu501_ws/install/share/vrx_gazebo/models/cpu_cases/model.sdf
[1.046s] -- Installing: /home/anxie/vrx_hu501_ws/install/share/vrx_gazebo/models/cpu_cases/mesh
[1.046s] -- Installing: /home/anxie/vrx_hu501_ws/install/share/vrx_gazebo/models/cpu_cases/mesh/cpu_cases_Albedo.png
[1.048s] -- Installing: /home/anxie/vrx_hu501_ws/install/share/vrx_gazebo/models/cpu_cases/mesh/cpu_cases.png
[1.050s] -- Installing: /home/anxie/vrx_hu501_ws/install/share/vrx_gazebo/models/cpu_cases/mesh/cpu_cases.dae
[1.050s] -- Installing: /home/anxie/vrx_hu501_ws/install/share/vrx_gazebo/models/cpu_cases/mesh/cpu_cases_Metalness.png
[1.050s] -- Installing: /home/anxie/vrx_hu501_ws/install/share/vrx_gazebo/models/cpu_cases/mesh/cpu_cases_Roughness.png
[1.051s] -- Installing: /home/anxie/vrx_hu501_ws/install/share/vrx_gazebo/models/cpu_cases/mesh/cpu_cases_Normal.png
[1.053s] -- Installing: /home/anxie/vrx_hu501_ws/install/share/vrx_gazebo/models/cpu_cases/model.config
[1.053s] -- Installing: /home/anxie/vrx_hu501_ws/install/share/vrx_gazebo/models/mono_camera
[1.053s] -- Installing: /home/anxie/vrx_hu501_ws/install/share/vrx_gazebo/models/mono_camera/model.sdf
[1.053s] -- Installing: /home/anxie/vrx_hu501_ws/install/share/vrx_gazebo/models/mono_camera/mesh
[1.053s] -- Installing: /home/anxie/vrx_hu501_ws/install/share/vrx_gazebo/models/mono_camera/mesh/mono_camera.dae
[1.053s] -- Installing: /home/anxie/vrx_hu501_ws/install/share/vrx_gazebo/models/mono_camera/mesh/mono_camera.png
[1.053s] -- Installing: /home/anxie/vrx_hu501_ws/install/share/vrx_gazebo/models/mono_camera/mesh/mono_camera_Metalness.png
[1.053s] -- Installing: /home/anxie/vrx_hu501_ws/install/share/vrx_gazebo/models/mono_camera/mesh/mono_camera_Normal.png
[1.053s] -- Installing: /home/anxie/vrx_hu501_ws/install/share/vrx_gazebo/models/mono_camera/mesh/mono_camera_Albedo.png
[1.053s] -- Installing: /home/anxie/vrx_hu501_ws/install/share/vrx_gazebo/models/mono_camera/mesh/mono_camera_Roughness.png
[1.053s] -- Installing: /home/anxie/vrx_hu501_ws/install/share/vrx_gazebo/models/mono_camera/model.config
[1.053s] -- Installing: /home/anxie/vrx_hu501_ws/install/share/vrx_gazebo/models/ball_shooter
[1.053s] -- Installing: /home/anxie/vrx_hu501_ws/install/share/vrx_gazebo/models/ball_shooter/meshes
[1.053s] -- Installing: /home/anxie/vrx_hu501_ws/install/share/vrx_gazebo/models/ball_shooter/meshes/Launcher_Albedo.png
[1.054s] -- Installing: /home/anxie/vrx_hu501_ws/install/share/vrx_gazebo/models/ball_shooter/meshes/ball_shooter_base.dae
[1.054s] -- Installing: /home/anxie/vrx_hu501_ws/install/share/vrx_gazebo/models/ball_shooter/meshes/ball_shooter_launcher.dae
[1.054s] -- Installing: /home/anxie/vrx_hu501_ws/install/share/vrx_gazebo/models/ball_shooter/meshes/Launcher_BaseColor.png
[1.055s] -- Installing: /home/anxie/vrx_hu501_ws/install/share/vrx_gazebo/models/ball_shooter/materials
[1.055s] -- Installing: /home/anxie/vrx_hu501_ws/install/share/vrx_gazebo/models/ball_shooter/materials/Textures
[1.055s] -- Installing: /home/anxie/vrx_hu501_ws/install/share/vrx_gazebo/models/ball_shooter/materials/Textures/Launcher_Albedo.png
[1.055s] -- Installing: /home/anxie/vrx_hu501_ws/install/share/vrx_gazebo/models/ball_shooter/materials/Textures/Launcher_Roughness.png
[1.055s] -- Installing: /home/anxie/vrx_hu501_ws/install/share/vrx_gazebo/models/ball_shooter/materials/Textures/Launcher_Metalness.png
[1.055s] -- Installing: /home/anxie/vrx_hu501_ws/install/share/vrx_gazebo/models/ball_shooter/materials/Textures/Launcher_Normal.png
[1.055s] -- Installing: /home/anxie/vrx_hu501_ws/install/share/vrx_gazebo/models/ball_shooter/model.sdf
[1.055s] -- Installing: /home/anxie/vrx_hu501_ws/install/share/vrx_gazebo/models/ball_shooter/model.config
[1.055s] -- Installing: /home/anxie/vrx_hu501_ws/install/share/vrx_gazebo/models/blue_projectile
[1.055s] -- Installing: /home/anxie/vrx_hu501_ws/install/share/vrx_gazebo/models/blue_projectile/model.sdf
[1.055s] -- Installing: /home/anxie/vrx_hu501_ws/install/share/vrx_gazebo/models/blue_projectile/model.config
[1.055s] -- Installing: /home/anxie/vrx_hu501_ws/install/share/vrx_gazebo/models/sensor_post
[1.055s] -- Installing: /home/anxie/vrx_hu501_ws/install/share/vrx_gazebo/models/sensor_post/model.sdf
[1.055s] -- Installing: /home/anxie/vrx_hu501_ws/install/share/vrx_gazebo/models/sensor_post/mesh
[1.055s] -- Installing: /home/anxie/vrx_hu501_ws/install/share/vrx_gazebo/models/sensor_post/mesh/sensor_post.dae
[1.055s] -- Installing: /home/anxie/vrx_hu501_ws/install/share/vrx_gazebo/models/sensor_post/mesh/sensor_post.png
[1.055s] -- Installing: /home/anxie/vrx_hu501_ws/install/share/vrx_gazebo/models/sensor_post/mesh/sensor_post_arm.dae
[1.056s] -- Installing: /home/anxie/vrx_hu501_ws/install/share/vrx_gazebo/models/sensor_post/model.config
[1.056s] -- Installing: /home/anxie/vrx_hu501_ws/install/share/vrx_gazebo/models/3d_lidar
[1.056s] -- Installing: /home/anxie/vrx_hu501_ws/install/share/vrx_gazebo/models/3d_lidar/model.sdf
[1.056s] -- Installing: /home/anxie/vrx_hu501_ws/install/share/vrx_gazebo/models/3d_lidar/mesh
[1.056s] -- Installing: /home/anxie/vrx_hu501_ws/install/share/vrx_gazebo/models/3d_lidar/mesh/3d_Lidar_Normal.png
[1.056s] -- Installing: /home/anxie/vrx_hu501_ws/install/share/vrx_gazebo/models/3d_lidar/mesh/3d_lidar.dae
[1.056s] -- Installing: /home/anxie/vrx_hu501_ws/install/share/vrx_gazebo/models/3d_lidar/mesh/3d_Lidar_Metalness.png
[1.056s] -- Installing: /home/anxie/vrx_hu501_ws/install/share/vrx_gazebo/models/3d_lidar/mesh/3d_Lidar_Albedo.png
[1.056s] -- Installing: /home/anxie/vrx_hu501_ws/install/share/vrx_gazebo/models/3d_lidar/mesh/3d_lidar.png
[1.056s] -- Installing: /home/anxie/vrx_hu501_ws/install/share/vrx_gazebo/models/3d_lidar/mesh/3d_Lidar_Roughness.png
[1.056s] -- Installing: /home/anxie/vrx_hu501_ws/install/share/vrx_gazebo/models/3d_lidar/model.config
[1.056s] -- Installing: /home/anxie/vrx_hu501_ws/install/share/vrx_gazebo/models/battery
[1.056s] -- Installing: /home/anxie/vrx_hu501_ws/install/share/vrx_gazebo/models/battery/model.sdf
[1.056s] -- Installing: /home/anxie/vrx_hu501_ws/install/share/vrx_gazebo/models/battery/mesh
[1.056s] -- Installing: /home/anxie/vrx_hu501_ws/install/share/vrx_gazebo/models/battery/mesh/battery.png
[1.058s] -- Installing: /home/anxie/vrx_hu501_ws/install/share/vrx_gazebo/models/battery/mesh/battery_Albedo.png
[1.060s] -- Installing: /home/anxie/vrx_hu501_ws/install/share/vrx_gazebo/models/battery/mesh/battery_Normal.png
[1.061s] -- Installing: /home/anxie/vrx_hu501_ws/install/share/vrx_gazebo/models/battery/mesh/battery.dae
[1.061s] -- Installing: /home/anxie/vrx_hu501_ws/install/share/vrx_gazebo/models/battery/mesh/battery_Metalness.png
[1.061s] -- Installing: /home/anxie/vrx_hu501_ws/install/share/vrx_gazebo/models/battery/mesh/battery_Roughness.png
[1.062s] -- Installing: /home/anxie/vrx_hu501_ws/install/share/vrx_gazebo/models/battery/model.config
[1.062s] -- Installing: /home/anxie/vrx_hu501_ws/install/share/vrx_gazebo/launch
[1.062s] -- Installing: /home/anxie/vrx_hu501_ws/install/share/vrx_gazebo/launch/generate_wamv.launch.py
[1.062s] -- Installing: /home/anxie/vrx_hu501_ws/install/share/vrx_gazebo/launch/rviz.launch.py
[1.062s] -- Installing: /home/anxie/vrx_hu501_ws/install/share/vrx_gazebo/config
[1.062s] -- Installing: /home/anxie/vrx_hu501_ws/install/share/vrx_gazebo/config/wamv_config
[1.062s] -- Installing: /home/anxie/vrx_hu501_ws/install/share/vrx_gazebo/config/wamv_config/example_component_config.yaml
[1.062s] -- Installing: /home/anxie/vrx_hu501_ws/install/share/vrx_gazebo/config/wamv_config/component_compliance
[1.062s] -- Installing: /home/anxie/vrx_hu501_ws/install/share/vrx_gazebo/config/wamv_config/component_compliance/bounding_boxes.yaml
[1.062s] -- Installing: /home/anxie/vrx_hu501_ws/install/share/vrx_gazebo/config/wamv_config/component_compliance/numeric.yaml
[1.062s] -- Installing: /home/anxie/vrx_hu501_ws/install/share/vrx_gazebo/config/wamv_config/example_thruster_config.yaml
[1.062s] -- Installing: /home/anxie/vrx_hu501_ws/install/share/vrx_gazebo/config/wamv_config/thruster_compliance
[1.062s] -- Installing: /home/anxie/vrx_hu501_ws/install/share/vrx_gazebo/config/wamv_config/thruster_compliance/bounding_boxes.yaml
[1.062s] -- Installing: /home/anxie/vrx_hu501_ws/install/share/vrx_gazebo/config/wamv_config/thruster_compliance/numeric.yaml
[1.063s] -- Installing: /home/anxie/vrx_hu501_ws/install/share/vrx_gazebo/config/rviz_vrx_final.rviz
[1.063s] -- Installing: /home/anxie/vrx_hu501_ws/install/share/vrx_gazebo/config/rviz_vrx_rsp.rviz
[1.063s] -- Installing: /home/anxie/vrx_hu501_ws/install/lib/vrx_gazebo/generate_wamv.py
[1.063s] -- Installing: /home/anxie/vrx_hu501_ws/install/share/vrx_gazebo/environment/pythonpath.sh
[1.063s] -- Installing: /home/anxie/vrx_hu501_ws/install/share/vrx_gazebo/environment/pythonpath.dsv
[1.063s] -- Installing: /home/anxie/vrx_hu501_ws/install/lib/python3.12/site-packages/vrx_gazebo-1.3.0-py3.12.egg-info
[1.063s] -- Installing: /home/anxie/vrx_hu501_ws/install/lib/python3.12/site-packages/vrx_gazebo-1.3.0-py3.12.egg-info/top_level.txt
[1.063s] -- Installing: /home/anxie/vrx_hu501_ws/install/lib/python3.12/site-packages/vrx_gazebo-1.3.0-py3.12.egg-info/SOURCES.txt
[1.063s] -- Installing: /home/anxie/vrx_hu501_ws/install/lib/python3.12/site-packages/vrx_gazebo-1.3.0-py3.12.egg-info/dependency_links.txt
[1.063s] -- Installing: /home/anxie/vrx_hu501_ws/install/lib/python3.12/site-packages/vrx_gazebo-1.3.0-py3.12.egg-info/PKG-INFO
[1.063s] -- Installing: /home/anxie/vrx_hu501_ws/install/lib/python3.12/site-packages/vrx_gazebo
[1.063s] -- Installing: /home/anxie/vrx_hu501_ws/install/lib/python3.12/site-packages/vrx_gazebo/__init__.py
[1.063s] -- Installing: /home/anxie/vrx_hu501_ws/install/lib/python3.12/site-packages/vrx_gazebo/utils.py
[1.063s] -- Installing: /home/anxie/vrx_hu501_ws/install/lib/python3.12/site-packages/vrx_gazebo/compliance.py
[1.063s] -- Installing: /home/anxie/vrx_hu501_ws/install/lib/python3.12/site-packages/vrx_gazebo/configure_wamv.py
[1.089s] Listing '/home/anxie/vrx_hu501_ws/install/lib/python3.12/site-packages/vrx_gazebo'...
[1.089s] Compiling '/home/anxie/vrx_hu501_ws/install/lib/python3.12/site-packages/vrx_gazebo/__init__.py'...
[1.090s] Compiling '/home/anxie/vrx_hu501_ws/install/lib/python3.12/site-packages/vrx_gazebo/compliance.py'...
[1.090s] Compiling '/home/anxie/vrx_hu501_ws/install/lib/python3.12/site-packages/vrx_gazebo/configure_wamv.py'...
[1.090s] Compiling '/home/anxie/vrx_hu501_ws/install/lib/python3.12/site-packages/vrx_gazebo/utils.py'...
[1.093s] -- Installing: /home/anxie/vrx_hu501_ws/install/share/ament_index/resource_index/package_run_dependencies/vrx_gazebo
[1.093s] -- Installing: /home/anxie/vrx_hu501_ws/install/share/ament_index/resource_index/parent_prefix_path/vrx_gazebo
[1.093s] -- Installing: /home/anxie/vrx_hu501_ws/install/share/vrx_gazebo/environment/ament_prefix_path.sh
[1.093s] -- Installing: /home/anxie/vrx_hu501_ws/install/share/vrx_gazebo/environment/ament_prefix_path.dsv
[1.093s] -- Installing: /home/anxie/vrx_hu501_ws/install/share/vrx_gazebo/environment/path.sh
[1.093s] -- Installing: /home/anxie/vrx_hu501_ws/install/share/vrx_gazebo/environment/path.dsv
[1.093s] -- Installing: /home/anxie/vrx_hu501_ws/install/share/vrx_gazebo/local_setup.bash
[1.093s] -- Installing: /home/anxie/vrx_hu501_ws/install/share/vrx_gazebo/local_setup.sh
[1.093s] -- Installing: /home/anxie/vrx_hu501_ws/install/share/vrx_gazebo/local_setup.zsh
[1.093s] -- Installing: /home/anxie/vrx_hu501_ws/install/share/vrx_gazebo/local_setup.dsv
[1.094s] -- Installing: /home/anxie/vrx_hu501_ws/install/share/vrx_gazebo/package.dsv
[1.094s] -- Installing: /home/anxie/vrx_hu501_ws/install/share/ament_index/resource_index/packages/vrx_gazebo
[1.094s] -- Installing: /home/anxie/vrx_hu501_ws/install/share/vrx_gazebo/cmake/vrx_gazeboConfig.cmake
[1.094s] -- Installing: /home/anxie/vrx_hu501_ws/install/share/vrx_gazebo/cmake/vrx_gazeboConfig-version.cmake
[1.094s] -- Installing: /home/anxie/vrx_hu501_ws/install/share/vrx_gazebo/package.xml
[1.095s] Invoked command in '/home/anxie/vrx_hu501_ws/build/vrx_gazebo' returned '0': CMAKE_PREFIX_PATH=${CMAKE_PREFIX_PATH}:/opt/ros/jazzy DEBUGINFOD_URLS=https://debuginfod.ubuntu.com /usr/bin/cmake --install /home/anxie/vrx_hu501_ws/build/vrx_gazebo
