[0.516s] Invoking command in '/home/anxie/vrx_hu501_ws/src/my_control': DEBUGINFOD_URLS=https://debuginfod.ubuntu.com PYTHONPATH=/home/anxie/vrx_hu501_ws/build/my_control/prefix_override:/usr/lib/python3/dist-packages/colcon_core/task/python/colcon_distutils_commands:/home/anxie/vrx_hu501_ws/install/lib/python3.12/site-packages:${PYTHONPATH} /usr/bin/python3 -W ignore:setup.py install is deprecated -W ignore:easy_install command is deprecated setup.py egg_info --egg-base ../../build/my_control build --build-base /home/anxie/vrx_hu501_ws/build/my_control/build install --record /home/anxie/vrx_hu501_ws/build/my_control/install.log --install-scripts $base/lib/my_control --single-version-externally-managed install_data
[0.669s] running egg_info
[0.681s] writing ../../build/my_control/my_control.egg-info/PKG-INFO
[0.681s] writing dependency_links to ../../build/my_control/my_control.egg-info/dependency_links.txt
[0.681s] writing entry points to ../../build/my_control/my_control.egg-info/entry_points.txt
[0.681s] writing requirements to ../../build/my_control/my_control.egg-info/requires.txt
[0.681s] writing top-level names to ../../build/my_control/my_control.egg-info/top_level.txt
[0.704s] reading manifest file '../../build/my_control/my_control.egg-info/SOURCES.txt'
[0.705s] writing manifest file '../../build/my_control/my_control.egg-info/SOURCES.txt'
[0.705s] running build
[0.705s] running build_py
[0.705s] running install
[0.709s] running install_lib
[0.720s] running install_data
[0.720s] running install_egg_info
[0.733s] removing '/home/anxie/vrx_hu501_ws/install/lib/python3.12/site-packages/my_control-0.0.0-py3.12.egg-info' (and everything under it)
[0.733s] Copying ../../build/my_control/my_control.egg-info to /home/anxie/vrx_hu501_ws/install/lib/python3.12/site-packages/my_control-0.0.0-py3.12.egg-info
[0.733s] running install_scripts
[0.809s] Installing key_control script to /home/anxie/vrx_hu501_ws/install/lib/my_control
[0.809s] Installing mpc_node script to /home/anxie/vrx_hu501_ws/install/lib/my_control
[0.809s] writing list of installed files to '/home/anxie/vrx_hu501_ws/build/my_control/install.log'
[0.825s] Invoked command in '/home/anxie/vrx_hu501_ws/src/my_control' returned '0': DEBUGINFOD_URLS=https://debuginfod.ubuntu.com PYTHONPATH=/home/anxie/vrx_hu501_ws/build/my_control/prefix_override:/usr/lib/python3/dist-packages/colcon_core/task/python/colcon_distutils_commands:/home/anxie/vrx_hu501_ws/install/lib/python3.12/site-packages:${PYTHONPATH} /usr/bin/python3 -W ignore:setup.py install is deprecated -W ignore:easy_install command is deprecated setup.py egg_info --egg-base ../../build/my_control build --build-base /home/anxie/vrx_hu501_ws/build/my_control/build install --record /home/anxie/vrx_hu501_ws/build/my_control/install.log --install-scripts $base/lib/my_control --single-version-externally-managed install_data
