[100%] Built target wamv_description__xacro_auto_generate
-- Install configuration: ""
-- Up-to-date: /home/anxie/vrx_hu501_ws/install/share/wamv_description/environment/resource_paths.dsv
-- Up-to-date: /home/anxie/vrx_hu501_ws/install/share/wamv_description/environment/resource_paths.sh
-- Up-to-date: /home/anxie/vrx_hu501_ws/install/share/wamv_description/urdf/wamv_base.urdf
-- Up-to-date: /home/anxie/vrx_hu501_ws/install/share/wamv_description/models
-- Up-to-date: /home/anxie/vrx_hu501_ws/install/share/wamv_description/models/WAM-V-Base
-- Up-to-date: /home/anxie/vrx_hu501_ws/install/share/wamv_description/models/WAM-V-Base/mesh
-- Up-to-date: /home/anxie/vrx_hu501_ws/install/share/wamv_description/models/WAM-V-Base/mesh/WAM-V_Roughness.png
-- Up-to-date: /home/anxie/vrx_hu501_ws/install/share/wamv_description/models/WAM-V-Base/mesh/WAM-V_Normal.png
-- Up-to-date: /home/anxie/vrx_hu501_ws/install/share/wamv_description/models/WAM-V-Base/mesh/WAM-V_Albedo.png
-- Up-to-date: /home/anxie/vrx_hu501_ws/install/share/wamv_description/models/WAM-V-Base/mesh/WAM-V_Metalness.png
-- Up-to-date: /home/anxie/vrx_hu501_ws/install/share/wamv_description/models/WAM-V-Base/mesh/WAM-V-Base.dae
-- Up-to-date: /home/anxie/vrx_hu501_ws/install/share/wamv_description/models/WAM-V-Base/mesh/WamV.png
-- Up-to-date: /home/anxie/vrx_hu501_ws/install/share/wamv_description/models/WAM-V-Base/model.config
-- Up-to-date: /home/anxie/vrx_hu501_ws/install/share/wamv_description/models/propeller
-- Up-to-date: /home/anxie/vrx_hu501_ws/install/share/wamv_description/models/propeller/mesh
-- Up-to-date: /home/anxie/vrx_hu501_ws/install/share/wamv_description/models/propeller/mesh/propeller.dae
-- Up-to-date: /home/anxie/vrx_hu501_ws/install/share/wamv_description/models/propeller/model.config
-- Up-to-date: /home/anxie/vrx_hu501_ws/install/share/wamv_description/models/engine
-- Up-to-date: /home/anxie/vrx_hu501_ws/install/share/wamv_description/models/engine/mesh
-- Up-to-date: /home/anxie/vrx_hu501_ws/install/share/wamv_description/models/engine/mesh/engine.dae
-- Up-to-date: /home/anxie/vrx_hu501_ws/install/share/wamv_description/models/engine/model.config
-- Up-to-date: /home/anxie/vrx_hu501_ws/install/share/wamv_description/urdf
-- Up-to-date: /home/anxie/vrx_hu501_ws/install/share/wamv_description/urdf/cpu_cases.xacro
-- Up-to-date: /home/anxie/vrx_hu501_ws/install/share/wamv_description/urdf/wamv_base.urdf.xacro
-- Up-to-date: /home/anxie/vrx_hu501_ws/install/share/wamv_description/urdf/thrusters
-- Up-to-date: /home/anxie/vrx_hu501_ws/install/share/wamv_description/urdf/thrusters/engine.xacro
-- Up-to-date: /home/anxie/vrx_hu501_ws/install/share/wamv_description/urdf/battery.xacro
-- Up-to-date: /home/anxie/vrx_hu501_ws/install/share/ament_index/resource_index/package_run_dependencies/wamv_description
-- Up-to-date: /home/anxie/vrx_hu501_ws/install/share/ament_index/resource_index/parent_prefix_path/wamv_description
-- Up-to-date: /home/anxie/vrx_hu501_ws/install/share/wamv_description/environment/ament_prefix_path.sh
-- Up-to-date: /home/anxie/vrx_hu501_ws/install/share/wamv_description/environment/ament_prefix_path.dsv
-- Up-to-date: /home/anxie/vrx_hu501_ws/install/share/wamv_description/environment/path.sh
-- Up-to-date: /home/anxie/vrx_hu501_ws/install/share/wamv_description/environment/path.dsv
-- Up-to-date: /home/anxie/vrx_hu501_ws/install/share/wamv_description/local_setup.bash
-- Up-to-date: /home/anxie/vrx_hu501_ws/install/share/wamv_description/local_setup.sh
-- Up-to-date: /home/anxie/vrx_hu501_ws/install/share/wamv_description/local_setup.zsh
-- Up-to-date: /home/anxie/vrx_hu501_ws/install/share/wamv_description/local_setup.dsv
-- Up-to-date: /home/anxie/vrx_hu501_ws/install/share/wamv_description/package.dsv
-- Up-to-date: /home/anxie/vrx_hu501_ws/install/share/ament_index/resource_index/packages/wamv_description
-- Up-to-date: /home/anxie/vrx_hu501_ws/install/share/wamv_description/cmake/wamv_descriptionConfig.cmake
-- Up-to-date: /home/anxie/vrx_hu501_ws/install/share/wamv_description/cmake/wamv_descriptionConfig-version.cmake
-- Up-to-date: /home/anxie/vrx_hu501_ws/install/share/wamv_description/package.xml
