-- The C compiler identification is GNU 13.3.0
-- The CXX compiler identification is GNU 13.3.0
-- Detecting C compiler ABI info
-- Detecting C compiler ABI info - done
-- Check for working C compiler: /usr/bin/cc - skipped
-- Detecting C compile features
-- Detecting C compile features - done
-- Detecting CXX compiler ABI info
-- Detecting CXX compiler ABI info - done
-- Check for working CXX compiler: /usr/bin/c++ - skipped
-- Detecting CXX compile features
-- Detecting CXX compile features - done
-- Performing Test COMPILER_SUPPORTS_CXX17
-- Performing Test COMPILER_SUPPORTS_CXX17 - Success
-- Found ament_cmake: 2.5.6 (/opt/ros/jazzy/share/ament_cmake/cmake)
-- Found Python3: /usr/bin/python3 (found version "3.12.3") found components: Interpreter 
-- Found geometry_msgs: 5.3.8 (/opt/ros/jazzy/share/geometry_msgs/cmake)
-- Found rosidl_generator_c: 4.6.9 (/opt/ros/jazzy/share/rosidl_generator_c/cmake)
-- Found rosidl_generator_cpp: 4.6.9 (/opt/ros/jazzy/share/rosidl_generator_cpp/cmake)
-- Using all available rosidl_typesupport_c: rosidl_typesupport_fastrtps_c;rosidl_typesupport_introspection_c
-- Using all available rosidl_typesupport_cpp: rosidl_typesupport_fastrtps_cpp;rosidl_typesupport_introspection_cpp
-- Looking for gz-msgs10 -- found version 10.4.0
-- Searching for dependencies of gz-msgs10
-- Found Protobuf: /usr/lib/x86_64-linux-gnu/libprotobuf.so (found version "3.21.12") 
-- Looking for gz-utils2 -- found version 2.2.1
-- Searching for dependencies of gz-utils2
-- Looking for gz-math7 -- found version 7.7.0
-- Searching for dependencies of gz-math7
-- Looking for gz-utils2 -- found version 2.2.1
-- Checking for module 'tinyxml2'
--   Found tinyxml2, version 10.0.0
-- Looking for gz-transport13 -- found version 13.6.0
-- Searching for dependencies of gz-transport13
-- Config-file not installed for ZeroMQ -- checking for pkg-config
-- Checking for module 'libzmq >= 4'
--   Found libzmq, version 4.3.5
-- Found ZeroMQ: TRUE (Required is at least version "4") 
-- Checking for module 'uuid'
--   Found uuid, version 2.39.3
-- Found UUID: TRUE  
-- Looking for gz-utils2 -- found version 2.2.1
-- Searching for dependencies of gz-utils2
-- Searching for <gz-utils2> component [cli]
-- Looking for gz-utils2-cli -- found version 2.2.1
-- Searching for dependencies of gz-utils2-cli
-- Looking for gz-msgs10 -- found version 10.4.0
-- Found rclcpp: 28.1.22 (/opt/ros/jazzy/share/rclcpp/cmake)
-- Found rmw_implementation_cmake: 7.3.3 (/opt/ros/jazzy/share/rmw_implementation_cmake/cmake)
-- Found rmw_fastrtps_cpp: 8.4.4 (/opt/ros/jazzy/share/rmw_fastrtps_cpp/cmake)
-- Found OpenSSL: /usr/lib/x86_64-linux-gnu/libcrypto.so (found version "3.0.13")  
-- Found FastRTPS: /opt/ros/jazzy/include (Required is at least version "2.13") 
-- Using RMW implementation 'rmw_fastrtps_cpp' as default
-- Found ros_gz_interfaces: 1.0.24 (/opt/ros/jazzy/share/ros_gz_interfaces/cmake)
-- Found sensor_msgs: 5.3.8 (/opt/ros/jazzy/share/sensor_msgs/cmake)
-- Found tf2: 0.36.22 (/opt/ros/jazzy/share/tf2/cmake)
-- Found tf2_msgs: 0.36.22 (/opt/ros/jazzy/share/tf2_msgs/cmake)
-- Found tf2_ros: 0.36.22 (/opt/ros/jazzy/share/tf2_ros/cmake)
-- Configuring done (1.6s)
-- Generating done (0.0s)
-- Build files have been written to: /home/anxie/vrx_hu501_ws/build/vrx_ros
[ 25%] [32mBuilding CXX object CMakeFiles/optical_frame_publisher.dir/src/optical_frame_publisher.cc.o[0m
[ 50%] [32mBuilding CXX object CMakeFiles/pose_tf_broadcaster.dir/src/pose_tf_broadcaster.cc.o[0m
[ 75%] [32m[1mLinking CXX executable pose_tf_broadcaster[0m
[ 75%] Built target pose_tf_broadcaster
[100%] [32m[1mLinking CXX executable optical_frame_publisher[0m
[100%] Built target optical_frame_publisher
-- Install configuration: ""
-- Installing: /home/anxie/vrx_hu501_ws/install/lib/vrx_ros/optical_frame_publisher
-- Set non-toolchain portion of runtime path of "/home/anxie/vrx_hu501_ws/install/lib/vrx_ros/optical_frame_publisher" to ""
-- Installing: /home/anxie/vrx_hu501_ws/install/lib/vrx_ros/pose_tf_broadcaster
-- Set non-toolchain portion of runtime path of "/home/anxie/vrx_hu501_ws/install/lib/vrx_ros/pose_tf_broadcaster" to ""
-- Installing: /home/anxie/vrx_hu501_ws/install/share/vrx_ros/launch
-- Installing: /home/anxie/vrx_hu501_ws/install/share/vrx_ros/launch/monitor_sim.py
-- Installing: /home/anxie/vrx_hu501_ws/install/share/ament_index/resource_index/package_run_dependencies/vrx_ros
-- Installing: /home/anxie/vrx_hu501_ws/install/share/ament_index/resource_index/parent_prefix_path/vrx_ros
-- Installing: /home/anxie/vrx_hu501_ws/install/share/vrx_ros/environment/ament_prefix_path.sh
-- Installing: /home/anxie/vrx_hu501_ws/install/share/vrx_ros/environment/ament_prefix_path.dsv
-- Installing: /home/anxie/vrx_hu501_ws/install/share/vrx_ros/environment/path.sh
-- Installing: /home/anxie/vrx_hu501_ws/install/share/vrx_ros/environment/path.dsv
-- Installing: /home/anxie/vrx_hu501_ws/install/share/vrx_ros/local_setup.bash
-- Installing: /home/anxie/vrx_hu501_ws/install/share/vrx_ros/local_setup.sh
-- Installing: /home/anxie/vrx_hu501_ws/install/share/vrx_ros/local_setup.zsh
-- Installing: /home/anxie/vrx_hu501_ws/install/share/vrx_ros/local_setup.dsv
-- Installing: /home/anxie/vrx_hu501_ws/install/share/vrx_ros/package.dsv
-- Installing: /home/anxie/vrx_hu501_ws/install/share/ament_index/resource_index/packages/vrx_ros
-- Installing: /home/anxie/vrx_hu501_ws/install/share/vrx_ros/cmake/vrx_rosConfig.cmake
-- Installing: /home/anxie/vrx_hu501_ws/install/share/vrx_ros/cmake/vrx_rosConfig-version.cmake
-- Installing: /home/anxie/vrx_hu501_ws/install/share/vrx_ros/package.xml
