[0.017s] Invoking command in '/home/anxie/vrx_hu501_ws/build/vrx_ros': CMAKE_PREFIX_PATH=${CMAKE_PREFIX_PATH}:/opt/ros/jazzy DEBUGINFOD_URLS=https://debuginfod.ubuntu.com /usr/bin/cmake /home/anxie/vrx_hu501_ws/src/vrx/vrx_ros -DCMAKE_INSTALL_PREFIX=/home/anxie/vrx_hu501_ws/install
[0.170s] -- The C compiler identification is GNU 13.3.0
[0.267s] -- The CXX compiler identification is GNU 13.3.0
[0.278s] -- Detecting C compiler ABI info
[0.342s] -- Detecting C compiler ABI info - done
[0.347s] -- Check for working C compiler: /usr/bin/cc - skipped
[0.347s] -- Detecting C compile features
[0.348s] -- Detecting C compile features - done
[0.356s] -- Detecting CXX compiler ABI info
[0.426s] -- Detecting CXX compiler ABI info - done
[0.432s] -- Check for working CXX compiler: /usr/bin/c++ - skipped
[0.432s] -- Detecting CXX compile features
[0.432s] -- Detecting CXX compile features - done
[0.434s] -- Performing Test COMPILER_SUPPORTS_CXX17
[0.497s] -- Performing Test COMPILER_SUPPORTS_CXX17 - Success
[0.499s] -- Found ament_cmake: 2.5.6 (/opt/ros/jazzy/share/ament_cmake/cmake)
[0.609s] -- Found Python3: /usr/bin/python3 (found version "3.12.3") found components: Interpreter 
[0.690s] -- Found geometry_msgs: 5.3.8 (/opt/ros/jazzy/share/geometry_msgs/cmake)
[0.749s] -- Found rosidl_generator_c: 4.6.9 (/opt/ros/jazzy/share/rosidl_generator_c/cmake)
[0.763s] -- Found rosidl_generator_cpp: 4.6.9 (/opt/ros/jazzy/share/rosidl_generator_cpp/cmake)
[0.783s] -- Using all available rosidl_typesupport_c: rosidl_typesupport_fastrtps_c;rosidl_typesupport_introspection_c
[0.803s] -- Using all available rosidl_typesupport_cpp: rosidl_typesupport_fastrtps_cpp;rosidl_typesupport_introspection_cpp
[0.848s] -- Looking for gz-msgs10 -- found version 10.4.0
[0.857s] -- Searching for dependencies of gz-msgs10
[0.971s] -- Found Protobuf: /usr/lib/x86_64-linux-gnu/libprotobuf.so (found version "3.21.12") 
[0.975s] -- Looking for gz-utils2 -- found version 2.2.1
[0.975s] -- Searching for dependencies of gz-utils2
[0.978s] -- Looking for gz-math7 -- found version 7.7.0
[0.978s] -- Searching for dependencies of gz-math7
[0.978s] -- Looking for gz-utils2 -- found version 2.2.1
[0.985s] -- Checking for module 'tinyxml2'
[1.000s] --   Found tinyxml2, version 10.0.0
[1.030s] -- Looking for gz-transport13 -- found version 13.6.0
[1.030s] -- Searching for dependencies of gz-transport13
[1.050s] -- Config-file not installed for ZeroMQ -- checking for pkg-config
[1.053s] -- Checking for module 'libzmq >= 4'
[1.064s] --   Found libzmq, version 4.3.5
[1.097s] -- Found ZeroMQ: TRUE (Required is at least version "4") 
[1.102s] -- Checking for module 'uuid'
[1.114s] --   Found uuid, version 2.39.3
[1.137s] -- Found UUID: TRUE  
[1.138s] -- Looking for gz-utils2 -- found version 2.2.1
[1.138s] -- Searching for dependencies of gz-utils2
[1.138s] -- Searching for <gz-utils2> component [cli]
[1.139s] -- Looking for gz-utils2-cli -- found version 2.2.1
[1.139s] -- Searching for dependencies of gz-utils2-cli
[1.140s] -- Looking for gz-msgs10 -- found version 10.4.0
[1.143s] -- Found rclcpp: 28.1.22 (/opt/ros/jazzy/share/rclcpp/cmake)
[1.214s] -- Found rmw_implementation_cmake: 7.3.3 (/opt/ros/jazzy/share/rmw_implementation_cmake/cmake)
[1.217s] -- Found rmw_fastrtps_cpp: 8.4.4 (/opt/ros/jazzy/share/rmw_fastrtps_cpp/cmake)
[1.302s] -- Found OpenSSL: /usr/lib/x86_64-linux-gnu/libcrypto.so (found version "3.0.13")  
[1.323s] -- Found FastRTPS: /opt/ros/jazzy/include (Required is at least version "2.13") 
[1.345s] -- Using RMW implementation 'rmw_fastrtps_cpp' as default
[1.426s] -- Found ros_gz_interfaces: 1.0.24 (/opt/ros/jazzy/share/ros_gz_interfaces/cmake)
[1.455s] -- Found sensor_msgs: 5.3.8 (/opt/ros/jazzy/share/sensor_msgs/cmake)
[1.479s] -- Found tf2: 0.36.22 (/opt/ros/jazzy/share/tf2/cmake)
[1.485s] -- Found tf2_msgs: 0.36.22 (/opt/ros/jazzy/share/tf2_msgs/cmake)
[1.540s] -- Found tf2_ros: 0.36.22 (/opt/ros/jazzy/share/tf2_ros/cmake)
[1.661s] -- Configuring done (1.6s)
[1.672s] -- Generating done (0.0s)
[1.676s] -- Build files have been written to: /home/anxie/vrx_hu501_ws/build/vrx_ros
[1.684s] Invoked command in '/home/anxie/vrx_hu501_ws/build/vrx_ros' returned '0': CMAKE_PREFIX_PATH=${CMAKE_PREFIX_PATH}:/opt/ros/jazzy DEBUGINFOD_URLS=https://debuginfod.ubuntu.com /usr/bin/cmake /home/anxie/vrx_hu501_ws/src/vrx/vrx_ros -DCMAKE_INSTALL_PREFIX=/home/anxie/vrx_hu501_ws/install
[1.684s] Invoking command in '/home/anxie/vrx_hu501_ws/build/vrx_ros': CMAKE_PREFIX_PATH=${CMAKE_PREFIX_PATH}:/opt/ros/jazzy DEBUGINFOD_URLS=https://debuginfod.ubuntu.com /usr/bin/cmake --build /home/anxie/vrx_hu501_ws/build/vrx_ros -- -j16 -l16
[1.725s] [ 25%] [32mBuilding CXX object CMakeFiles/optical_frame_publisher.dir/src/optical_frame_publisher.cc.o[0m
[1.727s] [ 50%] [32mBuilding CXX object CMakeFiles/pose_tf_broadcaster.dir/src/pose_tf_broadcaster.cc.o[0m
[6.180s] [ 75%] [32m[1mLinking CXX executable pose_tf_broadcaster[0m
[6.419s] [ 75%] Built target pose_tf_broadcaster
[7.760s] [100%] [32m[1mLinking CXX executable optical_frame_publisher[0m
[8.003s] [100%] Built target optical_frame_publisher
[8.013s] Invoked command in '/home/anxie/vrx_hu501_ws/build/vrx_ros' returned '0': CMAKE_PREFIX_PATH=${CMAKE_PREFIX_PATH}:/opt/ros/jazzy DEBUGINFOD_URLS=https://debuginfod.ubuntu.com /usr/bin/cmake --build /home/anxie/vrx_hu501_ws/build/vrx_ros -- -j16 -l16
[8.013s] Invoking command in '/home/anxie/vrx_hu501_ws/build/vrx_ros': CMAKE_PREFIX_PATH=${CMAKE_PREFIX_PATH}:/opt/ros/jazzy DEBUGINFOD_URLS=https://debuginfod.ubuntu.com /usr/bin/cmake --install /home/anxie/vrx_hu501_ws/build/vrx_ros
[8.018s] -- Install configuration: ""
[8.018s] -- Installing: /home/anxie/vrx_hu501_ws/install/lib/vrx_ros/optical_frame_publisher
[8.021s] -- Set non-toolchain portion of runtime path of "/home/anxie/vrx_hu501_ws/install/lib/vrx_ros/optical_frame_publisher" to ""
[8.021s] -- Installing: /home/anxie/vrx_hu501_ws/install/lib/vrx_ros/pose_tf_broadcaster
[8.023s] -- Set non-toolchain portion of runtime path of "/home/anxie/vrx_hu501_ws/install/lib/vrx_ros/pose_tf_broadcaster" to ""
[8.023s] -- Installing: /home/anxie/vrx_hu501_ws/install/share/vrx_ros/launch
[8.023s] -- Installing: /home/anxie/vrx_hu501_ws/install/share/vrx_ros/launch/monitor_sim.py
[8.023s] -- Installing: /home/anxie/vrx_hu501_ws/install/share/ament_index/resource_index/package_run_dependencies/vrx_ros
[8.023s] -- Installing: /home/anxie/vrx_hu501_ws/install/share/ament_index/resource_index/parent_prefix_path/vrx_ros
[8.023s] -- Installing: /home/anxie/vrx_hu501_ws/install/share/vrx_ros/environment/ament_prefix_path.sh
[8.023s] -- Installing: /home/anxie/vrx_hu501_ws/install/share/vrx_ros/environment/ament_prefix_path.dsv
[8.023s] -- Installing: /home/anxie/vrx_hu501_ws/install/share/vrx_ros/environment/path.sh
[8.023s] -- Installing: /home/anxie/vrx_hu501_ws/install/share/vrx_ros/environment/path.dsv
[8.023s] -- Installing: /home/anxie/vrx_hu501_ws/install/share/vrx_ros/local_setup.bash
[8.023s] -- Installing: /home/anxie/vrx_hu501_ws/install/share/vrx_ros/local_setup.sh
[8.023s] -- Installing: /home/anxie/vrx_hu501_ws/install/share/vrx_ros/local_setup.zsh
[8.023s] -- Installing: /home/anxie/vrx_hu501_ws/install/share/vrx_ros/local_setup.dsv
[8.023s] -- Installing: /home/anxie/vrx_hu501_ws/install/share/vrx_ros/package.dsv
[8.023s] -- Installing: /home/anxie/vrx_hu501_ws/install/share/ament_index/resource_index/packages/vrx_ros
[8.023s] -- Installing: /home/anxie/vrx_hu501_ws/install/share/vrx_ros/cmake/vrx_rosConfig.cmake
[8.023s] -- Installing: /home/anxie/vrx_hu501_ws/install/share/vrx_ros/cmake/vrx_rosConfig-version.cmake
[8.023s] -- Installing: /home/anxie/vrx_hu501_ws/install/share/vrx_ros/package.xml
[8.025s] Invoked command in '/home/anxie/vrx_hu501_ws/build/vrx_ros' returned '0': CMAKE_PREFIX_PATH=${CMAKE_PREFIX_PATH}:/opt/ros/jazzy DEBUGINFOD_URLS=https://debuginfod.ubuntu.com /usr/bin/cmake --install /home/anxie/vrx_hu501_ws/build/vrx_ros
