-- Install configuration: ""
-- Up-to-date: /home/anxie/vrx_hu501_ws/install/share/wamv_gazebo/models
-- Up-to-date: /home/anxie/vrx_hu501_ws/install/share/wamv_gazebo/models/gps
-- Up-to-date: /home/anxie/vrx_hu501_ws/install/share/wamv_gazebo/models/gps/mesh
-- Up-to-date: /home/anxie/vrx_hu501_ws/install/share/wamv_gazebo/models/gps/mesh/gps.png
-- Up-to-date: /home/anxie/vrx_hu501_ws/install/share/wamv_gazebo/models/gps/mesh/gps.dae
-- Up-to-date: /home/anxie/vrx_hu501_ws/install/share/wamv_gazebo/models/gps/model.config
-- Up-to-date: /home/anxie/vrx_hu501_ws/install/share/wamv_gazebo/urdf
-- Up-to-date: /home/anxie/vrx_hu501_ws/install/share/wamv_gazebo/urdf/components
-- Up-to-date: /home/anxie/vrx_hu501_ws/install/share/wamv_gazebo/urdf/components/wamv_gps.xacro
-- Up-to-date: /home/anxie/vrx_hu501_ws/install/share/wamv_gazebo/urdf/components/ball_shooter.xacro
-- Up-to-date: /home/anxie/vrx_hu501_ws/install/share/wamv_gazebo/urdf/components/wamv_p3d.xacro
-- Up-to-date: /home/anxie/vrx_hu501_ws/install/share/wamv_gazebo/urdf/components/wamv_planar_lidar.xacro
-- Up-to-date: /home/anxie/vrx_hu501_ws/install/share/wamv_gazebo/urdf/components/wamv_pinger.xacro
-- Up-to-date: /home/anxie/vrx_hu501_ws/install/share/wamv_gazebo/urdf/components/wamv_camera.xacro
-- Up-to-date: /home/anxie/vrx_hu501_ws/install/share/wamv_gazebo/urdf/components/lidar.xacro
-- Up-to-date: /home/anxie/vrx_hu501_ws/install/share/wamv_gazebo/urdf/components/wamv_3d_lidar.xacro
-- Up-to-date: /home/anxie/vrx_hu501_ws/install/share/wamv_gazebo/urdf/components/wamv_imu.xacro
-- Up-to-date: /home/anxie/vrx_hu501_ws/install/share/wamv_gazebo/urdf/wamv_gazebo.urdf.xacro
-- Up-to-date: /home/anxie/vrx_hu501_ws/install/share/wamv_gazebo/urdf/dynamics
-- Up-to-date: /home/anxie/vrx_hu501_ws/install/share/wamv_gazebo/urdf/dynamics/wamv_gazebo_dynamics_plugin.xacro
-- Up-to-date: /home/anxie/vrx_hu501_ws/install/share/wamv_gazebo/urdf/macros.xacro
-- Up-to-date: /home/anxie/vrx_hu501_ws/install/share/wamv_gazebo/urdf/wamv_gazebo.xacro
-- Up-to-date: /home/anxie/vrx_hu501_ws/install/share/wamv_gazebo/urdf/thruster_layouts
-- Up-to-date: /home/anxie/vrx_hu501_ws/install/share/wamv_gazebo/urdf/thruster_layouts/wamv_gazebo_thruster_config.xacro
-- Up-to-date: /home/anxie/vrx_hu501_ws/install/share/wamv_gazebo/urdf/thruster_layouts/wamv_aft_thrusters.xacro
-- Up-to-date: /home/anxie/vrx_hu501_ws/install/share/wamv_gazebo/urdf/thruster_layouts/wamv_t_thrusters.xacro
-- Up-to-date: /home/anxie/vrx_hu501_ws/install/share/wamv_gazebo/urdf/thruster_layouts/wamv_x_thrusters.xacro
-- Up-to-date: /home/anxie/vrx_hu501_ws/install/share/ament_index/resource_index/package_run_dependencies/wamv_gazebo
-- Up-to-date: /home/anxie/vrx_hu501_ws/install/share/ament_index/resource_index/parent_prefix_path/wamv_gazebo
-- Up-to-date: /home/anxie/vrx_hu501_ws/install/share/wamv_gazebo/environment/ament_prefix_path.sh
-- Up-to-date: /home/anxie/vrx_hu501_ws/install/share/wamv_gazebo/environment/ament_prefix_path.dsv
-- Up-to-date: /home/anxie/vrx_hu501_ws/install/share/wamv_gazebo/environment/path.sh
-- Up-to-date: /home/anxie/vrx_hu501_ws/install/share/wamv_gazebo/environment/path.dsv
-- Up-to-date: /home/anxie/vrx_hu501_ws/install/share/wamv_gazebo/local_setup.bash
-- Up-to-date: /home/anxie/vrx_hu501_ws/install/share/wamv_gazebo/local_setup.sh
-- Up-to-date: /home/anxie/vrx_hu501_ws/install/share/wamv_gazebo/local_setup.zsh
-- Up-to-date: /home/anxie/vrx_hu501_ws/install/share/wamv_gazebo/local_setup.dsv
-- Up-to-date: /home/anxie/vrx_hu501_ws/install/share/wamv_gazebo/package.dsv
-- Up-to-date: /home/anxie/vrx_hu501_ws/install/share/ament_index/resource_index/packages/wamv_gazebo
-- Up-to-date: /home/anxie/vrx_hu501_ws/install/share/wamv_gazebo/cmake/wamv_gazeboConfig.cmake
-- Up-to-date: /home/anxie/vrx_hu501_ws/install/share/wamv_gazebo/cmake/wamv_gazeboConfig-version.cmake
-- Up-to-date: /home/anxie/vrx_hu501_ws/install/share/wamv_gazebo/package.xml
