[0.007s] Invoking command in '/home/anxie/vrx_hu501_ws/build/wamv_gazebo': CMAKE_PREFIX_PATH=${CMAKE_PREFIX_PATH}:/opt/ros/jazzy DEBUGINFOD_URLS=https://debuginfod.ubuntu.com /usr/bin/cmake --build /home/anxie/vrx_hu501_ws/build/wamv_gazebo -- -j16 -l16
[0.034s] Invoked command in '/home/anxie/vrx_hu501_ws/build/wamv_gazebo' returned '0': CMAKE_PREFIX_PATH=${CMAKE_PREFIX_PATH}:/opt/ros/jazzy DEBUGINFOD_URLS=https://debuginfod.ubuntu.com /usr/bin/cmake --build /home/anxie/vrx_hu501_ws/build/wamv_gazebo -- -j16 -l16
[0.035s] Invoking command in '/home/anxie/vrx_hu501_ws/build/wamv_gazebo': CMAKE_PREFIX_PATH=${CMAKE_PREFIX_PATH}:/opt/ros/jazzy DEBUGINFOD_URLS=https://debuginfod.ubuntu.com /usr/bin/cmake --install /home/anxie/vrx_hu501_ws/build/wamv_gazebo
[0.040s] -- Install configuration: ""
[0.040s] -- Up-to-date: /home/anxie/vrx_hu501_ws/install/share/wamv_gazebo/models
[0.040s] -- Up-to-date: /home/anxie/vrx_hu501_ws/install/share/wamv_gazebo/models/gps
[0.040s] -- Up-to-date: /home/anxie/vrx_hu501_ws/install/share/wamv_gazebo/models/gps/mesh
[0.041s] -- Up-to-date: /home/anxie/vrx_hu501_ws/install/share/wamv_gazebo/models/gps/mesh/gps.png
[0.041s] -- Up-to-date: /home/anxie/vrx_hu501_ws/install/share/wamv_gazebo/models/gps/mesh/gps.dae
[0.041s] -- Up-to-date: /home/anxie/vrx_hu501_ws/install/share/wamv_gazebo/models/gps/model.config
[0.041s] -- Up-to-date: /home/anxie/vrx_hu501_ws/install/share/wamv_gazebo/urdf
[0.041s] -- Up-to-date: /home/anxie/vrx_hu501_ws/install/share/wamv_gazebo/urdf/components
[0.041s] -- Up-to-date: /home/anxie/vrx_hu501_ws/install/share/wamv_gazebo/urdf/components/wamv_gps.xacro
[0.041s] -- Up-to-date: /home/anxie/vrx_hu501_ws/install/share/wamv_gazebo/urdf/components/ball_shooter.xacro
[0.041s] -- Up-to-date: /home/anxie/vrx_hu501_ws/install/share/wamv_gazebo/urdf/components/wamv_p3d.xacro
[0.041s] -- Up-to-date: /home/anxie/vrx_hu501_ws/install/share/wamv_gazebo/urdf/components/wamv_planar_lidar.xacro
[0.041s] -- Up-to-date: /home/anxie/vrx_hu501_ws/install/share/wamv_gazebo/urdf/components/wamv_pinger.xacro
[0.041s] -- Up-to-date: /home/anxie/vrx_hu501_ws/install/share/wamv_gazebo/urdf/components/wamv_camera.xacro
[0.041s] -- Up-to-date: /home/anxie/vrx_hu501_ws/install/share/wamv_gazebo/urdf/components/lidar.xacro
[0.042s] -- Up-to-date: /home/anxie/vrx_hu501_ws/install/share/wamv_gazebo/urdf/components/wamv_3d_lidar.xacro
[0.042s] -- Up-to-date: /home/anxie/vrx_hu501_ws/install/share/wamv_gazebo/urdf/components/wamv_imu.xacro
[0.042s] -- Up-to-date: /home/anxie/vrx_hu501_ws/install/share/wamv_gazebo/urdf/wamv_gazebo.urdf.xacro
[0.042s] -- Up-to-date: /home/anxie/vrx_hu501_ws/install/share/wamv_gazebo/urdf/dynamics
[0.042s] -- Up-to-date: /home/anxie/vrx_hu501_ws/install/share/wamv_gazebo/urdf/dynamics/wamv_gazebo_dynamics_plugin.xacro
[0.042s] -- Up-to-date: /home/anxie/vrx_hu501_ws/install/share/wamv_gazebo/urdf/macros.xacro
[0.042s] -- Up-to-date: /home/anxie/vrx_hu501_ws/install/share/wamv_gazebo/urdf/wamv_gazebo.xacro
[0.043s] -- Up-to-date: /home/anxie/vrx_hu501_ws/install/share/wamv_gazebo/urdf/thruster_layouts
[0.043s] -- Up-to-date: /home/anxie/vrx_hu501_ws/install/share/wamv_gazebo/urdf/thruster_layouts/wamv_gazebo_thruster_config.xacro
[0.043s] -- Up-to-date: /home/anxie/vrx_hu501_ws/install/share/wamv_gazebo/urdf/thruster_layouts/wamv_aft_thrusters.xacro
[0.043s] -- Up-to-date: /home/anxie/vrx_hu501_ws/install/share/wamv_gazebo/urdf/thruster_layouts/wamv_t_thrusters.xacro
[0.043s] -- Up-to-date: /home/anxie/vrx_hu501_ws/install/share/wamv_gazebo/urdf/thruster_layouts/wamv_x_thrusters.xacro
[0.043s] -- Up-to-date: /home/anxie/vrx_hu501_ws/install/share/ament_index/resource_index/package_run_dependencies/wamv_gazebo
[0.043s] -- Up-to-date: /home/anxie/vrx_hu501_ws/install/share/ament_index/resource_index/parent_prefix_path/wamv_gazebo
[0.043s] -- Up-to-date: /home/anxie/vrx_hu501_ws/install/share/wamv_gazebo/environment/ament_prefix_path.sh
[0.043s] -- Up-to-date: /home/anxie/vrx_hu501_ws/install/share/wamv_gazebo/environment/ament_prefix_path.dsv
[0.043s] -- Up-to-date: /home/anxie/vrx_hu501_ws/install/share/wamv_gazebo/environment/path.sh
[0.044s] -- Up-to-date: /home/anxie/vrx_hu501_ws/install/share/wamv_gazebo/environment/path.dsv
[0.044s] -- Up-to-date: /home/anxie/vrx_hu501_ws/install/share/wamv_gazebo/local_setup.bash
[0.044s] -- Up-to-date: /home/anxie/vrx_hu501_ws/install/share/wamv_gazebo/local_setup.sh
[0.044s] -- Up-to-date: /home/anxie/vrx_hu501_ws/install/share/wamv_gazebo/local_setup.zsh
[0.044s] -- Up-to-date: /home/anxie/vrx_hu501_ws/install/share/wamv_gazebo/local_setup.dsv
[0.044s] -- Up-to-date: /home/anxie/vrx_hu501_ws/install/share/wamv_gazebo/package.dsv
[0.044s] -- Up-to-date: /home/anxie/vrx_hu501_ws/install/share/ament_index/resource_index/packages/wamv_gazebo
[0.044s] -- Up-to-date: /home/anxie/vrx_hu501_ws/install/share/wamv_gazebo/cmake/wamv_gazeboConfig.cmake
[0.044s] -- Up-to-date: /home/anxie/vrx_hu501_ws/install/share/wamv_gazebo/cmake/wamv_gazeboConfig-version.cmake
[0.044s] -- Up-to-date: /home/anxie/vrx_hu501_ws/install/share/wamv_gazebo/package.xml
[0.044s] Invoked command in '/home/anxie/vrx_hu501_ws/build/wamv_gazebo' returned '0': CMAKE_PREFIX_PATH=${CMAKE_PREFIX_PATH}:/opt/ros/jazzy DEBUGINFOD_URLS=https://debuginfod.ubuntu.com /usr/bin/cmake --install /home/anxie/vrx_hu501_ws/build/wamv_gazebo
