-- The C compiler identification is GNU 13.3.0
-- The CXX compiler identification is GNU 13.3.0
-- Detecting C compiler ABI info
-- Detecting C compiler ABI info - done
-- Check for working C compiler: /usr/bin/cc - skipped
-- Detecting C compile features
-- Detecting C compile features - done
-- Detecting CXX compiler ABI info
-- Detecting CXX compiler ABI info - done
-- Check for working CXX compiler: /usr/bin/c++ - skipped
-- Detecting CXX compile features
-- Detecting CXX compile features - done
-- Found ament_cmake: 2.5.6 (/opt/ros/jazzy/share/ament_cmake/cmake)
-- Found Python3: /usr/bin/python3 (found version "3.12.3") found components: Interpreter 
-- Configuring done (0.6s)
-- Generating done (0.0s)
-- Build files have been written to: /home/anxie/vrx_hu501_ws/build/hu501urdf
-- Install configuration: ""
-- Installing: /home/anxie/vrx_hu501_ws/install/share/hu501urdf/urdf
-- Installing: /home/anxie/vrx_hu501_ws/install/share/hu501urdf/urdf/hu501urdf.urdf
-- Installing: /home/anxie/vrx_hu501_ws/install/share/hu501urdf/urdf/hu501urdf.urdf.xacro
-- Installing: /home/anxie/vrx_hu501_ws/install/share/hu501urdf/urdf/hu501urdf.urdf.orig
-- Installing: /home/anxie/vrx_hu501_ws/install/share/hu501urdf/urdf/hu501urdf.csv
-- Installing: /home/anxie/vrx_hu501_ws/install/share/hu501urdf/meshes
-- Installing: /home/anxie/vrx_hu501_ws/install/share/hu501urdf/meshes/thruster3_Link.STL
-- Installing: /home/anxie/vrx_hu501_ws/install/share/hu501urdf/meshes/thruster4_Link.STL
-- Installing: /home/anxie/vrx_hu501_ws/install/share/hu501urdf/meshes/thruster2_Link.STL
-- Installing: /home/anxie/vrx_hu501_ws/install/share/hu501urdf/meshes/base_link.STL
-- Installing: /home/anxie/vrx_hu501_ws/install/share/hu501urdf/meshes/thruster1_Link.STL
-- Installing: /home/anxie/vrx_hu501_ws/install/share/hu501urdf/launch
-- Installing: /home/anxie/vrx_hu501_ws/install/share/hu501urdf/launch/gazebo.launch
-- Installing: /home/anxie/vrx_hu501_ws/install/share/hu501urdf/launch/display.launch
-- Installing: /home/anxie/vrx_hu501_ws/install/share/hu501urdf/launch/dual.launch.py
-- Installing: /home/anxie/vrx_hu501_ws/install/share/hu501urdf/environment/resource_paths.dsv
-- Installing: /home/anxie/vrx_hu501_ws/install/share/ament_index/resource_index/package_run_dependencies/hu501urdf
-- Installing: /home/anxie/vrx_hu501_ws/install/share/ament_index/resource_index/parent_prefix_path/hu501urdf
-- Installing: /home/anxie/vrx_hu501_ws/install/share/hu501urdf/environment/ament_prefix_path.sh
-- Installing: /home/anxie/vrx_hu501_ws/install/share/hu501urdf/environment/ament_prefix_path.dsv
-- Installing: /home/anxie/vrx_hu501_ws/install/share/hu501urdf/environment/path.sh
-- Installing: /home/anxie/vrx_hu501_ws/install/share/hu501urdf/environment/path.dsv
-- Installing: /home/anxie/vrx_hu501_ws/install/share/hu501urdf/local_setup.bash
-- Installing: /home/anxie/vrx_hu501_ws/install/share/hu501urdf/local_setup.sh
-- Installing: /home/anxie/vrx_hu501_ws/install/share/hu501urdf/local_setup.zsh
-- Installing: /home/anxie/vrx_hu501_ws/install/share/hu501urdf/local_setup.dsv
-- Installing: /home/anxie/vrx_hu501_ws/install/share/hu501urdf/package.dsv
-- Installing: /home/anxie/vrx_hu501_ws/install/share/ament_index/resource_index/packages/hu501urdf
-- Installing: /home/anxie/vrx_hu501_ws/install/share/hu501urdf/cmake/hu501urdfConfig.cmake
-- Installing: /home/anxie/vrx_hu501_ws/install/share/hu501urdf/cmake/hu501urdfConfig-version.cmake
-- Installing: /home/anxie/vrx_hu501_ws/install/share/hu501urdf/package.xml
